[0m[[0minfo[0m] [0mLoading project definition from /home/sen/git-store/spark/project/project[0m
[0m[[0minfo[0m] [0mLoading project definition from /home/sen/.sbt/0.13/staging/ad8e8574a5bcb2d22d23/sbt-pom-reader/project[0m
[0m[[33mwarn[0m] [0mMultiple resolvers having different access mechanism configured with same name 'sbt-plugin-releases'. To avoid conflict, Remove duplicate project resolvers (`resolvers`) or rename publishing resolver (`publishTo`).[0m
[0m[[33mwarn[0m] [0mThere may be incompatibilities among your library dependencies.[0m
[0m[[33mwarn[0m] [0mHere are some of the libraries that were evicted:[0m
[0m[[33mwarn[0m] [0m	* com.typesafe.sbt:sbt-git:0.6.1 -> 0.6.2[0m
[0m[[33mwarn[0m] [0m	* com.typesafe.sbt:sbt-site:0.7.0 -> 0.7.1[0m
[0m[[33mwarn[0m] [0mRun 'evicted' to see detailed eviction warnings[0m
[0m[[0minfo[0m] [0mLoading project definition from /home/sen/git-store/spark/project[0m
[0m[[33mwarn[0m] [0mThere may be incompatibilities among your library dependencies.[0m
[0m[[33mwarn[0m] [0mHere are some of the libraries that were evicted:[0m
[0m[[33mwarn[0m] [0m	* org.apache.maven.wagon:wagon-provider-api:1.0-beta-6 -> 2.2[0m
[0m[[33mwarn[0m] [0mRun 'evicted' to see detailed eviction warnings[0m
[0m[[0minfo[0m] [0mSet current project to spark-parent (in build file:/home/sen/git-store/spark/)[0m
[0m[[33mwarn[0m] [0mThere may be incompatibilities among your library dependencies.[0m
[0m[[33mwarn[0m] [0mHere are some of the libraries that were evicted:[0m
[0m[[33mwarn[0m] [0m	* com.google.code.findbugs:jsr305:1.3.9 -> 2.0.1[0m
[0m[[33mwarn[0m] [0m	* com.google.guava:guava:11.0.2 -> 14.0.1[0m
[0m[[33mwarn[0m] [0m	* commons-net:commons-net:2.2 -> 3.1[0m
[0m[[33mwarn[0m] [0mRun 'evicted' to see detailed eviction warnings[0m
[0m[[33mwarn[0m] [0mThere may be incompatibilities among your library dependencies.[0m
[0m[[33mwarn[0m] [0mThere may be incompatibilities among your library dependencies.[0m
[0m[[33mwarn[0m] [0mHere are some of the libraries that were evicted:[0m
[0m[[33mwarn[0m] [0mHere are some of the libraries that were evicted:[0m
[0m[[33mwarn[0m] [0m	* com.google.guava:guava:11.0.2 -> 14.0.1[0m
[0m[[33mwarn[0m] [0m	* com.google.guava:guava:11.0.2 -> 14.0.1[0m
[0m[[33mwarn[0m] [0mRun 'evicted' to see detailed eviction warnings[0m
[0m[[33mwarn[0m] [0mRun 'evicted' to see detailed eviction warnings[0m
[0m[[33mwarn[0m] [0mThere may be incompatibilities among your library dependencies.[0m
[0m[[33mwarn[0m] [0mHere are some of the libraries that were evicted:[0m
[0m[[33mwarn[0m] [0m	* com.google.guava:guava:11.0.2 -> 14.0.1[0m
[0m[[33mwarn[0m] [0mRun 'evicted' to see detailed eviction warnings[0m
[0m[[33mwarn[0m] [0mThere may be incompatibilities among your library dependencies.[0m
[0m[[33mwarn[0m] [0mHere are some of the libraries that were evicted:[0m
[0m[[33mwarn[0m] [0m	* com.google.guava:guava:11.0.2 -> 14.0.1[0m
[0m[[33mwarn[0m] [0mRun 'evicted' to see detailed eviction warnings[0m
[0m[[33mwarn[0m] [0mThere may be incompatibilities among your library dependencies.[0m
[0m[[33mwarn[0m] [0mHere are some of the libraries that were evicted:[0m
[0m[[33mwarn[0m] [0m	* com.google.guava:guava:11.0.2 -> 14.0.1[0m
[0m[[33mwarn[0m] [0mRun 'evicted' to see detailed eviction warnings[0m
[0m[[0minfo[0m] [0mCompiling 1 Scala source to /home/sen/git-store/spark/mllib/target/scala-2.10/classes...[0m
[0m[[0minfo[0m] [0mRunning org.apache.spark.ml.feature.PolynomialMapper [0m
[0m[[0minfo[0m] [0mTesting number of data 1024[0m
[0m[[0minfo[0m] [0m	Testing dataset degree: 2	mapper: PolynomialMapper-V1	name: denseData[0m
[0m[[0minfo[0m] [0m		Elapsed time: 48.591317ms[0m
[0m[[0minfo[0m] [0m	Testing dataset degree: 2	mapper: PolynomialMapper-V1	name: sparseData[0m
[0m[[0minfo[0m] [0m		Elapsed time: 43.113877ms[0m
[0m[[0minfo[0m] [0m	Testing dataset degree: 2	mapper: PolynomialMapper-V2	name: denseData[0m
[0m[[0minfo[0m] [0m		Elapsed time: 38.518744ms[0m
[0m[[0minfo[0m] [0m	Testing dataset degree: 2	mapper: PolynomialMapper-V2	name: sparseData[0m
[0m[[0minfo[0m] [0m		Elapsed time: 36.946037ms[0m
[0m[[0minfo[0m] [0m	Testing dataset degree: 3	mapper: PolynomialMapper-V1	name: denseData[0m
[0m[[0minfo[0m] [0m		Elapsed time: 34.615637ms[0m
[0m[[0minfo[0m] [0m	Testing dataset degree: 3	mapper: PolynomialMapper-V1	name: sparseData[0m
[0m[[0minfo[0m] [0m		Elapsed time: 39.327571ms[0m
[0m[[0minfo[0m] [0m	Testing dataset degree: 3	mapper: PolynomialMapper-V2	name: denseData[0m
[0m[[0minfo[0m] [0m		Elapsed time: 35.640954ms[0m
[0m[[0minfo[0m] [0m	Testing dataset degree: 3	mapper: PolynomialMapper-V2	name: sparseData[0m
[0m[[0minfo[0m] [0m		Elapsed time: 38.740797ms[0m
[0m[[0minfo[0m] [0m	Testing dataset degree: 5	mapper: PolynomialMapper-V1	name: denseData[0m
[0m[[0minfo[0m] [0m		Elapsed time: 37.757011ms[0m
[0m[[0minfo[0m] [0m	Testing dataset degree: 5	mapper: PolynomialMapper-V1	name: sparseData[0m
[0m[[0minfo[0m] [0m		Elapsed time: 39.291329ms[0m
[0m[[0minfo[0m] [0m	Testing dataset degree: 5	mapper: PolynomialMapper-V2	name: denseData[0m
[0m[[0minfo[0m] [0m		Elapsed time: 34.665687ms[0m
[0m[[0minfo[0m] [0m	Testing dataset degree: 5	mapper: PolynomialMapper-V2	name: sparseData[0m
[0m[[0minfo[0m] [0m		Elapsed time: 37.758357ms[0m
[0m[[0minfo[0m] [0m	Testing dataset degree: 10	mapper: PolynomialMapper-V1	name: denseData[0m
[0m[[0minfo[0m] [0m		Elapsed time: 33.307436ms[0m
[0m[[0minfo[0m] [0m	Testing dataset degree: 10	mapper: PolynomialMapper-V1	name: sparseData[0m
[0m[[0minfo[0m] [0m		Elapsed time: 37.231837ms[0m
[0m[[0minfo[0m] [0m	Testing dataset degree: 10	mapper: PolynomialMapper-V2	name: denseData[0m
[0m[[0minfo[0m] [0m		Elapsed time: 34.794309ms[0m
[0m[[0minfo[0m] [0m	Testing dataset degree: 10	mapper: PolynomialMapper-V2	name: sparseData[0m
[0m[[0minfo[0m] [0m		Elapsed time: 37.112773ms[0m
[0m[[0minfo[0m] [0mTesting number of data 10240[0m
[0m[[0minfo[0m] [0m	Testing dataset degree: 2	mapper: PolynomialMapper-V1	name: denseData[0m
[0m[[0minfo[0m] [0m		Elapsed time: 76.447725ms[0m
[0m[[0minfo[0m] [0m	Testing dataset degree: 2	mapper: PolynomialMapper-V1	name: sparseData[0m
[0m[[0minfo[0m] [0m		Elapsed time: 98.351862ms[0m
[0m[[0minfo[0m] [0m	Testing dataset degree: 2	mapper: PolynomialMapper-V2	name: denseData[0m
[0m[[0minfo[0m] [0m		Elapsed time: 76.17611ms[0m
[0m[[0minfo[0m] [0m	Testing dataset degree: 2	mapper: PolynomialMapper-V2	name: sparseData[0m
[0m[[0minfo[0m] [0m		Elapsed time: 99.099883ms[0m
[0m[[0minfo[0m] [0m	Testing dataset degree: 3	mapper: PolynomialMapper-V1	name: denseData[0m
[0m[[0minfo[0m] [0m		Elapsed time: 76.661511ms[0m
[0m[[0minfo[0m] [0m	Testing dataset degree: 3	mapper: PolynomialMapper-V1	name: sparseData[0m
[0m[[0minfo[0m] [0m		Elapsed time: 99.442798ms[0m
[0m[[0minfo[0m] [0m	Testing dataset degree: 3	mapper: PolynomialMapper-V2	name: denseData[0m
[0m[[0minfo[0m] [0m		Elapsed time: 76.607076ms[0m
[0m[[0minfo[0m] [0m	Testing dataset degree: 3	mapper: PolynomialMapper-V2	name: sparseData[0m
[0m[[0minfo[0m] [0m		Elapsed time: 99.722276ms[0m
[0m[[0minfo[0m] [0m	Testing dataset degree: 5	mapper: PolynomialMapper-V1	name: denseData[0m
[0m[[0minfo[0m] [0m		Elapsed time: 76.337466ms[0m
[0m[[0minfo[0m] [0m	Testing dataset degree: 5	mapper: PolynomialMapper-V1	name: sparseData[0m
[0m[[0minfo[0m] [0m		Elapsed time: 99.550001ms[0m
[0m[[0minfo[0m] [0m	Testing dataset degree: 5	mapper: PolynomialMapper-V2	name: denseData[0m
[0m[[0minfo[0m] [0m		Elapsed time: 76.633637ms[0m
[0m[[0minfo[0m] [0m	Testing dataset degree: 5	mapper: PolynomialMapper-V2	name: sparseData[0m
[0m[[0minfo[0m] [0m		Elapsed time: 98.995122ms[0m
[0m[[0minfo[0m] [0m	Testing dataset degree: 10	mapper: PolynomialMapper-V1	name: denseData[0m
[0m[[0minfo[0m] [0m		Elapsed time: 77.281723ms[0m
[0m[[0minfo[0m] [0m	Testing dataset degree: 10	mapper: PolynomialMapper-V1	name: sparseData[0m
[0m[[0minfo[0m] [0m		Elapsed time: 100.623104ms[0m
[0m[[0minfo[0m] [0m	Testing dataset degree: 10	mapper: PolynomialMapper-V2	name: denseData[0m
[0m[[0minfo[0m] [0m		Elapsed time: 76.444839ms[0m
[0m[[0minfo[0m] [0m	Testing dataset degree: 10	mapper: PolynomialMapper-V2	name: sparseData[0m
[0m[[0minfo[0m] [0m		Elapsed time: 99.626543ms[0m
[0m[[0minfo[0m] [0mTesting number of data 102400[0m
[0m[[31merror[0m] [0m[0m
[0m[[31merror[0m] [0m[Stage 12808:>                                                     (0 + 4) / 12][0m
[0m[[31merror[0m] [0m[Stage 12808:>                                                     (0 + 7) / 12][0m
[0m[[31merror[0m] [0m[Stage 12808:======================>                               (5 + 4) / 12][0m
[0m[[31merror[0m] [0m[Stage 12808:===============================>                      (7 + 4) / 12][0m
[0m[[31merror[0m] [0m                                                                                [0m
[0m[[31merror[0m] [0m[0m
[0m[[31merror[0m] [0m[Stage 12810:>                                                     (0 + 4) / 12][0m
[0m[[31merror[0m] [0m[Stage 12810:>                                                     (0 + 6) / 12][0m
[0m[[31merror[0m] [0m[Stage 12810:==================>                                   (4 + 4) / 12][0m
[0m[[31merror[0m] [0m[Stage 12810:===========================>                          (6 + 4) / 12][0m
[0m[[31merror[0m] [0m[Stage 12810:========================================>             (9 + 3) / 12][0m
[0m[[0minfo[0m] [0m	Testing dataset degree: 2	mapper: PolynomialMapper-V1	name: denseData[0m
[0m[[31merror[0m] [0m                                                                                [0m
[0m[[0minfo[0m] [0m		Elapsed time: 459.402129ms[0m
[0m[[0minfo[0m] [0m	Testing dataset degree: 2	mapper: PolynomialMapper-V1	name: sparseData[0m
[0m[[31merror[0m] [0m[0m
[0m[[31merror[0m] [0m[Stage 13212:===============================>                      (7 + 4) / 12][0m
[0m[[31merror[0m] [0m                                                                                [0m
[0m[[31merror[0m] [0m[0m
[0m[[31merror[0m] [0m[Stage 13214:============================================>        (10 + 2) / 12][0m
[0m[[31merror[0m] [0m                                                                                [0m
[0m[[31merror[0m] [0m[0m
[0m[[31merror[0m] [0m[Stage 13216:===========================>                          (6 + 4) / 12][0m
[0m[[31merror[0m] [0m                                                                                [0m
[0m[[31merror[0m] [0m[0m
[0m[[31merror[0m] [0m[Stage 13218:==================>                                   (4 + 5) / 12][0m
[0m[[31merror[0m] [0m[Stage 13218:================================================>    (11 + 1) / 12][0m
[0m[[31merror[0m] [0m                                                                                [0m
[0m[[31merror[0m] [0m[0m
[0m[[31merror[0m] [0m[Stage 13220:===============================>                      (7 + 4) / 12][0m
[0m[[31merror[0m] [0m                                                                                [0m
[0m[[31merror[0m] [0m[0m
[0m[[31merror[0m] [0m[Stage 13222:========================================>             (9 + 3) / 12][0m
[0m[[31merror[0m] [0m                                                                                [0m
[0m[[31merror[0m] [0m[0m
[0m[[31merror[0m] [0m[Stage 13224:======================>                               (5 + 4) / 12][0m
[0m[[31merror[0m] [0m[Stage 13224:============================================>        (10 + 2) / 12][0m
[0m[[31merror[0m] [0m                                                                                [0m
[0m[[31merror[0m] [0m[0m
[0m[[31merror[0m] [0m[Stage 13226:======================>                               (5 + 4) / 12][0m
[0m[[31merror[0m] [0m[Stage 13226:========================================>             (9 + 3) / 12][0m
[0m[[31merror[0m] [0m                                                                                [0m
[0m[[31merror[0m] [0m[0m
[0m[[31merror[0m] [0m[Stage 13228:==================>                                   (4 + 5) / 12][0m
[0m[[31merror[0m] [0m[Stage 13228:================================================>    (11 + 1) / 12][0m
[0m[[31merror[0m] [0m                                                                                [0m
[0m[[31merror[0m] [0m[0m
[0m[[31merror[0m] [0m[Stage 13230:======================>                               (5 + 5) / 12][0m
[0m[[31merror[0m] [0m                                                                                [0m
[0m[[31merror[0m] [0m[0m
[0m[[31merror[0m] [0m[Stage 13232:>                                                     (0 + 7) / 12][0m
[0m[[31merror[0m] [0m[Stage 13232:===========================>                          (6 + 5) / 12][0m
[0m[[31merror[0m] [0m                                                                                [0m
[0m[[31merror[0m] [0m[0m
[0m[[31merror[0m] [0m[Stage 13234:============================================>        (10 + 2) / 12][0m
[0m[[31merror[0m] [0m                                                                                [0m
[0m[[31merror[0m] [0m[0m
[0m[[31merror[0m] [0m[Stage 13236:===========================>                          (6 + 4) / 12][0m
[0m[[31merror[0m] [0m                                                                                [0m
[0m[[31merror[0m] [0m[0m
[0m[[31merror[0m] [0m[Stage 13238:===============================>                      (7 + 4) / 12][0m
[0m[[31merror[0m] [0m                                                                                [0m
[0m[[31merror[0m] [0m[0m
[0m[[31merror[0m] [0m[Stage 13240:===========================>                          (6 + 5) / 12][0m
[0m[[31merror[0m] [0m                                                                                [0m
[0m[[31merror[0m] [0m[0m
[0m[[31merror[0m] [0m[Stage 13242:================================================>    (11 + 1) / 12][0m
[0m[[31merror[0m] [0m                                                                                [0m
[0m[[31merror[0m] [0m[0m
[0m[[31merror[0m] [0m[Stage 13244:===========================>                          (6 + 4) / 12][0m
[0m[[31merror[0m] [0m                                                                                [0m
[0m[[31merror[0m] [0m[0m
[0m[[31merror[0m] [0m[Stage 13246:============================================>        (10 + 2) / 12][0m
[0m[[31merror[0m] [0m                                                                                [0m
[0m[[31merror[0m] [0m[0m
[0m[[31merror[0m] [0m[Stage 13248:======================>                               (5 + 5) / 12][0m
[0m[[31merror[0m] [0m                                                                                [0m
[0m[[31merror[0m] [0m[0m
[0m[[31merror[0m] [0m[Stage 13250:========================================>             (9 + 3) / 12][0m
[0m[[31merror[0m] [0m                                                                                [0m
[0m[[31merror[0m] [0m[0m
[0m[[31merror[0m] [0m[Stage 13252:============================================>        (10 + 2) / 12][0m
[0m[[31merror[0m] [0m                                                                                [0m
[0m[[31merror[0m] [0m[0m
[0m[[31merror[0m] [0m[Stage 13254:============================================>        (10 + 2) / 12][0m
[0m[[31merror[0m] [0m                                                                                [0m
[0m[[31merror[0m] [0m[0m
[0m[[31merror[0m] [0m[Stage 13256:============================================>        (10 + 2) / 12][0m
[0m[[31merror[0m] [0m                                                                                [0m
[0m[[31merror[0m] [0m[0m
[0m[[31merror[0m] [0m[Stage 13258:===========================>                          (6 + 4) / 12][0m
[0m[[31merror[0m] [0m                                                                                [0m
[0m[[31merror[0m] [0m[0m
[0m[[31merror[0m] [0m[Stage 13260:============================================>        (10 + 2) / 12][0m
[0m[[31merror[0m] [0m                                                                                [0m
[0m[[31merror[0m] [0m[0m
[0m[[31merror[0m] [0m[Stage 13262:======================>                               (5 + 4) / 12][0m
[0m[[31merror[0m] [0m                                                                                [0m
[0m[[31merror[0m] [0m[0m
[0m[[31merror[0m] [0m[Stage 13264:===========================>                          (6 + 5) / 12][0m
[0m[[31merror[0m] [0m                                                                                [0m
[0m[[31merror[0m] [0m[0m
[0m[[31merror[0m] [0m[Stage 13266:============================================>        (10 + 2) / 12][0m
[0m[[31merror[0m] [0m                                                                                [0m
[0m[[31merror[0m] [0m[0m
[0m[[31merror[0m] [0m[Stage 13270:======================>                               (5 + 6) / 12][0m
[0m[[31merror[0m] [0m                                                                                [0m
[0m[[31merror[0m] [0m[0m
[0m[[31merror[0m] [0m[Stage 13272:============================================>        (10 + 2) / 12][0m
[0m[[31merror[0m] [0m                                                                                [0m
[0m[[31merror[0m] [0m[0m
[0m[[31merror[0m] [0m[Stage 13274:===========================>                          (6 + 4) / 12][0m
[0m[[31merror[0m] [0m                                                                                [0m
[0m[[31merror[0m] [0m[0m
[0m[[31merror[0m] [0m[Stage 13276:========================================>             (9 + 3) / 12][0m
[0m[[31merror[0m] [0m                                                                                [0m
[0m[[31merror[0m] [0m[0m
[0m[[31merror[0m] [0m[Stage 13278:================================================>    (11 + 1) / 12][0m
[0m[[31merror[0m] [0m                                                                                [0m
[0m[[31merror[0m] [0m[0m
[0m[[31merror[0m] [0m[Stage 13280:======================>                               (5 + 5) / 12][0m
[0m[[31merror[0m] [0m                                                                                [0m
[0m[[31merror[0m] [0m[0m
[0m[[31merror[0m] [0m[Stage 13282:===========================>                          (6 + 5) / 12][0m
[0m[[31merror[0m] [0m                                                                                [0m
[0m[[31merror[0m] [0m[0m
[0m[[31merror[0m] [0m[Stage 13284:========================================>             (9 + 3) / 12][0m
[0m[[31merror[0m] [0m                                                                                [0m
[0m[[31merror[0m] [0m[0m
[0m[[31merror[0m] [0m[Stage 13286:===========================>                          (6 + 4) / 12][0m
[0m[[31merror[0m] [0m[Stage 13286:================================================>    (11 + 1) / 12][0m
[0m[[31merror[0m] [0m                                                                                [0m
[0m[[31merror[0m] [0m[0m
[0m[[31merror[0m] [0m[Stage 13288:======================>                               (5 + 5) / 12][0m
[0m[[31merror[0m] [0m                                                                                [0m
[0m[[31merror[0m] [0m[0m
[0m[[31merror[0m] [0m[Stage 13290:========================================>             (9 + 3) / 12][0m
[0m[[31merror[0m] [0m                                                                                [0m
[0m[[31merror[0m] [0m[0m
[0m[[31merror[0m] [0m[Stage 13292:==================>                                   (4 + 5) / 12][0m
[0m[[31merror[0m] [0m[Stage 13292:================================================>    (11 + 1) / 12][0m
[0m[[31merror[0m] [0m                                                                                [0m
[0m[[31merror[0m] [0m[0m
[0m[[31merror[0m] [0m[Stage 13294:===========================>                          (6 + 4) / 12][0m
[0m[[31merror[0m] [0m                                                                                [0m
[0m[[31merror[0m] [0m[0m
[0m[[31merror[0m] [0m[Stage 13296:===========================>                          (6 + 5) / 12][0m
[0m[[31merror[0m] [0m                                                                                [0m
[0m[[31merror[0m] [0m[0m
[0m[[31merror[0m] [0m[Stage 13298:========================================>             (9 + 3) / 12][0m
[0m[[31merror[0m] [0m                                                                                [0m
[0m[[31merror[0m] [0m[0m
[0m[[31merror[0m] [0m[Stage 13300:======================>                               (5 + 4) / 12][0m
[0m[[31merror[0m] [0m[Stage 13300:================================================>    (11 + 1) / 12][0m
[0m[[31merror[0m] [0m                                                                                [0m
[0m[[31merror[0m] [0m[0m
[0m[[31merror[0m] [0m[Stage 13302:===========================>                          (6 + 4) / 12][0m
[0m[[31merror[0m] [0m                                                                                [0m
[0m[[31merror[0m] [0m[0m
[0m[[31merror[0m] [0m[Stage 13304:===============================>                      (7 + 4) / 12][0m
[0m[[31merror[0m] [0m                                                                                [0m
[0m[[31merror[0m] [0m[0m
[0m[[31merror[0m] [0m[Stage 13306:===========================>                          (6 + 5) / 12][0m
[0m[[31merror[0m] [0m                                                                                [0m
[0m[[31merror[0m] [0m[0m
[0m[[31merror[0m] [0m[Stage 13308:============================================>        (10 + 2) / 12][0m
[0m[[31merror[0m] [0m                                                                                [0m
[0m[[31merror[0m] [0m[0m
[0m[[31merror[0m] [0m[Stage 13310:======================>                               (5 + 4) / 12][0m
[0m[[31merror[0m] [0m[Stage 13310:================================================>    (11 + 1) / 12][0m
[0m[[31merror[0m] [0m                                                                                [0m
[0m[[31merror[0m] [0m[0m
[0m[[31merror[0m] [0m[Stage 13312:======================>                               (5 + 5) / 12][0m
[0m[[31merror[0m] [0m                                                                                [0m
[0m[[31merror[0m] [0m[0m
[0m[[31merror[0m] [0m[Stage 13314:============================================>        (10 + 2) / 12][0m
[0m[[31merror[0m] [0m                                                                                [0m
[0m[[31merror[0m] [0m[0m
[0m[[31merror[0m] [0m[Stage 13316:===========================>                          (6 + 4) / 12][0m
[0m[[31merror[0m] [0m                                                                                [0m
[0m[[31merror[0m] [0m[0m
[0m[[31merror[0m] [0m[Stage 13318:============================================>        (10 + 2) / 12][0m
[0m[[31merror[0m] [0m                                                                                [0m
[0m[[31merror[0m] [0m[0m
[0m[[31merror[0m] [0m[Stage 13320:======================>                               (5 + 5) / 12][0m
[0m[[31merror[0m] [0m                                                                                [0m
[0m[[31merror[0m] [0m[0m
[0m[[31merror[0m] [0m[Stage 13322:============================================>        (10 + 2) / 12][0m
[0m[[31merror[0m] [0m                                                                                [0m
[0m[[31merror[0m] [0m[0m
[0m[[31merror[0m] [0m[Stage 13326:==================>                                   (4 + 7) / 12][0m
[0m[[31merror[0m] [0m                                                                                [0m
[0m[[31merror[0m] [0m[0m
[0m[[31merror[0m] [0m[Stage 13328:================================================>    (11 + 1) / 12][0m
[0m[[31merror[0m] [0m                                                                                [0m
[0m[[31merror[0m] [0m[0m
[0m[[31merror[0m] [0m[Stage 13330:===========================>                          (6 + 5) / 12][0m
[0m[[31merror[0m] [0m                                                                                [0m
[0m[[31merror[0m] [0m[0m
[0m[[31merror[0m] [0m[Stage 13332:============================================>        (10 + 2) / 12][0m
[0m[[31merror[0m] [0m                                                                                [0m
[0m[[31merror[0m] [0m[0m
[0m[[31merror[0m] [0m[Stage 13334:======================>                               (5 + 5) / 12][0m
[0m[[31merror[0m] [0m                                                                                [0m
[0m[[31merror[0m] [0m[0m
[0m[[31merror[0m] [0m[Stage 13336:============================================>        (10 + 2) / 12][0m
[0m[[31merror[0m] [0m                                                                                [0m
[0m[[31merror[0m] [0m[0m
[0m[[31merror[0m] [0m[Stage 13338:>                                                     (0 + 9) / 12][0m
[0m[[31merror[0m] [0m                                                                                [0m
[0m[[31merror[0m] [0m[0m
[0m[[31merror[0m] [0m[Stage 13340:===========================>                          (6 + 5) / 12][0m
[0m[[31merror[0m] [0m                                                                                [0m
[0m[[31merror[0m] [0m[0m
[0m[[31merror[0m] [0m[Stage 13342:============================================>        (10 + 2) / 12][0m
[0m[[31merror[0m] [0m                                                                                [0m
[0m[[31merror[0m] [0m[0m
[0m[[31merror[0m] [0m[Stage 13344:===========================>                          (6 + 4) / 12][0m
[0m[[31merror[0m] [0m                                                                                [0m
[0m[[31merror[0m] [0m[0m
[0m[[31merror[0m] [0m[Stage 13346:============================================>        (10 + 2) / 12][0m
[0m[[31merror[0m] [0m                                                                                [0m
[0m[[31merror[0m] [0m[0m
[0m[[31merror[0m] [0m[Stage 13348:===========================>                          (6 + 4) / 12][0m
[0m[[31merror[0m] [0m[Stage 13348:================================================>    (11 + 1) / 12][0m
[0m[[31merror[0m] [0m                                                                                [0m
[0m[[31merror[0m] [0m[0m
[0m[[31merror[0m] [0m[Stage 13350:===========================>                          (6 + 5) / 12][0m
[0m[[31merror[0m] [0m                                                                                [0m
[0m[[31merror[0m] [0m[0m
[0m[[31merror[0m] [0m[Stage 13354:========================================>             (9 + 3) / 12][0m
[0m[[31merror[0m] [0m                                                                                [0m
[0m[[31merror[0m] [0m[0m
[0m[[31merror[0m] [0m[Stage 13356:================================================>    (11 + 1) / 12][0m
[0m[[31merror[0m] [0m                                                                                [0m
[0m[[31merror[0m] [0m[0m
[0m[[31merror[0m] [0m[Stage 13358:===========================>                          (6 + 5) / 12][0m
[0m[[31merror[0m] [0m                                                                                [0m
[0m[[31merror[0m] [0m[0m
[0m[[31merror[0m] [0m[Stage 13360:========================================>             (9 + 3) / 12][0m
[0m[[31merror[0m] [0m                                                                                [0m
[0m[[31merror[0m] [0m[0m
[0m[[31merror[0m] [0m[Stage 13362:================================================>    (11 + 1) / 12][0m
[0m[[31merror[0m] [0m                                                                                [0m
[0m[[31merror[0m] [0m[0m
[0m[[31merror[0m] [0m[Stage 13364:==================>                                   (4 + 5) / 12][0m
[0m[[31merror[0m] [0m                                                                                [0m
[0m[[31merror[0m] [0m[0m
[0m[[31merror[0m] [0m[Stage 13366:======================>                               (5 + 6) / 12][0m
[0m[[31merror[0m] [0m                                                                                [0m
[0m[[31merror[0m] [0m[0m
[0m[[31merror[0m] [0m[Stage 13368:========================================>             (9 + 3) / 12][0m
[0m[[31merror[0m] [0m                                                                                [0m
[0m[[31merror[0m] [0m[0m
[0m[[31merror[0m] [0m[Stage 13370:================================================>    (11 + 1) / 12][0m
[0m[[31merror[0m] [0m                                                                                [0m
[0m[[31merror[0m] [0m[0m
[0m[[31merror[0m] [0m[Stage 13372:======================>                               (5 + 5) / 12][0m
[0m[[31merror[0m] [0m                                                                                [0m
[0m[[31merror[0m] [0m[0m
[0m[[31merror[0m] [0m[Stage 13374:===============================>                      (7 + 4) / 12][0m
[0m[[31merror[0m] [0m                                                                                [0m
[0m[[31merror[0m] [0m[0m
[0m[[31merror[0m] [0m[Stage 13378:===========================>                          (6 + 5) / 12][0m
[0m[[31merror[0m] [0m                                                                                [0m
[0m[[31merror[0m] [0m[0m
[0m[[31merror[0m] [0m[Stage 13380:============================================>        (10 + 2) / 12][0m
[0m[[31merror[0m] [0m                                                                                [0m
[0m[[31merror[0m] [0m[0m
[0m[[31merror[0m] [0m[Stage 13382:======================>                               (5 + 5) / 12][0m
[0m[[31merror[0m] [0m                                                                                [0m
[0m[[31merror[0m] [0m[0m
[0m[[31merror[0m] [0m[Stage 13384:========================================>             (9 + 3) / 12][0m
[0m[[31merror[0m] [0m                                                                                [0m
[0m[[31merror[0m] [0m[0m
[0m[[31merror[0m] [0m[Stage 13388:============================================>        (10 + 2) / 12][0m
[0m[[31merror[0m] [0m                                                                                [0m
[0m[[31merror[0m] [0m[0m
[0m[[31merror[0m] [0m[Stage 13390:======================>                               (5 + 4) / 12][0m
[0m[[31merror[0m] [0m                                                                                [0m
[0m[[31merror[0m] [0m[0m
[0m[[31merror[0m] [0m[Stage 13392:============================================>        (10 + 2) / 12][0m
[0m[[31merror[0m] [0m                                                                                [0m
[0m[[31merror[0m] [0m[0m
[0m[[31merror[0m] [0m[Stage 13394:================================================>    (11 + 1) / 12][0m
[0m[[31merror[0m] [0m                                                                                [0m
[0m[[31merror[0m] [0m[0m
[0m[[31merror[0m] [0m[Stage 13396:===========================>                          (6 + 5) / 12][0m
[0m[[31merror[0m] [0m                                                                                [0m
[0m[[31merror[0m] [0m[0m
[0m[[31merror[0m] [0m[Stage 13398:===============================>                      (7 + 4) / 12][0m
[0m[[31merror[0m] [0m                                                                                [0m
[0m[[31merror[0m] [0m[0m
[0m[[31merror[0m] [0m[Stage 13400:================================================>    (11 + 1) / 12][0m
[0m[[31merror[0m] [0m                                                                                [0m
[0m[[31merror[0m] [0m[0m
[0m[[31merror[0m] [0m[Stage 13402:======================>                               (5 + 5) / 12][0m
[0m[[31merror[0m] [0m                                                                                [0m
[0m[[31merror[0m] [0m[0m
[0m[[31merror[0m] [0m[Stage 13404:========================================>             (9 + 3) / 12][0m
[0m[[31merror[0m] [0m                                                                                [0m
[0m[[31merror[0m] [0m[0m
[0m[[31merror[0m] [0m[Stage 13406:===========================>                          (6 + 4) / 12][0m
[0m[[31merror[0m] [0m                                                                                [0m
[0m[[31merror[0m] [0m[0m
[0m[[31merror[0m] [0m[Stage 13408:======================>                               (5 + 6) / 12][0m
[0m[[31merror[0m] [0m                                                                                [0m
[0m[[31merror[0m] [0m[0m
[0m[[31merror[0m] [0m[Stage 13410:========================================>             (9 + 3) / 12][0m
[0m[[31merror[0m] [0m                                                                                [0m
[0m[[31merror[0m] [0m[0m
[0m[[31merror[0m] [0m[Stage 13412:======================>                               (5 + 4) / 12][0m
[0m[[31merror[0m] [0m[Stage 13412:================================================>    (11 + 1) / 12][0m
[0m[[31merror[0m] [0m                                                                                [0m
[0m[[31merror[0m] [0m[0m
[0m[[31merror[0m] [0m[Stage 13414:===============================>                      (7 + 4) / 12][0m
[0m[[31merror[0m] [0m                                                                                [0m
[0m[[31merror[0m] [0m[0m
[0m[[31merror[0m] [0m[Stage 13416:===========================>                          (6 + 5) / 12][0m
[0m[[31merror[0m] [0m                                                                                [0m
[0m[[31merror[0m] [0m[0m
[0m[[31merror[0m] [0m[Stage 13418:================================================>    (11 + 1) / 12][0m
[0m[[31merror[0m] [0m                                                                                [0m
[0m[[31merror[0m] [0m[0m
[0m[[31merror[0m] [0m[Stage 13420:===========================>                          (6 + 4) / 12][0m
[0m[[31merror[0m] [0m                                                                                [0m
[0m[[31merror[0m] [0m[0m
[0m[[31merror[0m] [0m[Stage 13422:============================================>        (10 + 2) / 12][0m
[0m[[31merror[0m] [0m                                                                                [0m
[0m[[31merror[0m] [0m[0m
[0m[[31merror[0m] [0m[Stage 13424:================================================>    (11 + 1) / 12][0m
[0m[[31merror[0m] [0m                                                                                [0m
[0m[[31merror[0m] [0m[0m
[0m[[31merror[0m] [0m[Stage 13426:======================>                               (5 + 5) / 12][0m
[0m[[31merror[0m] [0m                                                                                [0m
[0m[[31merror[0m] [0m[0m
[0m[[31merror[0m] [0m[Stage 13428:==================>                                   (4 + 6) / 12][0m
[0m[[31merror[0m] [0m                                                                                [0m
[0m[[31merror[0m] [0m[0m
[0m[[31merror[0m] [0m[Stage 13430:========================================>             (9 + 3) / 12][0m
[0m[[31merror[0m] [0m                                                                                [0m
[0m[[31merror[0m] [0m[0m
[0m[[31merror[0m] [0m[Stage 13432:===========================>                          (6 + 4) / 12][0m
[0m[[31merror[0m] [0m                                                                                [0m
[0m[[31merror[0m] [0m[0m
[0m[[31merror[0m] [0m[Stage 13434:========================================>             (9 + 3) / 12][0m
[0m[[31merror[0m] [0m                                                                                [0m
[0m[[31merror[0m] [0m[0m
[0m[[31merror[0m] [0m[Stage 13436:========================================>             (9 + 3) / 12][0m
[0m[[31merror[0m] [0m                                                                                [0m
[0m[[31merror[0m] [0m[0m
[0m[[31merror[0m] [0m[Stage 13438:==================>                                   (4 + 4) / 12][0m
[0m[[31merror[0m] [0m[Stage 13438:============================================>        (10 + 2) / 12][0m
[0m[[31merror[0m] [0m                                                                                [0m
[0m[[31merror[0m] [0m[0m
[0m[[31merror[0m] [0m[Stage 13440:===========================>                          (6 + 4) / 12][0m
[0m[[31merror[0m] [0m                                                                                [0m
[0m[[31merror[0m] [0m[0m
[0m[[31merror[0m] [0m[Stage 13442:===============================>                      (7 + 4) / 12][0m
[0m[[31merror[0m] [0m                                                                                [0m
[0m[[31merror[0m] [0m[0m
[0m[[31merror[0m] [0m[Stage 13444:===============================>                      (7 + 4) / 12][0m
[0m[[31merror[0m] [0m                                                                                [0m
[0m[[31merror[0m] [0m[0m
[0m[[31merror[0m] [0m[Stage 13446:================================================>    (11 + 1) / 12][0m
[0m[[31merror[0m] [0m                                                                                [0m
[0m[[31merror[0m] [0m[0m
[0m[[31merror[0m] [0m[Stage 13448:===============================>                      (7 + 4) / 12][0m
[0m[[31merror[0m] [0m                                                                                [0m
[0m[[31merror[0m] [0m[0m
[0m[[31merror[0m] [0m[Stage 13450:================================================>    (11 + 1) / 12][0m
[0m[[31merror[0m] [0m                                                                                [0m
[0m[[31merror[0m] [0m[0m
[0m[[31merror[0m] [0m[Stage 13452:===========================>                          (6 + 4) / 12][0m
[0m[[31merror[0m] [0m                                                                                [0m
[0m[[31merror[0m] [0m[0m
[0m[[31merror[0m] [0m[Stage 13454:================================================>    (11 + 1) / 12][0m
[0m[[31merror[0m] [0m                                                                                [0m
[0m[[31merror[0m] [0m[0m
[0m[[31merror[0m] [0m[Stage 13456:===========================>                          (6 + 4) / 12][0m
[0m[[31merror[0m] [0m                                                                                [0m
[0m[[31merror[0m] [0m[0m
[0m[[31merror[0m] [0m[Stage 13458:===========================>                          (6 + 4) / 12][0m
[0m[[31merror[0m] [0m                                                                                [0m
[0m[[31merror[0m] [0m[0m
[0m[[31merror[0m] [0m[Stage 13460:================================================>    (11 + 1) / 12][0m
[0m[[31merror[0m] [0m                                                                                [0m
[0m[[31merror[0m] [0m[0m
[0m[[31merror[0m] [0m[Stage 13462:======================>                               (5 + 5) / 12][0m
[0m[[31merror[0m] [0m                                                                                [0m
[0m[[31merror[0m] [0m[0m
[0m[[31merror[0m] [0m[Stage 13464:============================================>        (10 + 2) / 12][0m
[0m[[31merror[0m] [0m                                                                                [0m
[0m[[31merror[0m] [0m[0m
[0m[[31merror[0m] [0m[Stage 13466:======================>                               (5 + 4) / 12][0m
[0m[[31merror[0m] [0m[Stage 13466:============================================>        (10 + 2) / 12][0m
[0m[[31merror[0m] [0m                                                                                [0m
[0m[[31merror[0m] [0m[0m
[0m[[31merror[0m] [0m[Stage 13468:======================>                               (5 + 5) / 12][0m
[0m[[31merror[0m] [0m                                                                                [0m
[0m[[31merror[0m] [0m[0m
[0m[[31merror[0m] [0m[Stage 13470:===========================>                          (6 + 5) / 12][0m
[0m[[31merror[0m] [0m                                                                                [0m
[0m[[31merror[0m] [0m[0m
[0m[[31merror[0m] [0m[Stage 13472:============================================>        (10 + 2) / 12][0m
[0m[[31merror[0m] [0m                                                                                [0m
[0m[[31merror[0m] [0m[0m
[0m[[31merror[0m] [0m[Stage 13474:======================>                               (5 + 5) / 12][0m
[0m[[31merror[0m] [0m                                                                                [0m
[0m[[31merror[0m] [0m[0m
[0m[[31merror[0m] [0m[Stage 13476:===========================>                          (6 + 5) / 12][0m
[0m[[31merror[0m] [0m                                                                                [0m
[0m[[31merror[0m] [0m[0m
[0m[[31merror[0m] [0m[Stage 13478:============================================>        (10 + 2) / 12][0m
[0m[[31merror[0m] [0m                                                                                [0m
[0m[[31merror[0m] [0m[0m
[0m[[31merror[0m] [0m[Stage 13480:===========================>                          (6 + 4) / 12][0m
[0m[[31merror[0m] [0m[Stage 13480:================================================>    (11 + 1) / 12][0m
[0m[[31merror[0m] [0m                                                                                [0m
[0m[[31merror[0m] [0m[0m
[0m[[31merror[0m] [0m[Stage 13482:===========================>                          (6 + 5) / 12][0m
[0m[[31merror[0m] [0m                                                                                [0m
[0m[[31merror[0m] [0m[0m
[0m[[31merror[0m] [0m[Stage 13484:============================================>        (10 + 2) / 12][0m
[0m[[31merror[0m] [0m                                                                                [0m
[0m[[31merror[0m] [0m[0m
[0m[[31merror[0m] [0m[Stage 13486:==================>                                   (4 + 5) / 12][0m
[0m[[31merror[0m] [0m[Stage 13486:============================================>        (10 + 2) / 12][0m
[0m[[31merror[0m] [0m                                                                                [0m
[0m[[31merror[0m] [0m[0m
[0m[[31merror[0m] [0m[Stage 13488:===============================>                      (7 + 4) / 12][0m
[0m[[31merror[0m] [0m                                                                                [0m
[0m[[31merror[0m] [0m[0m
[0m[[31merror[0m] [0m[Stage 13490:========================================>             (9 + 3) / 12][0m
[0m[[31merror[0m] [0m                                                                                [0m
[0m[[31merror[0m] [0m[0m
[0m[[31merror[0m] [0m[Stage 13492:================================================>    (11 + 1) / 12][0m
[0m[[31merror[0m] [0m                                                                                [0m
[0m[[31merror[0m] [0m[0m
[0m[[31merror[0m] [0m[Stage 13494:===============================>                      (7 + 4) / 12][0m
[0m[[31merror[0m] [0m                                                                                [0m
[0m[[31merror[0m] [0m[0m
[0m[[31merror[0m] [0m[Stage 13496:================================================>    (11 + 1) / 12][0m
[0m[[31merror[0m] [0m                                                                                [0m
[0m[[31merror[0m] [0m[0m
[0m[[31merror[0m] [0m[Stage 13498:===========================>                          (6 + 5) / 12][0m
[0m[[31merror[0m] [0m                                                                                [0m
[0m[[31merror[0m] [0m[0m
[0m[[31merror[0m] [0m[Stage 13500:===========================>                          (6 + 5) / 12][0m
[0m[[31merror[0m] [0m                                                                                [0m
[0m[[31merror[0m] [0m[0m
[0m[[31merror[0m] [0m[Stage 13502:================================================>    (11 + 1) / 12][0m
[0m[[31merror[0m] [0m                                                                                [0m
[0m[[31merror[0m] [0m[0m
[0m[[31merror[0m] [0m[Stage 13504:===============================>                      (7 + 4) / 12][0m
[0m[[31merror[0m] [0m                                                                                [0m
[0m[[31merror[0m] [0m[0m
[0m[[31merror[0m] [0m[Stage 13506:==================>                                   (4 + 7) / 12][0m
[0m[[31merror[0m] [0m                                                                                [0m
[0m[[31merror[0m] [0m[0m
[0m[[31merror[0m] [0m[Stage 13508:================================================>    (11 + 1) / 12][0m
[0m[[31merror[0m] [0m                                                                                [0m
[0m[[31merror[0m] [0m[0m
[0m[[31merror[0m] [0m[Stage 13510:==================>                                   (4 + 5) / 12][0m
[0m[[31merror[0m] [0m[Stage 13510:================================================>    (11 + 1) / 12][0m
[0m[[31merror[0m] [0m                                                                                [0m
[0m[[31merror[0m] [0m[0m
[0m[[31merror[0m] [0m[Stage 13512:==================>                                   (4 + 7) / 12][0m
[0m[[31merror[0m] [0m                                                                                [0m
[0m[[31merror[0m] [0m[0m
[0m[[31merror[0m] [0m[Stage 13514:========================================>             (9 + 3) / 12][0m
[0m[[31merror[0m] [0m                                                                                [0m
[0m[[31merror[0m] [0m[0m
[0m[[31merror[0m] [0m[Stage 13516:======================>                               (5 + 5) / 12][0m
[0m[[31merror[0m] [0m                                                                                [0m
[0m[[31merror[0m] [0m[0m
[0m[[31merror[0m] [0m[Stage 13518:======================>                               (5 + 4) / 12][0m
[0m[[31merror[0m] [0m[Stage 13518:============================================>        (10 + 2) / 12][0m
[0m[[31merror[0m] [0m                                                                                [0m
[0m[[31merror[0m] [0m[0m
[0m[[31merror[0m] [0m[Stage 13520:==================>                                   (4 + 5) / 12][0m
[0m[[31merror[0m] [0m[Stage 13520:================================================>    (11 + 1) / 12][0m
[0m[[31merror[0m] [0m                                                                                [0m
[0m[[31merror[0m] [0m[0m
[0m[[31merror[0m] [0m[Stage 13522:==================>                                   (4 + 5) / 12][0m
[0m[[31merror[0m] [0m[Stage 13522:================================================>    (11 + 1) / 12][0m
[0m[[31merror[0m] [0m                                                                                [0m
[0m[[31merror[0m] [0m[0m
[0m[[31merror[0m] [0m[Stage 13524:======================>                               (5 + 5) / 12][0m
[0m[[31merror[0m] [0m                                                                                [0m
[0m[[31merror[0m] [0m[0m
[0m[[31merror[0m] [0m[Stage 13526:===========================>                          (6 + 5) / 12][0m
[0m[[31merror[0m] [0m                                                                                [0m
[0m[[31merror[0m] [0m[0m
[0m[[31merror[0m] [0m[Stage 13528:============================================>        (10 + 2) / 12][0m
[0m[[31merror[0m] [0m                                                                                [0m
[0m[[31merror[0m] [0m[0m
[0m[[31merror[0m] [0m[Stage 13530:===========================>                          (6 + 4) / 12][0m
[0m[[31merror[0m] [0m                                                                                [0m
[0m[[31merror[0m] [0m[0m
[0m[[31merror[0m] [0m[Stage 13532:========================================>             (9 + 3) / 12][0m
[0m[[31merror[0m] [0m                                                                                [0m
[0m[[31merror[0m] [0m[0m
[0m[[31merror[0m] [0m[Stage 13534:================================================>    (11 + 1) / 12][0m
[0m[[31merror[0m] [0m                                                                                [0m
[0m[[31merror[0m] [0m[0m
[0m[[31merror[0m] [0m[Stage 13536:===============================>                      (7 + 4) / 12][0m
[0m[[31merror[0m] [0m[Stage 13536:============================================>        (10 + 2) / 12][0m
[0m[[31merror[0m] [0m                                                                                [0m
[0m[[31merror[0m] [0m[0m
[0m[[31merror[0m] [0m[Stage 13538:===========================>                          (6 + 4) / 12][0m
[0m[[31merror[0m] [0m                                                                                [0m
[0m[[31merror[0m] [0m[0m
[0m[[31merror[0m] [0m[Stage 13540:========================================>             (9 + 3) / 12][0m
[0m[[31merror[0m] [0m                                                                                [0m
[0m[[31merror[0m] [0m[0m
[0m[[31merror[0m] [0m[Stage 13542:================================================>    (11 + 1) / 12][0m
[0m[[31merror[0m] [0m                                                                                [0m
[0m[[31merror[0m] [0m[0m
[0m[[31merror[0m] [0m[Stage 13544:===========================>                          (6 + 4) / 12][0m
[0m[[31merror[0m] [0m                                                                                [0m
[0m[[31merror[0m] [0m[0m
[0m[[31merror[0m] [0m[Stage 13546:===============================>                      (7 + 4) / 12][0m
[0m[[31merror[0m] [0m                                                                                [0m
[0m[[31merror[0m] [0m[0m
[0m[[31merror[0m] [0m[Stage 13548:===============================>                      (7 + 4) / 12][0m
[0m[[31merror[0m] [0m                                                                                [0m
[0m[[31merror[0m] [0m[0m
[0m[[31merror[0m] [0m[Stage 13550:============================================>        (10 + 2) / 12][0m
[0m[[31merror[0m] [0m                                                                                [0m
[0m[[31merror[0m] [0m[0m
[0m[[31merror[0m] [0m[Stage 13552:======================>                               (5 + 4) / 12][0m
[0m[[31merror[0m] [0m[Stage 13552:================================================>    (11 + 1) / 12][0m
[0m[[31merror[0m] [0m                                                                                [0m
[0m[[31merror[0m] [0m[0m
[0m[[31merror[0m] [0m[Stage 13554:===========================>                          (6 + 5) / 12][0m
[0m[[31merror[0m] [0m                                                                                [0m
[0m[[31merror[0m] [0m[0m
[0m[[31merror[0m] [0m[Stage 13556:============================================>        (10 + 2) / 12][0m
[0m[[31merror[0m] [0m                                                                                [0m
[0m[[31merror[0m] [0m[0m
[0m[[31merror[0m] [0m[Stage 13558:=============>                                        (3 + 6) / 12][0m
[0m[[31merror[0m] [0m                                                                                [0m
[0m[[31merror[0m] [0m[0m
[0m[[31merror[0m] [0m[Stage 13560:======================>                               (5 + 4) / 12][0m
[0m[[31merror[0m] [0m[Stage 13560:============================================>        (10 + 2) / 12][0m
[0m[[31merror[0m] [0m                                                                                [0m
[0m[[31merror[0m] [0m[0m
[0m[[31merror[0m] [0m[Stage 13562:===========================>                          (6 + 5) / 12][0m
[0m[[31merror[0m] [0m                                                                                [0m
[0m[[31merror[0m] [0m[0m
[0m[[31merror[0m] [0m[Stage 13564:============================================>        (10 + 2) / 12][0m
[0m[[31merror[0m] [0m                                                                                [0m
[0m[[31merror[0m] [0m[0m
[0m[[31merror[0m] [0m[Stage 13566:======================>                               (5 + 4) / 12][0m
[0m[[31merror[0m] [0m                                                                                [0m
[0m[[31merror[0m] [0m[0m
[0m[[31merror[0m] [0m[Stage 13568:===========================>                          (6 + 4) / 12][0m
[0m[[31merror[0m] [0m                                                                                [0m
[0m[[31merror[0m] [0m[0m
[0m[[31merror[0m] [0m[Stage 13570:===============================>                      (7 + 4) / 12][0m
[0m[[31merror[0m] [0m                                                                                [0m
[0m[[31merror[0m] [0m[0m
[0m[[31merror[0m] [0m[Stage 13572:========================================>             (9 + 3) / 12][0m
[0m[[31merror[0m] [0m                                                                                [0m
[0m[[31merror[0m] [0m[0m
[0m[[31merror[0m] [0m[Stage 13574:======================>                               (5 + 4) / 12][0m
[0m[[31merror[0m] [0m                                                                                [0m
[0m[[31merror[0m] [0m[0m
[0m[[31merror[0m] [0m[Stage 13576:===========================>                          (6 + 5) / 12][0m
[0m[[31merror[0m] [0m                                                                                [0m
[0m[[31merror[0m] [0m[0m
[0m[[31merror[0m] [0m[Stage 13578:================================================>    (11 + 1) / 12][0m
[0m[[31merror[0m] [0m                                                                                [0m
[0m[[31merror[0m] [0m[0m
[0m[[31merror[0m] [0m[Stage 13580:======================>                               (5 + 5) / 12][0m
[0m[[31merror[0m] [0m[Stage 13580:================================================>    (11 + 1) / 12][0m
[0m[[31merror[0m] [0m                                                                                [0m
[0m[[31merror[0m] [0m[0m
[0m[[31merror[0m] [0m[Stage 13582:======================>                               (5 + 6) / 12][0m
[0m[[31merror[0m] [0m                                                                                [0m
[0m[[31merror[0m] [0m[0m
[0m[[31merror[0m] [0m[Stage 13584:========================================>             (9 + 3) / 12][0m
[0m[[31merror[0m] [0m                                                                                [0m
[0m[[31merror[0m] [0m[0m
[0m[[31merror[0m] [0m[Stage 13586:===========================>                          (6 + 4) / 12][0m
[0m[[31merror[0m] [0m                                                                                [0m
[0m[[31merror[0m] [0m[0m
[0m[[31merror[0m] [0m[Stage 13588:===========================>                          (6 + 5) / 12][0m
[0m[[31merror[0m] [0m                                                                                [0m
[0m[[31merror[0m] [0m[0m
[0m[[31merror[0m] [0m[Stage 13590:================================================>    (11 + 1) / 12][0m
[0m[[31merror[0m] [0m                                                                                [0m
[0m[[31merror[0m] [0m[0m
[0m[[31merror[0m] [0m[Stage 13592:===============================>                      (7 + 4) / 12][0m
[0m[[31merror[0m] [0m                                                                                [0m
[0m[[31merror[0m] [0m[0m
[0m[[31merror[0m] [0m[Stage 13594:============================================>        (10 + 2) / 12][0m
[0m[[31merror[0m] [0m                                                                                [0m
[0m[[31merror[0m] [0m[0m
[0m[[31merror[0m] [0m[Stage 13596:======================>                               (5 + 5) / 12][0m
[0m[[31merror[0m] [0m                                                                                [0m
[0m[[31merror[0m] [0m[0m
[0m[[31merror[0m] [0m[Stage 13598:===========================>                          (6 + 4) / 12][0m
[0m[[31merror[0m] [0m                                                                                [0m
[0m[[31merror[0m] [0m[0m
[0m[[31merror[0m] [0m[Stage 13600:===========================>                          (6 + 4) / 12][0m
[0m[[31merror[0m] [0m                                                                                [0m
[0m[[31merror[0m] [0m[0m
[0m[[31merror[0m] [0m[Stage 13602:===============================>                      (7 + 4) / 12][0m
[0m[[31merror[0m] [0m                                                                                [0m
[0m[[31merror[0m] [0m[0m
[0m[[31merror[0m] [0m[Stage 13604:================================================>    (11 + 1) / 12][0m
[0m[[31merror[0m] [0m                                                                                [0m
[0m[[31merror[0m] [0m[0m
[0m[[31merror[0m] [0m[Stage 13606:=============>                                        (3 + 4) / 12][0m
[0m[[31merror[0m] [0m[Stage 13606:==================>                                   (4 + 7) / 12][0m
[0m[[31merror[0m] [0m                                                                                [0m
[0m[[31merror[0m] [0m[0m
[0m[[31merror[0m] [0m[Stage 13608:================================================>    (11 + 1) / 12][0m
[0m[[31merror[0m] [0m                                                                                [0m
[0m[[31merror[0m] [0m[0m
[0m[[31merror[0m] [0m[Stage 13610:====>                                                 (1 + 9) / 12][0m
[0m[[0minfo[0m] [0m		Elapsed time: 744.510455ms[0m
[0m[[0minfo[0m] [0m	Testing dataset degree: 2	mapper: PolynomialMapper-V2	name: denseData[0m
[0m[[31merror[0m] [0m                                                                                [0m
[0m[[0minfo[0m] [0m		Elapsed time: 462.813174ms[0m
[0m[[0minfo[0m] [0m	Testing dataset degree: 2	mapper: PolynomialMapper-V2	name: sparseData[0m
[0m[[31merror[0m] [0m[0m
[0m[[31merror[0m] [0m[Stage 14012:======================>                               (5 + 4) / 12][0m
[0m[[31merror[0m] [0m                                                                                [0m
[0m[[31merror[0m] [0m[0m
[0m[[31merror[0m] [0m[Stage 14014:===========================>                          (6 + 5) / 12][0m
[0m[[31merror[0m] [0m                                                                                [0m
[0m[[31merror[0m] [0m[0m
[0m[[31merror[0m] [0m[Stage 14016:================================================>    (11 + 1) / 12][0m
[0m[[31merror[0m] [0m                                                                                [0m
[0m[[31merror[0m] [0m[0m
[0m[[31merror[0m] [0m[Stage 14018:======================>                               (5 + 5) / 12][0m
[0m[[31merror[0m] [0m                                                                                [0m
[0m[[31merror[0m] [0m[0m
[0m[[31merror[0m] [0m[Stage 14020:============================================>        (10 + 2) / 12][0m
[0m[[31merror[0m] [0m                                                                                [0m
[0m[[31merror[0m] [0m[0m
[0m[[31merror[0m] [0m[Stage 14022:============================================>        (10 + 2) / 12][0m
[0m[[31merror[0m] [0m                                                                                [0m
[0m[[31merror[0m] [0m[0m
[0m[[31merror[0m] [0m[Stage 14024:======================>                               (5 + 4) / 12][0m
[0m[[31merror[0m] [0m                                                                                [0m
[0m[[31merror[0m] [0m[0m
[0m[[31merror[0m] [0m[Stage 14026:===============================>                      (7 + 4) / 12][0m
[0m[[31merror[0m] [0m                                                                                [0m
[0m[[31merror[0m] [0m[0m
[0m[[31merror[0m] [0m[Stage 14028:============================================>        (10 + 2) / 12][0m
[0m[[31merror[0m] [0m                                                                                [0m
[0m[[31merror[0m] [0m[0m
[0m[[31merror[0m] [0m[Stage 14030:======================>                               (5 + 4) / 12][0m
[0m[[31merror[0m] [0m[Stage 14030:================================================>    (11 + 1) / 12][0m
[0m[[31merror[0m] [0m                                                                                [0m
[0m[[31merror[0m] [0m[0m
[0m[[31merror[0m] [0m[Stage 14032:===============================>                      (7 + 4) / 12][0m
[0m[[31merror[0m] [0m                                                                                [0m
[0m[[31merror[0m] [0m[0m
[0m[[31merror[0m] [0m[Stage 14036:===========================>                          (6 + 5) / 12][0m
[0m[[31merror[0m] [0m                                                                                [0m
[0m[[31merror[0m] [0m[0m
[0m[[31merror[0m] [0m[Stage 14038:============================================>        (10 + 2) / 12][0m
[0m[[31merror[0m] [0m                                                                                [0m
[0m[[31merror[0m] [0m[0m
[0m[[31merror[0m] [0m[Stage 14040:==================>                                   (4 + 5) / 12][0m
[0m[[31merror[0m] [0m[Stage 14040:================================================>    (11 + 1) / 12][0m
[0m[[31merror[0m] [0m                                                                                [0m
[0m[[31merror[0m] [0m[0m
[0m[[31merror[0m] [0m[Stage 14042:===============================>                      (7 + 4) / 12][0m
[0m[[31merror[0m] [0m                                                                                [0m
[0m[[31merror[0m] [0m[0m
[0m[[31merror[0m] [0m[Stage 14044:============================================>        (10 + 2) / 12][0m
[0m[[31merror[0m] [0m                                                                                [0m
[0m[[31merror[0m] [0m[0m
[0m[[31merror[0m] [0m[Stage 14046:=============>                                        (3 + 7) / 12][0m
[0m[[31merror[0m] [0m                                                                                [0m
[0m[[31merror[0m] [0m[0m
[0m[[31merror[0m] [0m[Stage 14048:======================>                               (5 + 6) / 12][0m
[0m[[31merror[0m] [0m                                                                                [0m
[0m[[31merror[0m] [0m[0m
[0m[[31merror[0m] [0m[Stage 14050:============================================>        (10 + 2) / 12][0m
[0m[[31merror[0m] [0m                                                                                [0m
[0m[[31merror[0m] [0m[0m
[0m[[31merror[0m] [0m[Stage 14052:======================>                               (5 + 5) / 12][0m
[0m[[31merror[0m] [0m                                                                                [0m
[0m[[31merror[0m] [0m[0m
[0m[[31merror[0m] [0m[Stage 14054:===============================>                      (7 + 5) / 12][0m
[0m[[31merror[0m] [0m                                                                                [0m
[0m[[31merror[0m] [0m[0m
[0m[[31merror[0m] [0m[Stage 14058:======================>                               (5 + 5) / 12][0m
[0m[[31merror[0m] [0m                                                                                [0m
[0m[[31merror[0m] [0m[0m
[0m[[31merror[0m] [0m[Stage 14060:===========================>                          (6 + 5) / 12][0m
[0m[[31merror[0m] [0m                                                                                [0m
[0m[[31merror[0m] [0m[0m
[0m[[31merror[0m] [0m[Stage 14062:======================>                               (5 + 6) / 12][0m
[0m[[31merror[0m] [0m                                                                                [0m
[0m[[31merror[0m] [0m[0m
[0m[[31merror[0m] [0m[Stage 14064:============================================>        (10 + 2) / 12][0m
[0m[[31merror[0m] [0m                                                                                [0m
[0m[[31merror[0m] [0m[0m
[0m[[31merror[0m] [0m[Stage 14066:======================>                               (5 + 4) / 12][0m
[0m[[31merror[0m] [0m[Stage 14066:================================================>    (11 + 1) / 12][0m
[0m[[31merror[0m] [0m                                                                                [0m
[0m[[31merror[0m] [0m[0m
[0m[[31merror[0m] [0m[Stage 14068:===============================>                      (7 + 4) / 12][0m
[0m[[31merror[0m] [0m                                                                                [0m
[0m[[31merror[0m] [0m[0m
[0m[[31merror[0m] [0m[Stage 14070:============================================>        (10 + 2) / 12][0m
[0m[[31merror[0m] [0m                                                                                [0m
[0m[[31merror[0m] [0m[0m
[0m[[31merror[0m] [0m[Stage 14072:======================>                               (5 + 4) / 12][0m
[0m[[31merror[0m] [0m[Stage 14072:================================================>    (11 + 1) / 12][0m
[0m[[31merror[0m] [0m                                                                                [0m
[0m[[31merror[0m] [0m[0m
[0m[[31merror[0m] [0m[Stage 14074:===========================>                          (6 + 5) / 12][0m
[0m[[31merror[0m] [0m                                                                                [0m
[0m[[31merror[0m] [0m[0m
[0m[[31merror[0m] [0m[Stage 14076:============================================>        (10 + 2) / 12][0m
[0m[[31merror[0m] [0m                                                                                [0m
[0m[[31merror[0m] [0m[0m
[0m[[31merror[0m] [0m[Stage 14078:===========================>                          (6 + 4) / 12][0m
[0m[[31merror[0m] [0m                                                                                [0m
[0m[[31merror[0m] [0m[0m
[0m[[31merror[0m] [0m[Stage 14080:============================================>        (10 + 2) / 12][0m
[0m[[31merror[0m] [0m                                                                                [0m
[0m[[31merror[0m] [0m[0m
[0m[[31merror[0m] [0m[Stage 14082:======================>                               (5 + 4) / 12][0m
[0m[[31merror[0m] [0m[Stage 14082:================================================>    (11 + 1) / 12][0m
[0m[[31merror[0m] [0m                                                                                [0m
[0m[[31merror[0m] [0m[0m
[0m[[31merror[0m] [0m[Stage 14084:======================>                               (5 + 5) / 12][0m
[0m[[31merror[0m] [0m                                                                                [0m
[0m[[31merror[0m] [0m[0m
[0m[[31merror[0m] [0m[Stage 14086:===========================>                          (6 + 4) / 12][0m
[0m[[31merror[0m] [0m                                                                                [0m
[0m[[31merror[0m] [0m[0m
[0m[[31merror[0m] [0m[Stage 14088:===============================>                      (7 + 4) / 12][0m
[0m[[31merror[0m] [0m                                                                                [0m
[0m[[31merror[0m] [0m[0m
[0m[[31merror[0m] [0m[Stage 14090:============================================>        (10 + 2) / 12][0m
[0m[[31merror[0m] [0m                                                                                [0m
[0m[[31merror[0m] [0m[0m
[0m[[31merror[0m] [0m[Stage 14092:===========================>                          (6 + 4) / 12][0m
[0m[[31merror[0m] [0m[Stage 14092:================================================>    (11 + 1) / 12][0m
[0m[[31merror[0m] [0m                                                                                [0m
[0m[[31merror[0m] [0m[0m
[0m[[31merror[0m] [0m[Stage 14094:======================>                               (5 + 6) / 12][0m
[0m[[31merror[0m] [0m                                                                                [0m
[0m[[31merror[0m] [0m[0m
[0m[[31merror[0m] [0m[Stage 14096:============================================>        (10 + 2) / 12][0m
[0m[[31merror[0m] [0m                                                                                [0m
[0m[[31merror[0m] [0m[0m
[0m[[31merror[0m] [0m[Stage 14098:===========================>                          (6 + 4) / 12][0m
[0m[[31merror[0m] [0m                                                                                [0m
[0m[[31merror[0m] [0m[0m
[0m[[31merror[0m] [0m[Stage 14100:============================================>        (10 + 2) / 12][0m
[0m[[31merror[0m] [0m                                                                                [0m
[0m[[31merror[0m] [0m[0m
[0m[[31merror[0m] [0m[Stage 14102:===========================>                          (6 + 4) / 12][0m
[0m[[31merror[0m] [0m                                                                                [0m
[0m[[31merror[0m] [0m[0m
[0m[[31merror[0m] [0m[Stage 14104:===============================>                      (7 + 4) / 12][0m
[0m[[31merror[0m] [0m                                                                                [0m
[0m[[31merror[0m] [0m[0m
[0m[[31merror[0m] [0m[Stage 14106:================================================>    (11 + 1) / 12][0m
[0m[[31merror[0m] [0m                                                                                [0m
[0m[[31merror[0m] [0m[0m
[0m[[31merror[0m] [0m[Stage 14108:===============================>                      (7 + 4) / 12][0m
[0m[[31merror[0m] [0m                                                                                [0m
[0m[[31merror[0m] [0m[0m
[0m[[31merror[0m] [0m[Stage 14110:===============================>                      (7 + 4) / 12][0m
[0m[[31merror[0m] [0m                                                                                [0m
[0m[[31merror[0m] [0m[0m
[0m[[31merror[0m] [0m[Stage 14112:============================================>        (10 + 2) / 12][0m
[0m[[31merror[0m] [0m                                                                                [0m
[0m[[31merror[0m] [0m[0m
[0m[[31merror[0m] [0m[Stage 14114:==================>                                   (4 + 5) / 12][0m
[0m[[31merror[0m] [0m                                                                                [0m
[0m[[31merror[0m] [0m[0m
[0m[[31merror[0m] [0m[Stage 14116:===============================>                      (7 + 4) / 12][0m
[0m[[31merror[0m] [0m                                                                                [0m
[0m[[31merror[0m] [0m[0m
[0m[[31merror[0m] [0m[Stage 14118:========================================>             (9 + 3) / 12][0m
[0m[[31merror[0m] [0m                                                                                [0m
[0m[[31merror[0m] [0m[0m
[0m[[31merror[0m] [0m[Stage 14120:===========================>                          (6 + 4) / 12][0m
[0m[[31merror[0m] [0m                                                                                [0m
[0m[[31merror[0m] [0m[0m
[0m[[31merror[0m] [0m[Stage 14122:===============================>                      (7 + 4) / 12][0m
[0m[[31merror[0m] [0m                                                                                [0m
[0m[[31merror[0m] [0m[0m
[0m[[31merror[0m] [0m[Stage 14124:============================================>        (10 + 2) / 12][0m
[0m[[31merror[0m] [0m                                                                                [0m
[0m[[31merror[0m] [0m[0m
[0m[[31merror[0m] [0m[Stage 14126:==================>                                   (4 + 6) / 12][0m
[0m[[31merror[0m] [0m                                                                                [0m
[0m[[31merror[0m] [0m[0m
[0m[[31merror[0m] [0m[Stage 14128:===============================>                      (7 + 4) / 12][0m
[0m[[31merror[0m] [0m                                                                                [0m
[0m[[31merror[0m] [0m[0m
[0m[[31merror[0m] [0m[Stage 14130:========================================>             (9 + 3) / 12][0m
[0m[[31merror[0m] [0m                                                                                [0m
[0m[[31merror[0m] [0m[0m
[0m[[31merror[0m] [0m[Stage 14132:===========================>                          (6 + 4) / 12][0m
[0m[[31merror[0m] [0m                                                                                [0m
[0m[[31merror[0m] [0m[0m
[0m[[31merror[0m] [0m[Stage 14134:===============================>                      (7 + 5) / 12][0m
[0m[[31merror[0m] [0m                                                                                [0m
[0m[[31merror[0m] [0m[0m
[0m[[31merror[0m] [0m[Stage 14136:============================================>        (10 + 2) / 12][0m
[0m[[31merror[0m] [0m                                                                                [0m
[0m[[31merror[0m] [0m[0m
[0m[[31merror[0m] [0m[Stage 14138:===========================>                          (6 + 4) / 12][0m
[0m[[31merror[0m] [0m[Stage 14138:================================================>    (11 + 1) / 12][0m
[0m[[31merror[0m] [0m                                                                                [0m
[0m[[31merror[0m] [0m[0m
[0m[[31merror[0m] [0m[Stage 14140:===========================>                          (6 + 4) / 12][0m
[0m[[31merror[0m] [0m                                                                                [0m
[0m[[31merror[0m] [0m[0m
[0m[[31merror[0m] [0m[Stage 14142:===============================>                      (7 + 4) / 12][0m
[0m[[31merror[0m] [0m                                                                                [0m
[0m[[31merror[0m] [0m[0m
[0m[[31merror[0m] [0m[Stage 14144:================================================>    (11 + 1) / 12][0m
[0m[[31merror[0m] [0m                                                                                [0m
[0m[[31merror[0m] [0m[0m
[0m[[31merror[0m] [0m[Stage 14146:===============================>                      (7 + 4) / 12][0m
[0m[[31merror[0m] [0m                                                                                [0m
[0m[[31merror[0m] [0m[0m
[0m[[31merror[0m] [0m[Stage 14148:========================================>             (9 + 3) / 12][0m
[0m[[31merror[0m] [0m                                                                                [0m
[0m[[31merror[0m] [0m[0m
[0m[[31merror[0m] [0m[Stage 14150:================================================>    (11 + 1) / 12][0m
[0m[[31merror[0m] [0m                                                                                [0m
[0m[[31merror[0m] [0m[0m
[0m[[31merror[0m] [0m[Stage 14152:===========================>                          (6 + 4) / 12][0m
[0m[[31merror[0m] [0m                                                                                [0m
[0m[[31merror[0m] [0m[0m
[0m[[31merror[0m] [0m[Stage 14154:============================================>        (10 + 2) / 12][0m
[0m[[31merror[0m] [0m                                                                                [0m
[0m[[31merror[0m] [0m[0m
[0m[[31merror[0m] [0m[Stage 14156:======================>                               (5 + 4) / 12][0m
[0m[[31merror[0m] [0m                                                                                [0m
[0m[[31merror[0m] [0m[0m
[0m[[31merror[0m] [0m[Stage 14158:===========================>                          (6 + 5) / 12][0m
[0m[[31merror[0m] [0m                                                                                [0m
[0m[[31merror[0m] [0m[0m
[0m[[31merror[0m] [0m[Stage 14160:============================================>        (10 + 2) / 12][0m
[0m[[31merror[0m] [0m                                                                                [0m
[0m[[31merror[0m] [0m[0m
[0m[[31merror[0m] [0m[Stage 14162:================================================>    (11 + 1) / 12][0m
[0m[[31merror[0m] [0m                                                                                [0m
[0m[[31merror[0m] [0m[0m
[0m[[31merror[0m] [0m[Stage 14164:======================>                               (5 + 4) / 12][0m
[0m[[31merror[0m] [0m[Stage 14164:================================================>    (11 + 1) / 12][0m
[0m[[31merror[0m] [0m                                                                                [0m
[0m[[31merror[0m] [0m[0m
[0m[[31merror[0m] [0m[Stage 14166:===========================>                          (6 + 4) / 12][0m
[0m[[31merror[0m] [0m                                                                                [0m
[0m[[31merror[0m] [0m[0m
[0m[[31merror[0m] [0m[Stage 14168:================================================>    (11 + 1) / 12][0m
[0m[[31merror[0m] [0m                                                                                [0m
[0m[[31merror[0m] [0m[0m
[0m[[31merror[0m] [0m[Stage 14170:===========================>                          (6 + 4) / 12][0m
[0m[[31merror[0m] [0m                                                                                [0m
[0m[[31merror[0m] [0m[0m
[0m[[31merror[0m] [0m[Stage 14172:===========================>                          (6 + 5) / 12][0m
[0m[[31merror[0m] [0m                                                                                [0m
[0m[[31merror[0m] [0m[0m
[0m[[31merror[0m] [0m[Stage 14174:============================================>        (10 + 2) / 12][0m
[0m[[31merror[0m] [0m                                                                                [0m
[0m[[31merror[0m] [0m[0m
[0m[[31merror[0m] [0m[Stage 14176:======================>                               (5 + 5) / 12][0m
[0m[[31merror[0m] [0m                                                                                [0m
[0m[[31merror[0m] [0m[0m
[0m[[31merror[0m] [0m[Stage 14178:========================================>             (9 + 3) / 12][0m
[0m[[31merror[0m] [0m                                                                                [0m
[0m[[31merror[0m] [0m[0m
[0m[[31merror[0m] [0m[Stage 14180:================================================>    (11 + 1) / 12][0m
[0m[[31merror[0m] [0m                                                                                [0m
[0m[[31merror[0m] [0m[0m
[0m[[31merror[0m] [0m[Stage 14182:===========================>                          (6 + 4) / 12][0m
[0m[[31merror[0m] [0m                                                                                [0m
[0m[[31merror[0m] [0m[0m
[0m[[31merror[0m] [0m[Stage 14184:========================================>             (9 + 3) / 12][0m
[0m[[31merror[0m] [0m                                                                                [0m
[0m[[31merror[0m] [0m[0m
[0m[[31merror[0m] [0m[Stage 14186:======================>                               (5 + 4) / 12][0m
[0m[[31merror[0m] [0m[Stage 14186:================================================>    (11 + 1) / 12][0m
[0m[[31merror[0m] [0m                                                                                [0m
[0m[[31merror[0m] [0m[0m
[0m[[31merror[0m] [0m[Stage 14188:==================>                                   (4 + 5) / 12][0m
[0m[[31merror[0m] [0m[Stage 14188:================================================>    (11 + 1) / 12][0m
[0m[[31merror[0m] [0m                                                                                [0m
[0m[[31merror[0m] [0m[0m
[0m[[31merror[0m] [0m[Stage 14190:===========================>                          (6 + 4) / 12][0m
[0m[[31merror[0m] [0m                                                                                [0m
[0m[[31merror[0m] [0m[0m
[0m[[31merror[0m] [0m[Stage 14192:===============================>                      (7 + 4) / 12][0m
[0m[[31merror[0m] [0m                                                                                [0m
[0m[[31merror[0m] [0m[0m
[0m[[31merror[0m] [0m[Stage 14194:===========================>                          (6 + 5) / 12][0m
[0m[[31merror[0m] [0m                                                                                [0m
[0m[[31merror[0m] [0m[0m
[0m[[31merror[0m] [0m[Stage 14196:============================================>        (10 + 2) / 12][0m
[0m[[31merror[0m] [0m                                                                                [0m
[0m[[31merror[0m] [0m[0m
[0m[[31merror[0m] [0m[Stage 14198:======================>                               (5 + 5) / 12][0m
[0m[[31merror[0m] [0m                                                                                [0m
[0m[[31merror[0m] [0m[0m
[0m[[31merror[0m] [0m[Stage 14200:============================================>        (10 + 2) / 12][0m
[0m[[31merror[0m] [0m                                                                                [0m
[0m[[31merror[0m] [0m[0m
[0m[[31merror[0m] [0m[Stage 14202:===========================>                          (6 + 4) / 12][0m
[0m[[31merror[0m] [0m                                                                                [0m
[0m[[31merror[0m] [0m[0m
[0m[[31merror[0m] [0m[Stage 14204:===========================>                          (6 + 5) / 12][0m
[0m[[31merror[0m] [0m                                                                                [0m
[0m[[31merror[0m] [0m[0m
[0m[[31merror[0m] [0m[Stage 14206:============================================>        (10 + 2) / 12][0m
[0m[[31merror[0m] [0m                                                                                [0m
[0m[[31merror[0m] [0m[0m
[0m[[31merror[0m] [0m[Stage 14208:======================>                               (5 + 4) / 12][0m
[0m[[31merror[0m] [0m[Stage 14208:================================================>    (11 + 1) / 12][0m
[0m[[31merror[0m] [0m                                                                                [0m
[0m[[31merror[0m] [0m[0m
[0m[[31merror[0m] [0m[Stage 14210:===========================>                          (6 + 4) / 12][0m
[0m[[31merror[0m] [0m                                                                                [0m
[0m[[31merror[0m] [0m[0m
[0m[[31merror[0m] [0m[Stage 14212:============================================>        (10 + 2) / 12][0m
[0m[[31merror[0m] [0m                                                                                [0m
[0m[[31merror[0m] [0m[0m
[0m[[31merror[0m] [0m[Stage 14214:============================================>        (10 + 2) / 12][0m
[0m[[31merror[0m] [0m                                                                                [0m
[0m[[31merror[0m] [0m[0m
[0m[[31merror[0m] [0m[Stage 14216:===========================>                          (6 + 4) / 12][0m
[0m[[31merror[0m] [0m                                                                                [0m
[0m[[31merror[0m] [0m[0m
[0m[[31merror[0m] [0m[Stage 14218:===============================>                      (7 + 4) / 12][0m
[0m[[31merror[0m] [0m                                                                                [0m
[0m[[31merror[0m] [0m[0m
[0m[[31merror[0m] [0m[Stage 14220:================================================>    (11 + 1) / 12][0m
[0m[[31merror[0m] [0m                                                                                [0m
[0m[[31merror[0m] [0m[0m
[0m[[31merror[0m] [0m[Stage 14222:===============================>                      (7 + 4) / 12][0m
[0m[[31merror[0m] [0m                                                                                [0m
[0m[[31merror[0m] [0m[0m
[0m[[31merror[0m] [0m[Stage 14224:================================================>    (11 + 1) / 12][0m
[0m[[31merror[0m] [0m                                                                                [0m
[0m[[31merror[0m] [0m[0m
[0m[[31merror[0m] [0m[Stage 14226:===========================>                          (6 + 4) / 12][0m
[0m[[31merror[0m] [0m                                                                                [0m
[0m[[31merror[0m] [0m[0m
[0m[[31merror[0m] [0m[Stage 14228:===============================>                      (7 + 4) / 12][0m
[0m[[31merror[0m] [0m                                                                                [0m
[0m[[31merror[0m] [0m[0m
[0m[[31merror[0m] [0m[Stage 14230:================================================>    (11 + 1) / 12][0m
[0m[[31merror[0m] [0m                                                                                [0m
[0m[[31merror[0m] [0m[0m
[0m[[31merror[0m] [0m[Stage 14232:===========================>                          (6 + 4) / 12][0m
[0m[[31merror[0m] [0m                                                                                [0m
[0m[[31merror[0m] [0m[0m
[0m[[31merror[0m] [0m[Stage 14234:==================>                                   (4 + 6) / 12][0m
[0m[[31merror[0m] [0m                                                                                [0m
[0m[[31merror[0m] [0m[0m
[0m[[31merror[0m] [0m[Stage 14236:==================>                                   (4 + 7) / 12][0m
[0m[[31merror[0m] [0m                                                                                [0m
[0m[[31merror[0m] [0m[0m
[0m[[31merror[0m] [0m[Stage 14238:=====================================================(12 + 0) / 12][0m
[0m[[31merror[0m] [0m                                                                                [0m
[0m[[31merror[0m] [0m[0m
[0m[[31merror[0m] [0m[Stage 14240:===============================>                      (7 + 4) / 12][0m
[0m[[31merror[0m] [0m                                                                                [0m
[0m[[31merror[0m] [0m[0m
[0m[[31merror[0m] [0m[Stage 14242:================================================>    (11 + 1) / 12][0m
[0m[[31merror[0m] [0m                                                                                [0m
[0m[[31merror[0m] [0m[0m
[0m[[31merror[0m] [0m[Stage 14244:===========================>                          (6 + 4) / 12][0m
[0m[[31merror[0m] [0m                                                                                [0m
[0m[[31merror[0m] [0m[0m
[0m[[31merror[0m] [0m[Stage 14246:============================================>        (10 + 2) / 12][0m
[0m[[31merror[0m] [0m                                                                                [0m
[0m[[31merror[0m] [0m[0m
[0m[[31merror[0m] [0m[Stage 14248:>                                                     (0 + 9) / 12][0m
[0m[[31merror[0m] [0m[Stage 14248:================================================>    (11 + 1) / 12][0m
[0m[[31merror[0m] [0m                                                                                [0m
[0m[[31merror[0m] [0m[0m
[0m[[31merror[0m] [0m[Stage 14250:==================>                                   (4 + 5) / 12][0m
[0m[[31merror[0m] [0m[Stage 14250:================================================>    (11 + 1) / 12][0m
[0m[[31merror[0m] [0m                                                                                [0m
[0m[[31merror[0m] [0m[0m
[0m[[31merror[0m] [0m[Stage 14252:===============================>                      (7 + 4) / 12][0m
[0m[[31merror[0m] [0m                                                                                [0m
[0m[[31merror[0m] [0m[0m
[0m[[31merror[0m] [0m[Stage 14254:================================================>    (11 + 1) / 12][0m
[0m[[31merror[0m] [0m                                                                                [0m
[0m[[31merror[0m] [0m[0m
[0m[[31merror[0m] [0m[Stage 14256:===========================>                          (6 + 4) / 12][0m
[0m[[31merror[0m] [0m                                                                                [0m
[0m[[31merror[0m] [0m[0m
[0m[[31merror[0m] [0m[Stage 14258:============================================>        (10 + 2) / 12][0m
[0m[[31merror[0m] [0m                                                                                [0m
[0m[[31merror[0m] [0m[0m
[0m[[31merror[0m] [0m[Stage 14260:===========================>                          (6 + 4) / 12][0m
[0m[[31merror[0m] [0m                                                                                [0m
[0m[[31merror[0m] [0m[0m
[0m[[31merror[0m] [0m[Stage 14262:==================>                                   (4 + 5) / 12][0m
[0m[[31merror[0m] [0m[Stage 14262:========================================>             (9 + 3) / 12][0m
[0m[[31merror[0m] [0m                                                                                [0m
[0m[[31merror[0m] [0m[0m
[0m[[31merror[0m] [0m[Stage 14264:===========================>                          (6 + 4) / 12][0m
[0m[[31merror[0m] [0m                                                                                [0m
[0m[[31merror[0m] [0m[0m
[0m[[31merror[0m] [0m[Stage 14266:===============================>                      (7 + 4) / 12][0m
[0m[[31merror[0m] [0m                                                                                [0m
[0m[[31merror[0m] [0m[0m
[0m[[31merror[0m] [0m[Stage 14268:============================================>        (10 + 2) / 12][0m
[0m[[31merror[0m] [0m                                                                                [0m
[0m[[31merror[0m] [0m[0m
[0m[[31merror[0m] [0m[Stage 14270:======================>                               (5 + 4) / 12][0m
[0m[[31merror[0m] [0m[Stage 14270:================================================>    (11 + 1) / 12][0m
[0m[[31merror[0m] [0m                                                                                [0m
[0m[[31merror[0m] [0m[0m
[0m[[31merror[0m] [0m[Stage 14272:===============================>                      (7 + 4) / 12][0m
[0m[[31merror[0m] [0m                                                                                [0m
[0m[[31merror[0m] [0m[0m
[0m[[31merror[0m] [0m[Stage 14274:========================================>             (9 + 3) / 12][0m
[0m[[31merror[0m] [0m                                                                                [0m
[0m[[31merror[0m] [0m[0m
[0m[[31merror[0m] [0m[Stage 14276:============================================>        (10 + 2) / 12][0m
[0m[[31merror[0m] [0m                                                                                [0m
[0m[[31merror[0m] [0m[0m
[0m[[31merror[0m] [0m[Stage 14278:===========================>                          (6 + 4) / 12][0m
[0m[[31merror[0m] [0m                                                                                [0m
[0m[[31merror[0m] [0m[0m
[0m[[31merror[0m] [0m[Stage 14280:===============================>                      (7 + 4) / 12][0m
[0m[[31merror[0m] [0m                                                                                [0m
[0m[[31merror[0m] [0m[0m
[0m[[31merror[0m] [0m[Stage 14282:==================>                                   (4 + 7) / 12][0m
[0m[[31merror[0m] [0m                                                                                [0m
[0m[[31merror[0m] [0m[0m
[0m[[31merror[0m] [0m[Stage 14284:============================================>        (10 + 2) / 12][0m
[0m[[31merror[0m] [0m                                                                                [0m
[0m[[31merror[0m] [0m[0m
[0m[[31merror[0m] [0m[Stage 14286:======================>                               (5 + 5) / 12][0m
[0m[[31merror[0m] [0m                                                                                [0m
[0m[[31merror[0m] [0m[0m
[0m[[31merror[0m] [0m[Stage 14288:===============================>                      (7 + 4) / 12][0m
[0m[[31merror[0m] [0m                                                                                [0m
[0m[[31merror[0m] [0m[0m
[0m[[31merror[0m] [0m[Stage 14290:============================================>        (10 + 2) / 12][0m
[0m[[31merror[0m] [0m                                                                                [0m
[0m[[31merror[0m] [0m[0m
[0m[[31merror[0m] [0m[Stage 14292:======================>                               (5 + 4) / 12][0m
[0m[[31merror[0m] [0m                                                                                [0m
[0m[[31merror[0m] [0m[0m
[0m[[31merror[0m] [0m[Stage 14294:======================>                               (5 + 6) / 12][0m
[0m[[31merror[0m] [0m                                                                                [0m
[0m[[31merror[0m] [0m[0m
[0m[[31merror[0m] [0m[Stage 14296:======================>                               (5 + 5) / 12][0m
[0m[[31merror[0m] [0m                                                                                [0m
[0m[[31merror[0m] [0m[0m
[0m[[31merror[0m] [0m[Stage 14298:======================>                               (5 + 5) / 12][0m
[0m[[31merror[0m] [0m                                                                                [0m
[0m[[31merror[0m] [0m[0m
[0m[[31merror[0m] [0m[Stage 14300:========================================>             (9 + 3) / 12][0m
[0m[[31merror[0m] [0m                                                                                [0m
[0m[[31merror[0m] [0m[0m
[0m[[31merror[0m] [0m[Stage 14302:============================================>        (10 + 2) / 12][0m
[0m[[31merror[0m] [0m                                                                                [0m
[0m[[31merror[0m] [0m[0m
[0m[[31merror[0m] [0m[Stage 14304:===========================>                          (6 + 4) / 12][0m
[0m[[31merror[0m] [0m                                                                                [0m
[0m[[31merror[0m] [0m[0m
[0m[[31merror[0m] [0m[Stage 14306:===========================>                          (6 + 5) / 12][0m
[0m[[31merror[0m] [0m                                                                                [0m
[0m[[31merror[0m] [0m[0m
[0m[[31merror[0m] [0m[Stage 14308:============================================>        (10 + 2) / 12][0m
[0m[[31merror[0m] [0m                                                                                [0m
[0m[[31merror[0m] [0m[0m
[0m[[31merror[0m] [0m[Stage 14310:============================================>        (10 + 2) / 12][0m
[0m[[31merror[0m] [0m                                                                                [0m
[0m[[31merror[0m] [0m[0m
[0m[[31merror[0m] [0m[Stage 14312:======================>                               (5 + 5) / 12][0m
[0m[[31merror[0m] [0m                                                                                [0m
[0m[[31merror[0m] [0m[0m
[0m[[31merror[0m] [0m[Stage 14314:===============================>                      (7 + 4) / 12][0m
[0m[[31merror[0m] [0m                                                                                [0m
[0m[[31merror[0m] [0m[0m
[0m[[31merror[0m] [0m[Stage 14316:======================>                               (5 + 6) / 12][0m
[0m[[31merror[0m] [0m                                                                                [0m
[0m[[31merror[0m] [0m[0m
[0m[[31merror[0m] [0m[Stage 14318:============================================>        (10 + 2) / 12][0m
[0m[[31merror[0m] [0m                                                                                [0m
[0m[[31merror[0m] [0m[0m
[0m[[31merror[0m] [0m[Stage 14320:======================>                               (5 + 4) / 12][0m
[0m[[31merror[0m] [0m                                                                                [0m
[0m[[31merror[0m] [0m[0m
[0m[[31merror[0m] [0m[Stage 14322:===============================>                      (7 + 4) / 12][0m
[0m[[31merror[0m] [0m                                                                                [0m
[0m[[31merror[0m] [0m[0m
[0m[[31merror[0m] [0m[Stage 14324:========================================>             (9 + 3) / 12][0m
[0m[[31merror[0m] [0m                                                                                [0m
[0m[[31merror[0m] [0m[0m
[0m[[31merror[0m] [0m[Stage 14326:================================================>    (11 + 1) / 12][0m
[0m[[31merror[0m] [0m                                                                                [0m
[0m[[31merror[0m] [0m[0m
[0m[[31merror[0m] [0m[Stage 14328:===========================>                          (6 + 4) / 12][0m
[0m[[31merror[0m] [0m                                                                                [0m
[0m[[31merror[0m] [0m[0m
[0m[[31merror[0m] [0m[Stage 14330:========================================>             (9 + 3) / 12][0m
[0m[[31merror[0m] [0m                                                                                [0m
[0m[[31merror[0m] [0m[0m
[0m[[31merror[0m] [0m[Stage 14332:======================>                               (5 + 4) / 12][0m
[0m[[31merror[0m] [0m[Stage 14332:================================================>    (11 + 1) / 12][0m
[0m[[31merror[0m] [0m                                                                                [0m
[0m[[31merror[0m] [0m[0m
[0m[[31merror[0m] [0m[Stage 14334:===========================>                          (6 + 4) / 12][0m
[0m[[31merror[0m] [0m                                                                                [0m
[0m[[31merror[0m] [0m[0m
[0m[[31merror[0m] [0m[Stage 14336:===========================>                          (6 + 4) / 12][0m
[0m[[31merror[0m] [0m                                                                                [0m
[0m[[31merror[0m] [0m[0m
[0m[[31merror[0m] [0m[Stage 14338:============================================>        (10 + 2) / 12][0m
[0m[[31merror[0m] [0m                                                                                [0m
[0m[[31merror[0m] [0m[0m
[0m[[31merror[0m] [0m[Stage 14340:======================>                               (5 + 4) / 12][0m
[0m[[31merror[0m] [0m[Stage 14340:===========================>                          (6 + 5) / 12][0m
[0m[[31merror[0m] [0m                                                                                [0m
[0m[[31merror[0m] [0m[0m
[0m[[31merror[0m] [0m[Stage 14342:========================================>             (9 + 3) / 12][0m
[0m[[31merror[0m] [0m                                                                                [0m
[0m[[31merror[0m] [0m[0m
[0m[[31merror[0m] [0m[Stage 14344:======================>                               (5 + 4) / 12][0m
[0m[[31merror[0m] [0m[Stage 14344:================================================>    (11 + 1) / 12][0m
[0m[[31merror[0m] [0m                                                                                [0m
[0m[[31merror[0m] [0m[0m
[0m[[31merror[0m] [0m[Stage 14346:===============================>                      (7 + 4) / 12][0m
[0m[[31merror[0m] [0m                                                                                [0m
[0m[[31merror[0m] [0m[0m
[0m[[31merror[0m] [0m[Stage 14348:===============================>                      (7 + 4) / 12][0m
[0m[[31merror[0m] [0m                                                                                [0m
[0m[[31merror[0m] [0m[0m
[0m[[31merror[0m] [0m[Stage 14350:================================================>    (11 + 1) / 12][0m
[0m[[31merror[0m] [0m                                                                                [0m
[0m[[31merror[0m] [0m[0m
[0m[[31merror[0m] [0m[Stage 14352:======================>                               (5 + 5) / 12][0m
[0m[[31merror[0m] [0m                                                                                [0m
[0m[[31merror[0m] [0m[0m
[0m[[31merror[0m] [0m[Stage 14354:===========================>                          (6 + 5) / 12][0m
[0m[[31merror[0m] [0m                                                                                [0m
[0m[[31merror[0m] [0m[0m
[0m[[31merror[0m] [0m[Stage 14356:============================================>        (10 + 2) / 12][0m
[0m[[31merror[0m] [0m                                                                                [0m
[0m[[31merror[0m] [0m[0m
[0m[[31merror[0m] [0m[Stage 14358:========================================>             (9 + 3) / 12][0m
[0m[[31merror[0m] [0m                                                                                [0m
[0m[[31merror[0m] [0m[0m
[0m[[31merror[0m] [0m[Stage 14360:===========================>                          (6 + 4) / 12][0m
[0m[[31merror[0m] [0m                                                                                [0m
[0m[[31merror[0m] [0m[0m
[0m[[31merror[0m] [0m[Stage 14362:===========================>                          (6 + 4) / 12][0m
[0m[[31merror[0m] [0m                                                                                [0m
[0m[[31merror[0m] [0m[0m
[0m[[31merror[0m] [0m[Stage 14364:===========================>                          (6 + 5) / 12][0m
[0m[[31merror[0m] [0m                                                                                [0m
[0m[[31merror[0m] [0m[0m
[0m[[31merror[0m] [0m[Stage 14366:================================================>    (11 + 1) / 12][0m
[0m[[31merror[0m] [0m                                                                                [0m
[0m[[31merror[0m] [0m[0m
[0m[[31merror[0m] [0m[Stage 14368:===========================>                          (6 + 4) / 12][0m
[0m[[31merror[0m] [0m                                                                                [0m
[0m[[31merror[0m] [0m[0m
[0m[[31merror[0m] [0m[Stage 14370:===============================>                      (7 + 4) / 12][0m
[0m[[31merror[0m] [0m                                                                                [0m
[0m[[31merror[0m] [0m[0m
[0m[[31merror[0m] [0m[Stage 14372:================================================>    (11 + 1) / 12][0m
[0m[[31merror[0m] [0m                                                                                [0m
[0m[[31merror[0m] [0m[0m
[0m[[31merror[0m] [0m[Stage 14374:========================================>             (9 + 3) / 12][0m
[0m[[31merror[0m] [0m                                                                                [0m
[0m[[31merror[0m] [0m[0m
[0m[[31merror[0m] [0m[Stage 14378:====================================>                 (8 + 4) / 12][0m
[0m[[31merror[0m] [0m                                                                                [0m
[0m[[31merror[0m] [0m[0m
[0m[[31merror[0m] [0m[Stage 14380:============================================>        (10 + 2) / 12][0m
[0m[[31merror[0m] [0m                                                                                [0m
[0m[[31merror[0m] [0m[0m
[0m[[31merror[0m] [0m[Stage 14382:===========================>                          (6 + 4) / 12][0m
[0m[[31merror[0m] [0m                                                                                [0m
[0m[[31merror[0m] [0m[0m
[0m[[31merror[0m] [0m[Stage 14384:===========================>                          (6 + 5) / 12][0m
[0m[[31merror[0m] [0m                                                                                [0m
[0m[[31merror[0m] [0m[0m
[0m[[31merror[0m] [0m[Stage 14386:========================================>             (9 + 3) / 12][0m
[0m[[31merror[0m] [0m                                                                                [0m
[0m[[31merror[0m] [0m[0m
[0m[[31merror[0m] [0m[Stage 14388:===========================>                          (6 + 4) / 12][0m
[0m[[31merror[0m] [0m                                                                                [0m
[0m[[31merror[0m] [0m[0m
[0m[[31merror[0m] [0m[Stage 14390:===========================>                          (6 + 4) / 12][0m
[0m[[31merror[0m] [0m                                                                                [0m
[0m[[31merror[0m] [0m[0m
[0m[[31merror[0m] [0m[Stage 14392:===============================>                      (7 + 4) / 12][0m
[0m[[31merror[0m] [0m                                                                                [0m
[0m[[31merror[0m] [0m[0m
[0m[[31merror[0m] [0m[Stage 14394:================================================>    (11 + 1) / 12][0m
[0m[[31merror[0m] [0m                                                                                [0m
[0m[[31merror[0m] [0m[0m
[0m[[31merror[0m] [0m[Stage 14396:======================>                               (5 + 5) / 12][0m
[0m[[31merror[0m] [0m                                                                                [0m
[0m[[31merror[0m] [0m[0m
[0m[[31merror[0m] [0m[Stage 14398:============================================>        (10 + 2) / 12][0m
[0m[[31merror[0m] [0m                                                                                [0m
[0m[[31merror[0m] [0m[0m
[0m[[31merror[0m] [0m[Stage 14402:===============================>                      (7 + 4) / 12][0m
[0m[[31merror[0m] [0m                                                                                [0m
[0m[[31merror[0m] [0m[0m
[0m[[31merror[0m] [0m[Stage 14404:========================================>             (9 + 3) / 12][0m
[0m[[31merror[0m] [0m                                                                                [0m
[0m[[31merror[0m] [0m[0m
[0m[[31merror[0m] [0m[Stage 14406:======================>                               (5 + 4) / 12][0m
[0m[[31merror[0m] [0m[Stage 14406:================================================>    (11 + 1) / 12][0m
[0m[[31merror[0m] [0m                                                                                [0m
[0m[[31merror[0m] [0m[0m
[0m[[31merror[0m] [0m[Stage 14408:==================>                                   (4 + 6) / 12][0m
[0m[[31merror[0m] [0m                                                                                [0m
[0m[[31merror[0m] [0m[0m
[0m[[31merror[0m] [0m[Stage 14410:============================================>        (10 + 2) / 12][0m
[0m[[0minfo[0m] [0m		Elapsed time: 745.74096ms[0m
[0m[[0minfo[0m] [0m	Testing dataset degree: 3	mapper: PolynomialMapper-V1	name: denseData[0m
[0m[[31merror[0m] [0m                                                                                [0m
[0m[[0minfo[0m] [0m		Elapsed time: 465.842966ms[0m
[0m[[0minfo[0m] [0m	Testing dataset degree: 3	mapper: PolynomialMapper-V1	name: sparseData[0m
[0m[[31merror[0m] [0m[0m
[0m[[31merror[0m] [0m[Stage 14812:===============================>                      (7 + 4) / 12][0m
[0m[[31merror[0m] [0m                                                                                [0m
[0m[[31merror[0m] [0m[0m
[0m[[31merror[0m] [0m[Stage 14814:============================================>        (10 + 2) / 12][0m
[0m[[31merror[0m] [0m                                                                                [0m
[0m[[31merror[0m] [0m[0m
[0m[[31merror[0m] [0m[Stage 14816:===========================>                          (6 + 4) / 12][0m
[0m[[31merror[0m] [0m                                                                                [0m
[0m[[31merror[0m] [0m[0m
[0m[[31merror[0m] [0m[Stage 14818:===========================>                          (6 + 5) / 12][0m
[0m[[31merror[0m] [0m                                                                                [0m
[0m[[31merror[0m] [0m[0m
[0m[[31merror[0m] [0m[Stage 14820:================================================>    (11 + 1) / 12][0m
[0m[[31merror[0m] [0m                                                                                [0m
[0m[[31merror[0m] [0m[0m
[0m[[31merror[0m] [0m[Stage 14822:======================>                               (5 + 5) / 12][0m
[0m[[31merror[0m] [0m                                                                                [0m
[0m[[31merror[0m] [0m[0m
[0m[[31merror[0m] [0m[Stage 14824:========================================>             (9 + 3) / 12][0m
[0m[[31merror[0m] [0m                                                                                [0m
[0m[[31merror[0m] [0m[0m
[0m[[31merror[0m] [0m[Stage 14826:======================>                               (5 + 5) / 12][0m
[0m[[31merror[0m] [0m                                                                                [0m
[0m[[31merror[0m] [0m[0m
[0m[[31merror[0m] [0m[Stage 14828:===========================>                          (6 + 5) / 12][0m
[0m[[31merror[0m] [0m                                                                                [0m
[0m[[31merror[0m] [0m[0m
[0m[[31merror[0m] [0m[Stage 14830:================================================>    (11 + 1) / 12][0m
[0m[[31merror[0m] [0m                                                                                [0m
[0m[[31merror[0m] [0m[0m
[0m[[31merror[0m] [0m[Stage 14832:===========================>                          (6 + 4) / 12][0m
[0m[[31merror[0m] [0m                                                                                [0m
[0m[[31merror[0m] [0m[0m
[0m[[31merror[0m] [0m[Stage 14834:===========================>                          (6 + 5) / 12][0m
[0m[[31merror[0m] [0m                                                                                [0m
[0m[[31merror[0m] [0m[0m
[0m[[31merror[0m] [0m[Stage 14836:========================================>             (9 + 3) / 12][0m
[0m[[31merror[0m] [0m                                                                                [0m
[0m[[31merror[0m] [0m[0m
[0m[[31merror[0m] [0m[Stage 14838:================================================>    (11 + 1) / 12][0m
[0m[[31merror[0m] [0m                                                                                [0m
[0m[[31merror[0m] [0m[0m
[0m[[31merror[0m] [0m[Stage 14840:===============================>                      (7 + 4) / 12][0m
[0m[[31merror[0m] [0m                                                                                [0m
[0m[[31merror[0m] [0m[0m
[0m[[31merror[0m] [0m[Stage 14842:======================>                               (5 + 5) / 12][0m
[0m[[31merror[0m] [0m                                                                                [0m
[0m[[31merror[0m] [0m[0m
[0m[[31merror[0m] [0m[Stage 14844:========================================>             (9 + 3) / 12][0m
[0m[[31merror[0m] [0m                                                                                [0m
[0m[[31merror[0m] [0m[0m
[0m[[31merror[0m] [0m[Stage 14846:======================>                               (5 + 4) / 12][0m
[0m[[31merror[0m] [0m[Stage 14846:================================================>    (11 + 1) / 12][0m
[0m[[31merror[0m] [0m                                                                                [0m
[0m[[31merror[0m] [0m[0m
[0m[[31merror[0m] [0m[Stage 14848:===============================>                      (7 + 4) / 12][0m
[0m[[31merror[0m] [0m                                                                                [0m
[0m[[31merror[0m] [0m[0m
[0m[[31merror[0m] [0m[Stage 14850:========================================>             (9 + 3) / 12][0m
[0m[[31merror[0m] [0m                                                                                [0m
[0m[[31merror[0m] [0m[0m
[0m[[31merror[0m] [0m[Stage 14854:===========================>                          (6 + 4) / 12][0m
[0m[[31merror[0m] [0m                                                                                [0m
[0m[[31merror[0m] [0m[0m
[0m[[31merror[0m] [0m[Stage 14856:============================================>        (10 + 2) / 12][0m
[0m[[31merror[0m] [0m                                                                                [0m
[0m[[31merror[0m] [0m[0m
[0m[[31merror[0m] [0m[Stage 14858:======================>                               (5 + 4) / 12][0m
[0m[[31merror[0m] [0m[Stage 14858:================================================>    (11 + 1) / 12][0m
[0m[[31merror[0m] [0m                                                                                [0m
[0m[[31merror[0m] [0m[0m
[0m[[31merror[0m] [0m[Stage 14860:===========================>                          (6 + 5) / 12][0m
[0m[[31merror[0m] [0m                                                                                [0m
[0m[[31merror[0m] [0m[0m
[0m[[31merror[0m] [0m[Stage 14862:===============================>                      (7 + 4) / 12][0m
[0m[[31merror[0m] [0m                                                                                [0m
[0m[[31merror[0m] [0m[0m
[0m[[31merror[0m] [0m[Stage 14864:============================================>        (10 + 2) / 12][0m
[0m[[31merror[0m] [0m                                                                                [0m
[0m[[31merror[0m] [0m[0m
[0m[[31merror[0m] [0m[Stage 14866:======================>                               (5 + 4) / 12][0m
[0m[[31merror[0m] [0m                                                                                [0m
[0m[[31merror[0m] [0m[0m
[0m[[31merror[0m] [0m[Stage 14868:======================>                               (5 + 5) / 12][0m
[0m[[31merror[0m] [0m                                                                                [0m
[0m[[31merror[0m] [0m[0m
[0m[[31merror[0m] [0m[Stage 14870:============================================>        (10 + 2) / 12][0m
[0m[[31merror[0m] [0m                                                                                [0m
[0m[[31merror[0m] [0m[0m
[0m[[31merror[0m] [0m[Stage 14872:======================>                               (5 + 4) / 12][0m
[0m[[31merror[0m] [0m                                                                                [0m
[0m[[31merror[0m] [0m[0m
[0m[[31merror[0m] [0m[Stage 14874:======================>                               (5 + 6) / 12][0m
[0m[[31merror[0m] [0m                                                                                [0m
[0m[[31merror[0m] [0m[0m
[0m[[31merror[0m] [0m[Stage 14876:================================================>    (11 + 1) / 12][0m
[0m[[31merror[0m] [0m                                                                                [0m
[0m[[31merror[0m] [0m[0m
[0m[[31merror[0m] [0m[Stage 14878:===========================>                          (6 + 4) / 12][0m
[0m[[31merror[0m] [0m[Stage 14878:============================================>        (10 + 2) / 12][0m
[0m[[31merror[0m] [0m                                                                                [0m
[0m[[31merror[0m] [0m[0m
[0m[[31merror[0m] [0m[Stage 14880:===========================>                          (6 + 4) / 12][0m
[0m[[31merror[0m] [0m                                                                                [0m
[0m[[31merror[0m] [0m[0m
[0m[[31merror[0m] [0m[Stage 14882:==================>                                   (4 + 7) / 12][0m
[0m[[31merror[0m] [0m                                                                                [0m
[0m[[31merror[0m] [0m[0m
[0m[[31merror[0m] [0m[Stage 14884:========================================>             (9 + 3) / 12][0m
[0m[[31merror[0m] [0m                                                                                [0m
[0m[[31merror[0m] [0m[0m
[0m[[31merror[0m] [0m[Stage 14886:==================>                                   (4 + 5) / 12][0m
[0m[[31merror[0m] [0m                                                                                [0m
[0m[[31merror[0m] [0m[0m
[0m[[31merror[0m] [0m[Stage 14888:===============================>                      (7 + 4) / 12][0m
[0m[[31merror[0m] [0m                                                                                [0m
[0m[[31merror[0m] [0m[0m
[0m[[31merror[0m] [0m[Stage 14890:============================================>        (10 + 2) / 12][0m
[0m[[31merror[0m] [0m                                                                                [0m
[0m[[31merror[0m] [0m[0m
[0m[[31merror[0m] [0m[Stage 14892:======================>                               (5 + 4) / 12][0m
[0m[[31merror[0m] [0m                                                                                [0m
[0m[[31merror[0m] [0m[0m
[0m[[31merror[0m] [0m[Stage 14894:===============================>                      (7 + 4) / 12][0m
[0m[[31merror[0m] [0m                                                                                [0m
[0m[[31merror[0m] [0m[0m
[0m[[31merror[0m] [0m[Stage 14896:============================================>        (10 + 2) / 12][0m
[0m[[31merror[0m] [0m                                                                                [0m
[0m[[31merror[0m] [0m[0m
[0m[[31merror[0m] [0m[Stage 14900:===============================>                      (7 + 4) / 12][0m
[0m[[31merror[0m] [0m                                                                                [0m
[0m[[31merror[0m] [0m[0m
[0m[[31merror[0m] [0m[Stage 14902:================================================>    (11 + 1) / 12][0m
[0m[[31merror[0m] [0m                                                                                [0m
[0m[[31merror[0m] [0m[0m
[0m[[31merror[0m] [0m[Stage 14904:===========================>                          (6 + 5) / 12][0m
[0m[[31merror[0m] [0m                                                                                [0m
[0m[[31merror[0m] [0m[0m
[0m[[31merror[0m] [0m[Stage 14906:============================================>        (10 + 2) / 12][0m
[0m[[31merror[0m] [0m                                                                                [0m
[0m[[31merror[0m] [0m[0m
[0m[[31merror[0m] [0m[Stage 14908:===========================>                          (6 + 4) / 12][0m
[0m[[31merror[0m] [0m                                                                                [0m
[0m[[31merror[0m] [0m[0m
[0m[[31merror[0m] [0m[Stage 14910:================================================>    (11 + 1) / 12][0m
[0m[[31merror[0m] [0m                                                                                [0m
[0m[[31merror[0m] [0m[0m
[0m[[31merror[0m] [0m[Stage 14912:======================>                               (5 + 5) / 12][0m
[0m[[31merror[0m] [0m                                                                                [0m
[0m[[31merror[0m] [0m[0m
[0m[[31merror[0m] [0m[Stage 14914:===========================>                          (6 + 5) / 12][0m
[0m[[31merror[0m] [0m                                                                                [0m
[0m[[31merror[0m] [0m[0m
[0m[[31merror[0m] [0m[Stage 14916:========================================>             (9 + 3) / 12][0m
[0m[[31merror[0m] [0m                                                                                [0m
[0m[[31merror[0m] [0m[0m
[0m[[31merror[0m] [0m[Stage 14918:======================>                               (5 + 4) / 12][0m
[0m[[31merror[0m] [0m                                                                                [0m
[0m[[31merror[0m] [0m[0m
[0m[[31merror[0m] [0m[Stage 14920:===============================>                      (7 + 4) / 12][0m
[0m[[31merror[0m] [0m                                                                                [0m
[0m[[31merror[0m] [0m[0m
[0m[[31merror[0m] [0m[Stage 14922:============================================>        (10 + 2) / 12][0m
[0m[[31merror[0m] [0m                                                                                [0m
[0m[[31merror[0m] [0m[0m
[0m[[31merror[0m] [0m[Stage 14924:===========================>                          (6 + 4) / 12][0m
[0m[[31merror[0m] [0m                                                                                [0m
[0m[[31merror[0m] [0m[0m
[0m[[31merror[0m] [0m[Stage 14926:===============================>                      (7 + 4) / 12][0m
[0m[[31merror[0m] [0m                                                                                [0m
[0m[[31merror[0m] [0m[0m
[0m[[31merror[0m] [0m[Stage 14928:============================================>        (10 + 2) / 12][0m
[0m[[31merror[0m] [0m                                                                                [0m
[0m[[31merror[0m] [0m[0m
[0m[[31merror[0m] [0m[Stage 14930:===========================>                          (6 + 4) / 12][0m
[0m[[31merror[0m] [0m                                                                                [0m
[0m[[31merror[0m] [0m[0m
[0m[[31merror[0m] [0m[Stage 14932:========================================>             (9 + 3) / 12][0m
[0m[[31merror[0m] [0m                                                                                [0m
[0m[[31merror[0m] [0m[0m
[0m[[31merror[0m] [0m[Stage 14934:======================>                               (5 + 4) / 12][0m
[0m[[31merror[0m] [0m[Stage 14934:================================================>    (11 + 1) / 12][0m
[0m[[31merror[0m] [0m                                                                                [0m
[0m[[31merror[0m] [0m[0m
[0m[[31merror[0m] [0m[Stage 14936:===========================>                          (6 + 4) / 12][0m
[0m[[31merror[0m] [0m                                                                                [0m
[0m[[31merror[0m] [0m[0m
[0m[[31merror[0m] [0m[Stage 14938:===========================>                          (6 + 5) / 12][0m
[0m[[31merror[0m] [0m                                                                                [0m
[0m[[31merror[0m] [0m[0m
[0m[[31merror[0m] [0m[Stage 14940:============================================>        (10 + 2) / 12][0m
[0m[[31merror[0m] [0m                                                                                [0m
[0m[[31merror[0m] [0m[0m
[0m[[31merror[0m] [0m[Stage 14942:===========================>                          (6 + 4) / 12][0m
[0m[[31merror[0m] [0m                                                                                [0m
[0m[[31merror[0m] [0m[0m
[0m[[31merror[0m] [0m[Stage 14944:====================================>                 (8 + 4) / 12][0m
[0m[[31merror[0m] [0m                                                                                [0m
[0m[[31merror[0m] [0m[0m
[0m[[31merror[0m] [0m[Stage 14948:===============================>                      (7 + 4) / 12][0m
[0m[[31merror[0m] [0m                                                                                [0m
[0m[[31merror[0m] [0m[0m
[0m[[31merror[0m] [0m[Stage 14950:================================================>    (11 + 1) / 12][0m
[0m[[31merror[0m] [0m                                                                                [0m
[0m[[31merror[0m] [0m[0m
[0m[[31merror[0m] [0m[Stage 14952:======================>                               (5 + 4) / 12][0m
[0m[[31merror[0m] [0m                                                                                [0m
[0m[[31merror[0m] [0m[0m
[0m[[31merror[0m] [0m[Stage 14954:===============================>                      (7 + 4) / 12][0m
[0m[[31merror[0m] [0m                                                                                [0m
[0m[[31merror[0m] [0m[0m
[0m[[31merror[0m] [0m[Stage 14956:================================================>    (11 + 1) / 12][0m
[0m[[31merror[0m] [0m                                                                                [0m
[0m[[31merror[0m] [0m[0m
[0m[[31merror[0m] [0m[Stage 14958:===============================>                      (7 + 4) / 12][0m
[0m[[31merror[0m] [0m                                                                                [0m
[0m[[31merror[0m] [0m[0m
[0m[[31merror[0m] [0m[Stage 14960:============================================>        (10 + 2) / 12][0m
[0m[[31merror[0m] [0m                                                                                [0m
[0m[[31merror[0m] [0m[0m
[0m[[31merror[0m] [0m[Stage 14962:===========================>                          (6 + 4) / 12][0m
[0m[[31merror[0m] [0m[Stage 14962:================================================>    (11 + 1) / 12][0m
[0m[[31merror[0m] [0m                                                                                [0m
[0m[[31merror[0m] [0m[0m
[0m[[31merror[0m] [0m[Stage 14964:===============================>                      (7 + 4) / 12][0m
[0m[[31merror[0m] [0m                                                                                [0m
[0m[[31merror[0m] [0m[0m
[0m[[31merror[0m] [0m[Stage 14966:============================================>        (10 + 2) / 12][0m
[0m[[31merror[0m] [0m                                                                                [0m
[0m[[31merror[0m] [0m[0m
[0m[[31merror[0m] [0m[Stage 14968:================================================>    (11 + 1) / 12][0m
[0m[[31merror[0m] [0m                                                                                [0m
[0m[[31merror[0m] [0m[0m
[0m[[31merror[0m] [0m[Stage 14970:===========================>                          (6 + 5) / 12][0m
[0m[[31merror[0m] [0m                                                                                [0m
[0m[[31merror[0m] [0m[0m
[0m[[31merror[0m] [0m[Stage 14972:============================================>        (10 + 2) / 12][0m
[0m[[31merror[0m] [0m                                                                                [0m
[0m[[31merror[0m] [0m[0m
[0m[[31merror[0m] [0m[Stage 14974:======================>                               (5 + 4) / 12][0m
[0m[[31merror[0m] [0m                                                                                [0m
[0m[[31merror[0m] [0m[0m
[0m[[31merror[0m] [0m[Stage 14976:========================================>             (9 + 3) / 12][0m
[0m[[31merror[0m] [0m                                                                                [0m
[0m[[31merror[0m] [0m[0m
[0m[[31merror[0m] [0m[Stage 14980:===============================>                      (7 + 4) / 12][0m
[0m[[31merror[0m] [0m                                                                                [0m
[0m[[31merror[0m] [0m[0m
[0m[[31merror[0m] [0m[Stage 14982:================================================>    (11 + 1) / 12][0m
[0m[[31merror[0m] [0m                                                                                [0m
[0m[[31merror[0m] [0m[0m
[0m[[31merror[0m] [0m[Stage 14984:===========================>                          (6 + 4) / 12][0m
[0m[[31merror[0m] [0m                                                                                [0m
[0m[[31merror[0m] [0m[0m
[0m[[31merror[0m] [0m[Stage 14986:===============================>                      (7 + 4) / 12][0m
[0m[[31merror[0m] [0m                                                                                [0m
[0m[[31merror[0m] [0m[0m
[0m[[31merror[0m] [0m[Stage 14990:===============================>                      (7 + 4) / 12][0m
[0m[[31merror[0m] [0m                                                                                [0m
[0m[[31merror[0m] [0m[0m
[0m[[31merror[0m] [0m[Stage 14992:===============================>                      (7 + 4) / 12][0m
[0m[[31merror[0m] [0m                                                                                [0m
[0m[[31merror[0m] [0m[0m
[0m[[31merror[0m] [0m[Stage 14994:===============================>                      (7 + 4) / 12][0m
[0m[[31merror[0m] [0m                                                                                [0m
[0m[[31merror[0m] [0m[0m
[0m[[31merror[0m] [0m[Stage 14996:============================================>        (10 + 2) / 12][0m
[0m[[31merror[0m] [0m                                                                                [0m
[0m[[31merror[0m] [0m[0m
[0m[[31merror[0m] [0m[Stage 14998:======================>                               (5 + 5) / 12][0m
[0m[[31merror[0m] [0m                                                                                [0m
[0m[[31merror[0m] [0m[0m
[0m[[31merror[0m] [0m[Stage 15000:===============================>                      (7 + 4) / 12][0m
[0m[[31merror[0m] [0m                                                                                [0m
[0m[[31merror[0m] [0m[0m
[0m[[31merror[0m] [0m[Stage 15002:===========================>                          (6 + 5) / 12][0m
[0m[[31merror[0m] [0m                                                                                [0m
[0m[[31merror[0m] [0m[0m
[0m[[31merror[0m] [0m[Stage 15004:============================================>        (10 + 2) / 12][0m
[0m[[31merror[0m] [0m                                                                                [0m
[0m[[31merror[0m] [0m[0m
[0m[[31merror[0m] [0m[Stage 15006:===========================>                          (6 + 4) / 12][0m
[0m[[31merror[0m] [0m[Stage 15006:================================================>    (11 + 1) / 12][0m
[0m[[31merror[0m] [0m                                                                                [0m
[0m[[31merror[0m] [0m[0m
[0m[[31merror[0m] [0m[Stage 15008:===========================>                          (6 + 5) / 12][0m
[0m[[31merror[0m] [0m                                                                                [0m
[0m[[31merror[0m] [0m[0m
[0m[[31merror[0m] [0m[Stage 15010:===========================>                          (6 + 5) / 12][0m
[0m[[31merror[0m] [0m                                                                                [0m
[0m[[31merror[0m] [0m[0m
[0m[[31merror[0m] [0m[Stage 15012:========================================>             (9 + 3) / 12][0m
[0m[[31merror[0m] [0m                                                                                [0m
[0m[[31merror[0m] [0m[0m
[0m[[31merror[0m] [0m[Stage 15014:===========================>                          (6 + 4) / 12][0m
[0m[[31merror[0m] [0m                                                                                [0m
[0m[[31merror[0m] [0m[0m
[0m[[31merror[0m] [0m[Stage 15016:===========================>                          (6 + 5) / 12][0m
[0m[[31merror[0m] [0m                                                                                [0m
[0m[[31merror[0m] [0m[0m
[0m[[31merror[0m] [0m[Stage 15018:============================================>        (10 + 2) / 12][0m
[0m[[31merror[0m] [0m                                                                                [0m
[0m[[31merror[0m] [0m[0m
[0m[[31merror[0m] [0m[Stage 15020:======================>                               (5 + 4) / 12][0m
[0m[[31merror[0m] [0m                                                                                [0m
[0m[[31merror[0m] [0m[0m
[0m[[31merror[0m] [0m[Stage 15022:===========================>                          (6 + 5) / 12][0m
[0m[[31merror[0m] [0m                                                                                [0m
[0m[[31merror[0m] [0m[0m
[0m[[31merror[0m] [0m[Stage 15024:===============================>                      (7 + 4) / 12][0m
[0m[[31merror[0m] [0m                                                                                [0m
[0m[[31merror[0m] [0m[0m
[0m[[31merror[0m] [0m[Stage 15026:============================================>        (10 + 2) / 12][0m
[0m[[31merror[0m] [0m                                                                                [0m
[0m[[31merror[0m] [0m[0m
[0m[[31merror[0m] [0m[Stage 15028:===========================>                          (6 + 4) / 12][0m
[0m[[31merror[0m] [0m                                                                                [0m
[0m[[31merror[0m] [0m[0m
[0m[[31merror[0m] [0m[Stage 15030:========================================>             (9 + 3) / 12][0m
[0m[[31merror[0m] [0m                                                                                [0m
[0m[[31merror[0m] [0m[0m
[0m[[31merror[0m] [0m[Stage 15032:============================================>        (10 + 2) / 12][0m
[0m[[31merror[0m] [0m                                                                                [0m
[0m[[31merror[0m] [0m[0m
[0m[[31merror[0m] [0m[Stage 15034:======================>                               (5 + 5) / 12][0m
[0m[[31merror[0m] [0m                                                                                [0m
[0m[[31merror[0m] [0m[0m
[0m[[31merror[0m] [0m[Stage 15036:===========================>                          (6 + 5) / 12][0m
[0m[[31merror[0m] [0m                                                                                [0m
[0m[[31merror[0m] [0m[0m
[0m[[31merror[0m] [0m[Stage 15038:============================================>        (10 + 2) / 12][0m
[0m[[31merror[0m] [0m                                                                                [0m
[0m[[31merror[0m] [0m[0m
[0m[[31merror[0m] [0m[Stage 15040:======================>                               (5 + 4) / 12][0m
[0m[[31merror[0m] [0m[Stage 15040:================================================>    (11 + 1) / 12][0m
[0m[[31merror[0m] [0m                                                                                [0m
[0m[[31merror[0m] [0m[0m
[0m[[31merror[0m] [0m[Stage 15042:===========================>                          (6 + 4) / 12][0m
[0m[[31merror[0m] [0m                                                                                [0m
[0m[[31merror[0m] [0m[0m
[0m[[31merror[0m] [0m[Stage 15044:================================================>    (11 + 1) / 12][0m
[0m[[31merror[0m] [0m                                                                                [0m
[0m[[31merror[0m] [0m[0m
[0m[[31merror[0m] [0m[Stage 15046:===========================>                          (6 + 4) / 12][0m
[0m[[31merror[0m] [0m                                                                                [0m
[0m[[31merror[0m] [0m[0m
[0m[[31merror[0m] [0m[Stage 15048:===========================>                          (6 + 5) / 12][0m
[0m[[31merror[0m] [0m                                                                                [0m
[0m[[31merror[0m] [0m[0m
[0m[[31merror[0m] [0m[Stage 15050:==================>                                   (4 + 7) / 12][0m
[0m[[31merror[0m] [0m[Stage 15050:================================================>    (11 + 1) / 12][0m
[0m[[31merror[0m] [0m                                                                                [0m
[0m[[31merror[0m] [0m[0m
[0m[[31merror[0m] [0m[Stage 15052:===========================>                          (6 + 4) / 12][0m
[0m[[31merror[0m] [0m                                                                                [0m
[0m[[31merror[0m] [0m[0m
[0m[[31merror[0m] [0m[Stage 15054:========================================>             (9 + 3) / 12][0m
[0m[[31merror[0m] [0m                                                                                [0m
[0m[[31merror[0m] [0m[0m
[0m[[31merror[0m] [0m[Stage 15056:================================================>    (11 + 1) / 12][0m
[0m[[31merror[0m] [0m                                                                                [0m
[0m[[31merror[0m] [0m[0m
[0m[[31merror[0m] [0m[Stage 15058:======================>                               (5 + 5) / 12][0m
[0m[[31merror[0m] [0m                                                                                [0m
[0m[[31merror[0m] [0m[0m
[0m[[31merror[0m] [0m[Stage 15060:============================================>        (10 + 2) / 12][0m
[0m[[31merror[0m] [0m                                                                                [0m
[0m[[31merror[0m] [0m[0m
[0m[[31merror[0m] [0m[Stage 15062:======================>                               (5 + 4) / 12][0m
[0m[[31merror[0m] [0m[Stage 15062:================================================>    (11 + 1) / 12][0m
[0m[[31merror[0m] [0m                                                                                [0m
[0m[[31merror[0m] [0m[0m
[0m[[31merror[0m] [0m[Stage 15064:==================>                                   (4 + 6) / 12][0m
[0m[[31merror[0m] [0m                                                                                [0m
[0m[[31merror[0m] [0m[0m
[0m[[31merror[0m] [0m[Stage 15066:===========================>                          (6 + 5) / 12][0m
[0m[[31merror[0m] [0m                                                                                [0m
[0m[[31merror[0m] [0m[0m
[0m[[31merror[0m] [0m[Stage 15068:========================================>             (9 + 3) / 12][0m
[0m[[31merror[0m] [0m                                                                                [0m
[0m[[31merror[0m] [0m[0m
[0m[[31merror[0m] [0m[Stage 15072:===========================>                          (6 + 5) / 12][0m
[0m[[31merror[0m] [0m                                                                                [0m
[0m[[31merror[0m] [0m[0m
[0m[[31merror[0m] [0m[Stage 15074:============================================>        (10 + 2) / 12][0m
[0m[[31merror[0m] [0m                                                                                [0m
[0m[[31merror[0m] [0m[0m
[0m[[31merror[0m] [0m[Stage 15076:==================>                                   (4 + 5) / 12][0m
[0m[[31merror[0m] [0m                                                                                [0m
[0m[[31merror[0m] [0m[0m
[0m[[31merror[0m] [0m[Stage 15078:===========================>                          (6 + 5) / 12][0m
[0m[[31merror[0m] [0m                                                                                [0m
[0m[[31merror[0m] [0m[0m
[0m[[31merror[0m] [0m[Stage 15080:===============================>                      (7 + 4) / 12][0m
[0m[[31merror[0m] [0m                                                                                [0m
[0m[[31merror[0m] [0m[0m
[0m[[31merror[0m] [0m[Stage 15082:================================================>    (11 + 1) / 12][0m
[0m[[31merror[0m] [0m                                                                                [0m
[0m[[31merror[0m] [0m[0m
[0m[[31merror[0m] [0m[Stage 15084:===========================>                          (6 + 5) / 12][0m
[0m[[31merror[0m] [0m                                                                                [0m
[0m[[31merror[0m] [0m[0m
[0m[[31merror[0m] [0m[Stage 15086:============================================>        (10 + 2) / 12][0m
[0m[[31merror[0m] [0m                                                                                [0m
[0m[[31merror[0m] [0m[0m
[0m[[31merror[0m] [0m[Stage 15088:===========================>                          (6 + 4) / 12][0m
[0m[[31merror[0m] [0m                                                                                [0m
[0m[[31merror[0m] [0m[0m
[0m[[31merror[0m] [0m[Stage 15090:======================>                               (5 + 5) / 12][0m
[0m[[31merror[0m] [0m                                                                                [0m
[0m[[31merror[0m] [0m[0m
[0m[[31merror[0m] [0m[Stage 15092:==================>                                   (4 + 6) / 12][0m
[0m[[31merror[0m] [0m                                                                                [0m
[0m[[31merror[0m] [0m[0m
[0m[[31merror[0m] [0m[Stage 15094:============================================>        (10 + 2) / 12][0m
[0m[[31merror[0m] [0m                                                                                [0m
[0m[[31merror[0m] [0m[0m
[0m[[31merror[0m] [0m[Stage 15096:==================>                                   (4 + 5) / 12][0m
[0m[[31merror[0m] [0m[Stage 15096:============================================>        (10 + 2) / 12][0m
[0m[[31merror[0m] [0m                                                                                [0m
[0m[[31merror[0m] [0m[0m
[0m[[31merror[0m] [0m[Stage 15098:==================>                                   (4 + 5) / 12][0m
[0m[[31merror[0m] [0m[Stage 15098:================================================>    (11 + 1) / 12][0m
[0m[[31merror[0m] [0m                                                                                [0m
[0m[[31merror[0m] [0m[0m
[0m[[31merror[0m] [0m[Stage 15100:===========================>                          (6 + 5) / 12][0m
[0m[[31merror[0m] [0m                                                                                [0m
[0m[[31merror[0m] [0m[0m
[0m[[31merror[0m] [0m[Stage 15102:============================================>        (10 + 2) / 12][0m
[0m[[31merror[0m] [0m                                                                                [0m
[0m[[31merror[0m] [0m[0m
[0m[[31merror[0m] [0m[Stage 15104:======================>                               (5 + 4) / 12][0m
[0m[[31merror[0m] [0m                                                                                [0m
[0m[[31merror[0m] [0m[0m
[0m[[31merror[0m] [0m[Stage 15106:========================================>             (9 + 3) / 12][0m
[0m[[31merror[0m] [0m                                                                                [0m
[0m[[31merror[0m] [0m[0m
[0m[[31merror[0m] [0m[Stage 15108:================================================>    (11 + 1) / 12][0m
[0m[[31merror[0m] [0m                                                                                [0m
[0m[[31merror[0m] [0m[0m
[0m[[31merror[0m] [0m[Stage 15110:===============================>                      (7 + 4) / 12][0m
[0m[[31merror[0m] [0m                                                                                [0m
[0m[[31merror[0m] [0m[0m
[0m[[31merror[0m] [0m[Stage 15112:============================================>        (10 + 2) / 12][0m
[0m[[31merror[0m] [0m                                                                                [0m
[0m[[31merror[0m] [0m[0m
[0m[[31merror[0m] [0m[Stage 15114:===========================>                          (6 + 4) / 12][0m
[0m[[31merror[0m] [0m                                                                                [0m
[0m[[31merror[0m] [0m[0m
[0m[[31merror[0m] [0m[Stage 15116:============================================>        (10 + 2) / 12][0m
[0m[[31merror[0m] [0m                                                                                [0m
[0m[[31merror[0m] [0m[0m
[0m[[31merror[0m] [0m[Stage 15118:======================>                               (5 + 4) / 12][0m
[0m[[31merror[0m] [0m[Stage 15118:================================================>    (11 + 1) / 12][0m
[0m[[31merror[0m] [0m                                                                                [0m
[0m[[31merror[0m] [0m[0m
[0m[[31merror[0m] [0m[Stage 15120:======================>                               (5 + 5) / 12][0m
[0m[[31merror[0m] [0m[Stage 15120:================================================>    (11 + 1) / 12][0m
[0m[[31merror[0m] [0m                                                                                [0m
[0m[[31merror[0m] [0m[0m
[0m[[31merror[0m] [0m[Stage 15122:======================>                               (5 + 5) / 12][0m
[0m[[31merror[0m] [0m                                                                                [0m
[0m[[31merror[0m] [0m[0m
[0m[[31merror[0m] [0m[Stage 15124:============================================>        (10 + 2) / 12][0m
[0m[[31merror[0m] [0m                                                                                [0m
[0m[[31merror[0m] [0m[0m
[0m[[31merror[0m] [0m[Stage 15126:======================>                               (5 + 4) / 12][0m
[0m[[31merror[0m] [0m[Stage 15126:================================================>    (11 + 1) / 12][0m
[0m[[31merror[0m] [0m                                                                                [0m
[0m[[31merror[0m] [0m[0m
[0m[[31merror[0m] [0m[Stage 15128:===========================>                          (6 + 4) / 12][0m
[0m[[31merror[0m] [0m                                                                                [0m
[0m[[31merror[0m] [0m[0m
[0m[[31merror[0m] [0m[Stage 15130:===========================>                          (6 + 5) / 12][0m
[0m[[31merror[0m] [0m                                                                                [0m
[0m[[31merror[0m] [0m[0m
[0m[[31merror[0m] [0m[Stage 15132:============================================>        (10 + 2) / 12][0m
[0m[[31merror[0m] [0m                                                                                [0m
[0m[[31merror[0m] [0m[0m
[0m[[31merror[0m] [0m[Stage 15134:===========================>                          (6 + 4) / 12][0m
[0m[[31merror[0m] [0m                                                                                [0m
[0m[[31merror[0m] [0m[0m
[0m[[31merror[0m] [0m[Stage 15136:======================>                               (5 + 4) / 12][0m
[0m[[31merror[0m] [0m[Stage 15136:================================================>    (11 + 1) / 12][0m
[0m[[31merror[0m] [0m                                                                                [0m
[0m[[31merror[0m] [0m[0m
[0m[[31merror[0m] [0m[Stage 15138:===========================>                          (6 + 4) / 12][0m
[0m[[31merror[0m] [0m                                                                                [0m
[0m[[31merror[0m] [0m[0m
[0m[[31merror[0m] [0m[Stage 15140:============================================>        (10 + 2) / 12][0m
[0m[[31merror[0m] [0m                                                                                [0m
[0m[[31merror[0m] [0m[0m
[0m[[31merror[0m] [0m[Stage 15142:======================>                               (5 + 5) / 12][0m
[0m[[31merror[0m] [0m                                                                                [0m
[0m[[31merror[0m] [0m[0m
[0m[[31merror[0m] [0m[Stage 15144:============================================>        (10 + 2) / 12][0m
[0m[[31merror[0m] [0m                                                                                [0m
[0m[[31merror[0m] [0m[0m
[0m[[31merror[0m] [0m[Stage 15146:==================>                                   (4 + 5) / 12][0m
[0m[[31merror[0m] [0m[Stage 15146:================================================>    (11 + 1) / 12][0m
[0m[[31merror[0m] [0m                                                                                [0m
[0m[[31merror[0m] [0m[0m
[0m[[31merror[0m] [0m[Stage 15148:===========================>                          (6 + 4) / 12][0m
[0m[[31merror[0m] [0m                                                                                [0m
[0m[[31merror[0m] [0m[0m
[0m[[31merror[0m] [0m[Stage 15150:========================================>             (9 + 3) / 12][0m
[0m[[31merror[0m] [0m                                                                                [0m
[0m[[31merror[0m] [0m[0m
[0m[[31merror[0m] [0m[Stage 15152:================================================>    (11 + 1) / 12][0m
[0m[[31merror[0m] [0m                                                                                [0m
[0m[[31merror[0m] [0m[0m
[0m[[31merror[0m] [0m[Stage 15154:======================>                               (5 + 5) / 12][0m
[0m[[31merror[0m] [0m                                                                                [0m
[0m[[31merror[0m] [0m[0m
[0m[[31merror[0m] [0m[Stage 15156:================================================>    (11 + 1) / 12][0m
[0m[[31merror[0m] [0m                                                                                [0m
[0m[[31merror[0m] [0m[0m
[0m[[31merror[0m] [0m[Stage 15158:======================>                               (5 + 5) / 12][0m
[0m[[31merror[0m] [0m                                                                                [0m
[0m[[31merror[0m] [0m[0m
[0m[[31merror[0m] [0m[Stage 15160:========================================>             (9 + 3) / 12][0m
[0m[[31merror[0m] [0m                                                                                [0m
[0m[[31merror[0m] [0m[0m
[0m[[31merror[0m] [0m[Stage 15162:============================================>        (10 + 2) / 12][0m
[0m[[31merror[0m] [0m                                                                                [0m
[0m[[31merror[0m] [0m[0m
[0m[[31merror[0m] [0m[Stage 15164:>                                                     (0 + 9) / 12][0m
[0m[[31merror[0m] [0m                                                                                [0m
[0m[[31merror[0m] [0m[0m
[0m[[31merror[0m] [0m[Stage 15166:===========================>                          (6 + 5) / 12][0m
[0m[[31merror[0m] [0m                                                                                [0m
[0m[[31merror[0m] [0m[0m
[0m[[31merror[0m] [0m[Stage 15168:===========================>                          (6 + 5) / 12][0m
[0m[[31merror[0m] [0m                                                                                [0m
[0m[[31merror[0m] [0m[0m
[0m[[31merror[0m] [0m[Stage 15170:========================================>             (9 + 3) / 12][0m
[0m[[31merror[0m] [0m                                                                                [0m
[0m[[31merror[0m] [0m[0m
[0m[[31merror[0m] [0m[Stage 15172:======================>                               (5 + 4) / 12][0m
[0m[[31merror[0m] [0m[Stage 15172:================================================>    (11 + 1) / 12][0m
[0m[[31merror[0m] [0m                                                                                [0m
[0m[[31merror[0m] [0m[0m
[0m[[31merror[0m] [0m[Stage 15174:==================>                                   (4 + 6) / 12][0m
[0m[[31merror[0m] [0m                                                                                [0m
[0m[[31merror[0m] [0m[0m
[0m[[31merror[0m] [0m[Stage 15176:============================================>        (10 + 2) / 12][0m
[0m[[31merror[0m] [0m                                                                                [0m
[0m[[31merror[0m] [0m[0m
[0m[[31merror[0m] [0m[Stage 15178:===========================>                          (6 + 4) / 12][0m
[0m[[31merror[0m] [0m                                                                                [0m
[0m[[31merror[0m] [0m[0m
[0m[[31merror[0m] [0m[Stage 15180:===========================>                          (6 + 5) / 12][0m
[0m[[31merror[0m] [0m                                                                                [0m
[0m[[31merror[0m] [0m[0m
[0m[[31merror[0m] [0m[Stage 15182:============================================>        (10 + 2) / 12][0m
[0m[[31merror[0m] [0m                                                                                [0m
[0m[[31merror[0m] [0m[0m
[0m[[31merror[0m] [0m[Stage 15184:==================>                                   (4 + 5) / 12][0m
[0m[[31merror[0m] [0m                                                                                [0m
[0m[[31merror[0m] [0m[0m
[0m[[31merror[0m] [0m[Stage 15186:======================>                               (5 + 5) / 12][0m
[0m[[31merror[0m] [0m                                                                                [0m
[0m[[31merror[0m] [0m[0m
[0m[[31merror[0m] [0m[Stage 15188:============================================>        (10 + 2) / 12][0m
[0m[[31merror[0m] [0m                                                                                [0m
[0m[[31merror[0m] [0m[0m
[0m[[31merror[0m] [0m[Stage 15190:======================>                               (5 + 4) / 12][0m
[0m[[31merror[0m] [0m[Stage 15190:================================================>    (11 + 1) / 12][0m
[0m[[31merror[0m] [0m                                                                                [0m
[0m[[31merror[0m] [0m[0m
[0m[[31merror[0m] [0m[Stage 15192:===========================>                          (6 + 5) / 12][0m
[0m[[31merror[0m] [0m                                                                                [0m
[0m[[31merror[0m] [0m[0m
[0m[[31merror[0m] [0m[Stage 15194:================================================>    (11 + 1) / 12][0m
[0m[[31merror[0m] [0m                                                                                [0m
[0m[[31merror[0m] [0m[0m
[0m[[31merror[0m] [0m[Stage 15196:===========================>                          (6 + 4) / 12][0m
[0m[[31merror[0m] [0m                                                                                [0m
[0m[[31merror[0m] [0m[0m
[0m[[31merror[0m] [0m[Stage 15198:========================================>             (9 + 3) / 12][0m
[0m[[31merror[0m] [0m                                                                                [0m
[0m[[31merror[0m] [0m[0m
[0m[[31merror[0m] [0m[Stage 15200:============================================>        (10 + 2) / 12][0m
[0m[[31merror[0m] [0m                                                                                [0m
[0m[[31merror[0m] [0m[0m
[0m[[31merror[0m] [0m[Stage 15202:===========================>                          (6 + 4) / 12][0m
[0m[[31merror[0m] [0m                                                                                [0m
[0m[[31merror[0m] [0m[0m
[0m[[31merror[0m] [0m[Stage 15204:=============>                                        (3 + 7) / 12][0m
[0m[[31merror[0m] [0m                                                                                [0m
[0m[[31merror[0m] [0m[0m
[0m[[31merror[0m] [0m[Stage 15206:=============>                                        (3 + 8) / 12][0m
[0m[[31merror[0m] [0m                                                                                [0m
[0m[[31merror[0m] [0m[0m
[0m[[31merror[0m] [0m[Stage 15208:================================================>    (11 + 1) / 12][0m
[0m[[31merror[0m] [0m                                                                                [0m
[0m[[31merror[0m] [0m[0m
[0m[[31merror[0m] [0m[Stage 15210:===========================>                          (6 + 4) / 12][0m
[0m[[0minfo[0m] [0m		Elapsed time: 740.870635ms[0m
[0m[[31merror[0m] [0m                                                                                [0m
[0m[[0minfo[0m] [0m	Testing dataset degree: 3	mapper: PolynomialMapper-V2	name: denseData[0m
[0m[[0minfo[0m] [0m		Elapsed time: 456.569887ms[0m
[0m[[0minfo[0m] [0m	Testing dataset degree: 3	mapper: PolynomialMapper-V2	name: sparseData[0m
[0m[[31merror[0m] [0m[0m
[0m[[31merror[0m] [0m[Stage 15612:================================================>    (11 + 1) / 12][0m
[0m[[31merror[0m] [0m                                                                                [0m
[0m[[31merror[0m] [0m[0m
[0m[[31merror[0m] [0m[Stage 15614:======================>                               (5 + 5) / 12][0m
[0m[[31merror[0m] [0m                                                                                [0m
[0m[[31merror[0m] [0m[0m
[0m[[31merror[0m] [0m[Stage 15616:======================>                               (5 + 4) / 12][0m
[0m[[31merror[0m] [0m[Stage 15616:================================================>    (11 + 1) / 12][0m
[0m[[31merror[0m] [0m                                                                                [0m
[0m[[31merror[0m] [0m[0m
[0m[[31merror[0m] [0m[Stage 15618:======================>                               (5 + 5) / 12][0m
[0m[[31merror[0m] [0m                                                                                [0m
[0m[[31merror[0m] [0m[0m
[0m[[31merror[0m] [0m[Stage 15620:===========================>                          (6 + 5) / 12][0m
[0m[[31merror[0m] [0m                                                                                [0m
[0m[[31merror[0m] [0m[0m
[0m[[31merror[0m] [0m[Stage 15622:========================================>             (9 + 3) / 12][0m
[0m[[31merror[0m] [0m                                                                                [0m
[0m[[31merror[0m] [0m[0m
[0m[[31merror[0m] [0m[Stage 15624:================================================>    (11 + 1) / 12][0m
[0m[[31merror[0m] [0m                                                                                [0m
[0m[[31merror[0m] [0m[0m
[0m[[31merror[0m] [0m[Stage 15626:===========================>                          (6 + 4) / 12][0m
[0m[[31merror[0m] [0m                                                                                [0m
[0m[[31merror[0m] [0m[0m
[0m[[31merror[0m] [0m[Stage 15628:===============================>                      (7 + 4) / 12][0m
[0m[[31merror[0m] [0m                                                                                [0m
[0m[[31merror[0m] [0m[0m
[0m[[31merror[0m] [0m[Stage 15630:================================================>    (11 + 1) / 12][0m
[0m[[31merror[0m] [0m                                                                                [0m
[0m[[31merror[0m] [0m[0m
[0m[[31merror[0m] [0m[Stage 15632:===============================>                      (7 + 4) / 12][0m
[0m[[31merror[0m] [0m                                                                                [0m
[0m[[31merror[0m] [0m[0m
[0m[[31merror[0m] [0m[Stage 15634:============================================>        (10 + 2) / 12][0m
[0m[[31merror[0m] [0m                                                                                [0m
[0m[[31merror[0m] [0m[0m
[0m[[31merror[0m] [0m[Stage 15636:======================>                               (5 + 4) / 12][0m
[0m[[31merror[0m] [0m                                                                                [0m
[0m[[31merror[0m] [0m[0m
[0m[[31merror[0m] [0m[Stage 15638:========================================>             (9 + 3) / 12][0m
[0m[[31merror[0m] [0m                                                                                [0m
[0m[[31merror[0m] [0m[0m
[0m[[31merror[0m] [0m[Stage 15640:============================================>        (10 + 2) / 12][0m
[0m[[31merror[0m] [0m                                                                                [0m
[0m[[31merror[0m] [0m[0m
[0m[[31merror[0m] [0m[Stage 15642:===========================>                          (6 + 4) / 12][0m
[0m[[31merror[0m] [0m                                                                                [0m
[0m[[31merror[0m] [0m[0m
[0m[[31merror[0m] [0m[Stage 15644:========================================>             (9 + 3) / 12][0m
[0m[[31merror[0m] [0m                                                                                [0m
[0m[[31merror[0m] [0m[0m
[0m[[31merror[0m] [0m[Stage 15646:================================================>    (11 + 1) / 12][0m
[0m[[31merror[0m] [0m                                                                                [0m
[0m[[31merror[0m] [0m[0m
[0m[[31merror[0m] [0m[Stage 15648:===========================>                          (6 + 5) / 12][0m
[0m[[31merror[0m] [0m                                                                                [0m
[0m[[31merror[0m] [0m[0m
[0m[[31merror[0m] [0m[Stage 15650:============================================>        (10 + 2) / 12][0m
[0m[[31merror[0m] [0m                                                                                [0m
[0m[[31merror[0m] [0m[0m
[0m[[31merror[0m] [0m[Stage 15652:===========================>                          (6 + 4) / 12][0m
[0m[[31merror[0m] [0m                                                                                [0m
[0m[[31merror[0m] [0m[0m
[0m[[31merror[0m] [0m[Stage 15654:==================>                                   (4 + 7) / 12][0m
[0m[[31merror[0m] [0m                                                                                [0m
[0m[[31merror[0m] [0m[0m
[0m[[31merror[0m] [0m[Stage 15656:==================>                                   (4 + 7) / 12][0m
[0m[[31merror[0m] [0m                                                                                [0m
[0m[[31merror[0m] [0m[0m
[0m[[31merror[0m] [0m[Stage 15658:================================================>    (11 + 1) / 12][0m
[0m[[31merror[0m] [0m                                                                                [0m
[0m[[31merror[0m] [0m[0m
[0m[[31merror[0m] [0m[Stage 15660:======================>                               (5 + 5) / 12][0m
[0m[[31merror[0m] [0m                                                                                [0m
[0m[[31merror[0m] [0m[0m
[0m[[31merror[0m] [0m[Stage 15662:========================================>             (9 + 3) / 12][0m
[0m[[31merror[0m] [0m                                                                                [0m
[0m[[31merror[0m] [0m[0m
[0m[[31merror[0m] [0m[Stage 15664:======================>                               (5 + 4) / 12][0m
[0m[[31merror[0m] [0m[Stage 15664:================================================>    (11 + 1) / 12][0m
[0m[[31merror[0m] [0m                                                                                [0m
[0m[[31merror[0m] [0m[0m
[0m[[31merror[0m] [0m[Stage 15666:===============================>                      (7 + 4) / 12][0m
[0m[[31merror[0m] [0m                                                                                [0m
[0m[[31merror[0m] [0m[0m
[0m[[31merror[0m] [0m[Stage 15668:============================================>        (10 + 2) / 12][0m
[0m[[31merror[0m] [0m                                                                                [0m
[0m[[31merror[0m] [0m[0m
[0m[[31merror[0m] [0m[Stage 15670:===========================>                          (6 + 4) / 12][0m
[0m[[31merror[0m] [0m                                                                                [0m
[0m[[31merror[0m] [0m[0m
[0m[[31merror[0m] [0m[Stage 15672:========================================>             (9 + 3) / 12][0m
[0m[[31merror[0m] [0m                                                                                [0m
[0m[[31merror[0m] [0m[0m
[0m[[31merror[0m] [0m[Stage 15674:================================================>    (11 + 1) / 12][0m
[0m[[31merror[0m] [0m                                                                                [0m
[0m[[31merror[0m] [0m[0m
[0m[[31merror[0m] [0m[Stage 15676:===============================>                      (7 + 4) / 12][0m
[0m[[31merror[0m] [0m                                                                                [0m
[0m[[31merror[0m] [0m[0m
[0m[[31merror[0m] [0m[Stage 15678:============================================>        (10 + 2) / 12][0m
[0m[[31merror[0m] [0m                                                                                [0m
[0m[[31merror[0m] [0m[0m
[0m[[31merror[0m] [0m[Stage 15680:===========================>                          (6 + 4) / 12][0m
[0m[[31merror[0m] [0m                                                                                [0m
[0m[[31merror[0m] [0m[0m
[0m[[31merror[0m] [0m[Stage 15682:===============================>                      (7 + 4) / 12][0m
[0m[[31merror[0m] [0m                                                                                [0m
[0m[[31merror[0m] [0m[0m
[0m[[31merror[0m] [0m[Stage 15684:===========================>                          (6 + 4) / 12][0m
[0m[[31merror[0m] [0m                                                                                [0m
[0m[[31merror[0m] [0m[0m
[0m[[31merror[0m] [0m[Stage 15686:======================>                               (5 + 6) / 12][0m
[0m[[31merror[0m] [0m                                                                                [0m
[0m[[31merror[0m] [0m[0m
[0m[[31merror[0m] [0m[Stage 15690:======================>                               (5 + 6) / 12][0m
[0m[[31merror[0m] [0m                                                                                [0m
[0m[[31merror[0m] [0m[0m
[0m[[31merror[0m] [0m[Stage 15692:================================================>    (11 + 1) / 12][0m
[0m[[31merror[0m] [0m                                                                                [0m
[0m[[31merror[0m] [0m[0m
[0m[[31merror[0m] [0m[Stage 15694:===========================>                          (6 + 4) / 12][0m
[0m[[31merror[0m] [0m[Stage 15694:================================================>    (11 + 1) / 12][0m
[0m[[31merror[0m] [0m                                                                                [0m
[0m[[31merror[0m] [0m[0m
[0m[[31merror[0m] [0m[Stage 15696:===========================>                          (6 + 5) / 12][0m
[0m[[31merror[0m] [0m                                                                                [0m
[0m[[31merror[0m] [0m[0m
[0m[[31merror[0m] [0m[Stage 15698:============================================>        (10 + 2) / 12][0m
[0m[[31merror[0m] [0m                                                                                [0m
[0m[[31merror[0m] [0m[0m
[0m[[31merror[0m] [0m[Stage 15700:================================================>    (11 + 1) / 12][0m
[0m[[31merror[0m] [0m                                                                                [0m
[0m[[31merror[0m] [0m[0m
[0m[[31merror[0m] [0m[Stage 15702:===========================>                          (6 + 4) / 12][0m
[0m[[31merror[0m] [0m                                                                                [0m
[0m[[31merror[0m] [0m[0m
[0m[[31merror[0m] [0m[Stage 15704:===============================>                      (7 + 4) / 12][0m
[0m[[31merror[0m] [0m                                                                                [0m
[0m[[31merror[0m] [0m[0m
[0m[[31merror[0m] [0m[Stage 15706:================================================>    (11 + 1) / 12][0m
[0m[[31merror[0m] [0m                                                                                [0m
[0m[[31merror[0m] [0m[0m
[0m[[31merror[0m] [0m[Stage 15708:==================>                                   (4 + 5) / 12][0m
[0m[[31merror[0m] [0m[Stage 15708:================================================>    (11 + 1) / 12][0m
[0m[[31merror[0m] [0m                                                                                [0m
[0m[[31merror[0m] [0m[0m
[0m[[31merror[0m] [0m[Stage 15710:===========================>                          (6 + 4) / 12][0m
[0m[[31merror[0m] [0m                                                                                [0m
[0m[[31merror[0m] [0m[0m
[0m[[31merror[0m] [0m[Stage 15712:======================>                               (5 + 6) / 12][0m
[0m[[31merror[0m] [0m                                                                                [0m
[0m[[31merror[0m] [0m[0m
[0m[[31merror[0m] [0m[Stage 15714:================================================>    (11 + 1) / 12][0m
[0m[[31merror[0m] [0m                                                                                [0m
[0m[[31merror[0m] [0m[0m
[0m[[31merror[0m] [0m[Stage 15716:===============================>                      (7 + 4) / 12][0m
[0m[[31merror[0m] [0m                                                                                [0m
[0m[[31merror[0m] [0m[0m
[0m[[31merror[0m] [0m[Stage 15718:============================================>        (10 + 2) / 12][0m
[0m[[31merror[0m] [0m                                                                                [0m
[0m[[31merror[0m] [0m[0m
[0m[[31merror[0m] [0m[Stage 15720:======================>                               (5 + 4) / 12][0m
[0m[[31merror[0m] [0m                                                                                [0m
[0m[[31merror[0m] [0m[0m
[0m[[31merror[0m] [0m[Stage 15722:============================================>        (10 + 2) / 12][0m
[0m[[31merror[0m] [0m                                                                                [0m
[0m[[31merror[0m] [0m[0m
[0m[[31merror[0m] [0m[Stage 15724:================================================>    (11 + 1) / 12][0m
[0m[[31merror[0m] [0m                                                                                [0m
[0m[[31merror[0m] [0m[0m
[0m[[31merror[0m] [0m[Stage 15726:======================>                               (5 + 6) / 12][0m
[0m[[31merror[0m] [0m                                                                                [0m
[0m[[31merror[0m] [0m[0m
[0m[[31merror[0m] [0m[Stage 15728:============================================>        (10 + 2) / 12][0m
[0m[[31merror[0m] [0m                                                                                [0m
[0m[[31merror[0m] [0m[0m
[0m[[31merror[0m] [0m[Stage 15730:===========================>                          (6 + 4) / 12][0m
[0m[[31merror[0m] [0m                                                                                [0m
[0m[[31merror[0m] [0m[0m
[0m[[31merror[0m] [0m[Stage 15732:======================>                               (5 + 6) / 12][0m
[0m[[31merror[0m] [0m                                                                                [0m
[0m[[31merror[0m] [0m[0m
[0m[[31merror[0m] [0m[Stage 15734:========================================>             (9 + 3) / 12][0m
[0m[[31merror[0m] [0m                                                                                [0m
[0m[[31merror[0m] [0m[0m
[0m[[31merror[0m] [0m[Stage 15738:========================================>             (9 + 3) / 12][0m
[0m[[31merror[0m] [0m                                                                                [0m
[0m[[31merror[0m] [0m[0m
[0m[[31merror[0m] [0m[Stage 15742:======================>                               (5 + 6) / 12][0m
[0m[[31merror[0m] [0m                                                                                [0m
[0m[[31merror[0m] [0m[0m
[0m[[31merror[0m] [0m[Stage 15744:========================================>             (9 + 3) / 12][0m
[0m[[31merror[0m] [0m                                                                                [0m
[0m[[31merror[0m] [0m[0m
[0m[[31merror[0m] [0m[Stage 15746:==================>                                   (4 + 5) / 12][0m
[0m[[31merror[0m] [0m[Stage 15746:================================================>    (11 + 1) / 12][0m
[0m[[31merror[0m] [0m                                                                                [0m
[0m[[31merror[0m] [0m[0m
[0m[[31merror[0m] [0m[Stage 15748:==================>                                   (4 + 6) / 12][0m
[0m[[31merror[0m] [0m                                                                                [0m
[0m[[31merror[0m] [0m[0m
[0m[[31merror[0m] [0m[Stage 15750:===============================>                      (7 + 4) / 12][0m
[0m[[31merror[0m] [0m                                                                                [0m
[0m[[31merror[0m] [0m[0m
[0m[[31merror[0m] [0m[Stage 15752:====================================>                 (8 + 4) / 12][0m
[0m[[31merror[0m] [0m                                                                                [0m
[0m[[31merror[0m] [0m[0m
[0m[[31merror[0m] [0m[Stage 15756:===========================>                          (6 + 5) / 12][0m
[0m[[31merror[0m] [0m                                                                                [0m
[0m[[31merror[0m] [0m[0m
[0m[[31merror[0m] [0m[Stage 15758:============================================>        (10 + 2) / 12][0m
[0m[[31merror[0m] [0m                                                                                [0m
[0m[[31merror[0m] [0m[0m
[0m[[31merror[0m] [0m[Stage 15760:======================>                               (5 + 4) / 12][0m
[0m[[31merror[0m] [0m[Stage 15760:============================================>        (10 + 2) / 12][0m
[0m[[31merror[0m] [0m                                                                                [0m
[0m[[31merror[0m] [0m[0m
[0m[[31merror[0m] [0m[Stage 15762:===========================>                          (6 + 4) / 12][0m
[0m[[31merror[0m] [0m                                                                                [0m
[0m[[31merror[0m] [0m[0m
[0m[[31merror[0m] [0m[Stage 15764:========================================>             (9 + 3) / 12][0m
[0m[[31merror[0m] [0m                                                                                [0m
[0m[[31merror[0m] [0m[0m
[0m[[31merror[0m] [0m[Stage 15766:===========================>                          (6 + 4) / 12][0m
[0m[[31merror[0m] [0m                                                                                [0m
[0m[[31merror[0m] [0m[0m
[0m[[31merror[0m] [0m[Stage 15768:========================================>             (9 + 3) / 12][0m
[0m[[31merror[0m] [0m                                                                                [0m
[0m[[31merror[0m] [0m[0m
[0m[[31merror[0m] [0m[Stage 15770:================================================>    (11 + 1) / 12][0m
[0m[[31merror[0m] [0m                                                                                [0m
[0m[[31merror[0m] [0m[0m
[0m[[31merror[0m] [0m[Stage 15772:===========================>                          (6 + 4) / 12][0m
[0m[[31merror[0m] [0m                                                                                [0m
[0m[[31merror[0m] [0m[0m
[0m[[31merror[0m] [0m[Stage 15774:===========================>                          (6 + 5) / 12][0m
[0m[[31merror[0m] [0m                                                                                [0m
[0m[[31merror[0m] [0m[0m
[0m[[31merror[0m] [0m[Stage 15776:========================================>             (9 + 3) / 12][0m
[0m[[31merror[0m] [0m                                                                                [0m
[0m[[31merror[0m] [0m[0m
[0m[[31merror[0m] [0m[Stage 15778:==================>                                   (4 + 5) / 12][0m
[0m[[31merror[0m] [0m[Stage 15778:================================================>    (11 + 1) / 12][0m
[0m[[31merror[0m] [0m                                                                                [0m
[0m[[31merror[0m] [0m[0m
[0m[[31merror[0m] [0m[Stage 15780:===========================>                          (6 + 5) / 12][0m
[0m[[31merror[0m] [0m                                                                                [0m
[0m[[31merror[0m] [0m[0m
[0m[[31merror[0m] [0m[Stage 15782:============================================>        (10 + 2) / 12][0m
[0m[[31merror[0m] [0m                                                                                [0m
[0m[[31merror[0m] [0m[0m
[0m[[31merror[0m] [0m[Stage 15784:======================>                               (5 + 4) / 12][0m
[0m[[31merror[0m] [0m                                                                                [0m
[0m[[31merror[0m] [0m[0m
[0m[[31merror[0m] [0m[Stage 15786:===========================>                          (6 + 5) / 12][0m
[0m[[31merror[0m] [0m                                                                                [0m
[0m[[31merror[0m] [0m[0m
[0m[[31merror[0m] [0m[Stage 15788:============================================>        (10 + 2) / 12][0m
[0m[[31merror[0m] [0m                                                                                [0m
[0m[[31merror[0m] [0m[0m
[0m[[31merror[0m] [0m[Stage 15790:======================>                               (5 + 4) / 12][0m
[0m[[31merror[0m] [0m[Stage 15790:================================================>    (11 + 1) / 12][0m
[0m[[31merror[0m] [0m                                                                                [0m
[0m[[31merror[0m] [0m[0m
[0m[[31merror[0m] [0m[Stage 15792:======================>                               (5 + 5) / 12][0m
[0m[[31merror[0m] [0m                                                                                [0m
[0m[[31merror[0m] [0m[0m
[0m[[31merror[0m] [0m[Stage 15794:===========================>                          (6 + 4) / 12][0m
[0m[[31merror[0m] [0m                                                                                [0m
[0m[[31merror[0m] [0m[0m
[0m[[31merror[0m] [0m[Stage 15796:========================================>             (9 + 3) / 12][0m
[0m[[31merror[0m] [0m                                                                                [0m
[0m[[31merror[0m] [0m[0m
[0m[[31merror[0m] [0m[Stage 15798:================================================>    (11 + 1) / 12][0m
[0m[[31merror[0m] [0m                                                                                [0m
[0m[[31merror[0m] [0m[0m
[0m[[31merror[0m] [0m[Stage 15800:===========================>                          (6 + 4) / 12][0m
[0m[[31merror[0m] [0m                                                                                [0m
[0m[[31merror[0m] [0m[0m
[0m[[31merror[0m] [0m[Stage 15802:========================================>             (9 + 3) / 12][0m
[0m[[31merror[0m] [0m                                                                                [0m
[0m[[31merror[0m] [0m[0m
[0m[[31merror[0m] [0m[Stage 15804:======================>                               (5 + 4) / 12][0m
[0m[[31merror[0m] [0m[Stage 15804:============================================>        (10 + 2) / 12][0m
[0m[[31merror[0m] [0m                                                                                [0m
[0m[[31merror[0m] [0m[0m
[0m[[31merror[0m] [0m[Stage 15806:===========================>                          (6 + 4) / 12][0m
[0m[[31merror[0m] [0m                                                                                [0m
[0m[[31merror[0m] [0m[0m
[0m[[31merror[0m] [0m[Stage 15808:===========================>                          (6 + 5) / 12][0m
[0m[[31merror[0m] [0m                                                                                [0m
[0m[[31merror[0m] [0m[0m
[0m[[31merror[0m] [0m[Stage 15810:============================================>        (10 + 2) / 12][0m
[0m[[31merror[0m] [0m                                                                                [0m
[0m[[31merror[0m] [0m[0m
[0m[[31merror[0m] [0m[Stage 15812:===========================>                          (6 + 4) / 12][0m
[0m[[31merror[0m] [0m                                                                                [0m
[0m[[31merror[0m] [0m[0m
[0m[[31merror[0m] [0m[Stage 15814:============================================>        (10 + 2) / 12][0m
[0m[[31merror[0m] [0m                                                                                [0m
[0m[[31merror[0m] [0m[0m
[0m[[31merror[0m] [0m[Stage 15816:======================>                               (5 + 4) / 12][0m
[0m[[31merror[0m] [0m[Stage 15816:================================================>    (11 + 1) / 12][0m
[0m[[31merror[0m] [0m                                                                                [0m
[0m[[31merror[0m] [0m[0m
[0m[[31merror[0m] [0m[Stage 15818:======================>                               (5 + 5) / 12][0m
[0m[[31merror[0m] [0m                                                                                [0m
[0m[[31merror[0m] [0m[0m
[0m[[31merror[0m] [0m[Stage 15820:===========================>                          (6 + 5) / 12][0m
[0m[[31merror[0m] [0m                                                                                [0m
[0m[[31merror[0m] [0m[0m
[0m[[31merror[0m] [0m[Stage 15822:================================================>    (11 + 1) / 12][0m
[0m[[31merror[0m] [0m                                                                                [0m
[0m[[31merror[0m] [0m[0m
[0m[[31merror[0m] [0m[Stage 15824:===========================>                          (6 + 4) / 12][0m
[0m[[31merror[0m] [0m                                                                                [0m
[0m[[31merror[0m] [0m[0m
[0m[[31merror[0m] [0m[Stage 15826:========================================>             (9 + 3) / 12][0m
[0m[[31merror[0m] [0m                                                                                [0m
[0m[[31merror[0m] [0m[0m
[0m[[31merror[0m] [0m[Stage 15828:================================================>    (11 + 1) / 12][0m
[0m[[31merror[0m] [0m                                                                                [0m
[0m[[31merror[0m] [0m[0m
[0m[[31merror[0m] [0m[Stage 15830:===========================>                          (6 + 4) / 12][0m
[0m[[31merror[0m] [0m                                                                                [0m
[0m[[31merror[0m] [0m[0m
[0m[[31merror[0m] [0m[Stage 15832:========================================>             (9 + 3) / 12][0m
[0m[[31merror[0m] [0m                                                                                [0m
[0m[[31merror[0m] [0m[0m
[0m[[31merror[0m] [0m[Stage 15834:================================================>    (11 + 1) / 12][0m
[0m[[31merror[0m] [0m                                                                                [0m
[0m[[31merror[0m] [0m[0m
[0m[[31merror[0m] [0m[Stage 15836:===============================>                      (7 + 4) / 12][0m
[0m[[31merror[0m] [0m                                                                                [0m
[0m[[31merror[0m] [0m[0m
[0m[[31merror[0m] [0m[Stage 15838:===============================>                      (7 + 4) / 12][0m
[0m[[31merror[0m] [0m                                                                                [0m
[0m[[31merror[0m] [0m[0m
[0m[[31merror[0m] [0m[Stage 15840:============================================>        (10 + 2) / 12][0m
[0m[[31merror[0m] [0m                                                                                [0m
[0m[[31merror[0m] [0m[0m
[0m[[31merror[0m] [0m[Stage 15842:=========>                                            (2 + 7) / 12][0m
[0m[[31merror[0m] [0m[Stage 15842:================================================>    (11 + 1) / 12][0m
[0m[[31merror[0m] [0m                                                                                [0m
[0m[[31merror[0m] [0m[0m
[0m[[31merror[0m] [0m[Stage 15844:===========================>                          (6 + 4) / 12][0m
[0m[[31merror[0m] [0m                                                                                [0m
[0m[[31merror[0m] [0m[0m
[0m[[31merror[0m] [0m[Stage 15846:===========================>                          (6 + 5) / 12][0m
[0m[[31merror[0m] [0m                                                                                [0m
[0m[[31merror[0m] [0m[0m
[0m[[31merror[0m] [0m[Stage 15848:============================================>        (10 + 2) / 12][0m
[0m[[31merror[0m] [0m                                                                                [0m
[0m[[31merror[0m] [0m[0m
[0m[[31merror[0m] [0m[Stage 15850:==================>                                   (4 + 5) / 12][0m
[0m[[31merror[0m] [0m[Stage 15850:================================================>    (11 + 1) / 12][0m
[0m[[31merror[0m] [0m                                                                                [0m
[0m[[31merror[0m] [0m[0m
[0m[[31merror[0m] [0m[Stage 15852:======================>                               (5 + 5) / 12][0m
[0m[[31merror[0m] [0m                                                                                [0m
[0m[[31merror[0m] [0m[0m
[0m[[31merror[0m] [0m[Stage 15854:===============================>                      (7 + 4) / 12][0m
[0m[[31merror[0m] [0m                                                                                [0m
[0m[[31merror[0m] [0m[0m
[0m[[31merror[0m] [0m[Stage 15856:============================================>        (10 + 2) / 12][0m
[0m[[31merror[0m] [0m                                                                                [0m
[0m[[31merror[0m] [0m[0m
[0m[[31merror[0m] [0m[Stage 15858:======================>                               (5 + 4) / 12][0m
[0m[[31merror[0m] [0m                                                                                [0m
[0m[[31merror[0m] [0m[0m
[0m[[31merror[0m] [0m[Stage 15860:===========================>                          (6 + 5) / 12][0m
[0m[[31merror[0m] [0m                                                                                [0m
[0m[[31merror[0m] [0m[0m
[0m[[31merror[0m] [0m[Stage 15862:================================================>    (11 + 1) / 12][0m
[0m[[31merror[0m] [0m                                                                                [0m
[0m[[31merror[0m] [0m[0m
[0m[[31merror[0m] [0m[Stage 15864:===============================>                      (7 + 4) / 12][0m
[0m[[31merror[0m] [0m                                                                                [0m
[0m[[31merror[0m] [0m[0m
[0m[[31merror[0m] [0m[Stage 15866:============================================>        (10 + 2) / 12][0m
[0m[[31merror[0m] [0m                                                                                [0m
[0m[[31merror[0m] [0m[0m
[0m[[31merror[0m] [0m[Stage 15868:>                                                     (0 + 9) / 12][0m
[0m[[31merror[0m] [0m[Stage 15868:================================================>    (11 + 1) / 12][0m
[0m[[31merror[0m] [0m                                                                                [0m
[0m[[31merror[0m] [0m[0m
[0m[[31merror[0m] [0m[Stage 15870:======================>                               (5 + 5) / 12][0m
[0m[[31merror[0m] [0m                                                                                [0m
[0m[[31merror[0m] [0m[0m
[0m[[31merror[0m] [0m[Stage 15872:========================================>             (9 + 3) / 12][0m
[0m[[31merror[0m] [0m                                                                                [0m
[0m[[31merror[0m] [0m[0m
[0m[[31merror[0m] [0m[Stage 15874:================================================>    (11 + 1) / 12][0m
[0m[[31merror[0m] [0m                                                                                [0m
[0m[[31merror[0m] [0m[0m
[0m[[31merror[0m] [0m[Stage 15876:===============================>                      (7 + 4) / 12][0m
[0m[[31merror[0m] [0m                                                                                [0m
[0m[[31merror[0m] [0m[0m
[0m[[31merror[0m] [0m[Stage 15878:============================================>        (10 + 2) / 12][0m
[0m[[31merror[0m] [0m                                                                                [0m
[0m[[31merror[0m] [0m[0m
[0m[[31merror[0m] [0m[Stage 15880:======================>                               (5 + 4) / 12][0m
[0m[[31merror[0m] [0m[Stage 15880:================================================>    (11 + 1) / 12][0m
[0m[[31merror[0m] [0m                                                                                [0m
[0m[[31merror[0m] [0m[0m
[0m[[31merror[0m] [0m[Stage 15882:===========================>                          (6 + 5) / 12][0m
[0m[[31merror[0m] [0m                                                                                [0m
[0m[[31merror[0m] [0m[0m
[0m[[31merror[0m] [0m[Stage 15884:============================================>        (10 + 2) / 12][0m
[0m[[31merror[0m] [0m                                                                                [0m
[0m[[31merror[0m] [0m[0m
[0m[[31merror[0m] [0m[Stage 15886:======================>                               (5 + 4) / 12][0m
[0m[[31merror[0m] [0m[Stage 15886:================================================>    (11 + 1) / 12][0m
[0m[[31merror[0m] [0m                                                                                [0m
[0m[[31merror[0m] [0m[0m
[0m[[31merror[0m] [0m[Stage 15888:======================>                               (5 + 5) / 12][0m
[0m[[31merror[0m] [0m                                                                                [0m
[0m[[31merror[0m] [0m[0m
[0m[[31merror[0m] [0m[Stage 15890:======================>                               (5 + 6) / 12][0m
[0m[[31merror[0m] [0m                                                                                [0m
[0m[[31merror[0m] [0m[0m
[0m[[31merror[0m] [0m[Stage 15892:============================================>        (10 + 2) / 12][0m
[0m[[31merror[0m] [0m                                                                                [0m
[0m[[31merror[0m] [0m[0m
[0m[[31merror[0m] [0m[Stage 15894:===========================>                          (6 + 4) / 12][0m
[0m[[31merror[0m] [0m                                                                                [0m
[0m[[31merror[0m] [0m[0m
[0m[[31merror[0m] [0m[Stage 15896:===============================>                      (7 + 4) / 12][0m
[0m[[31merror[0m] [0m                                                                                [0m
[0m[[31merror[0m] [0m[0m
[0m[[31merror[0m] [0m[Stage 15898:================================================>    (11 + 1) / 12][0m
[0m[[31merror[0m] [0m                                                                                [0m
[0m[[31merror[0m] [0m[0m
[0m[[31merror[0m] [0m[Stage 15900:======================>                               (5 + 5) / 12][0m
[0m[[31merror[0m] [0m                                                                                [0m
[0m[[31merror[0m] [0m[0m
[0m[[31merror[0m] [0m[Stage 15902:============================================>        (10 + 2) / 12][0m
[0m[[31merror[0m] [0m                                                                                [0m
[0m[[31merror[0m] [0m[0m
[0m[[31merror[0m] [0m[Stage 15904:========================================>             (9 + 3) / 12][0m
[0m[[31merror[0m] [0m                                                                                [0m
[0m[[31merror[0m] [0m[0m
[0m[[31merror[0m] [0m[Stage 15906:================================================>    (11 + 1) / 12][0m
[0m[[31merror[0m] [0m                                                                                [0m
[0m[[31merror[0m] [0m[0m
[0m[[31merror[0m] [0m[Stage 15908:===========================>                          (6 + 4) / 12][0m
[0m[[31merror[0m] [0m                                                                                [0m
[0m[[31merror[0m] [0m[0m
[0m[[31merror[0m] [0m[Stage 15910:===========================>                          (6 + 5) / 12][0m
[0m[[31merror[0m] [0m                                                                                [0m
[0m[[31merror[0m] [0m[0m
[0m[[31merror[0m] [0m[Stage 15912:===========================>                          (6 + 5) / 12][0m
[0m[[31merror[0m] [0m                                                                                [0m
[0m[[31merror[0m] [0m[0m
[0m[[31merror[0m] [0m[Stage 15914:================================================>    (11 + 1) / 12][0m
[0m[[31merror[0m] [0m                                                                                [0m
[0m[[31merror[0m] [0m[0m
[0m[[31merror[0m] [0m[Stage 15916:===============================>                      (7 + 4) / 12][0m
[0m[[31merror[0m] [0m                                                                                [0m
[0m[[31merror[0m] [0m[0m
[0m[[31merror[0m] [0m[Stage 15918:============================================>        (10 + 2) / 12][0m
[0m[[31merror[0m] [0m                                                                                [0m
[0m[[31merror[0m] [0m[0m
[0m[[31merror[0m] [0m[Stage 15920:===============================>                      (7 + 4) / 12][0m
[0m[[31merror[0m] [0m                                                                                [0m
[0m[[31merror[0m] [0m[0m
[0m[[31merror[0m] [0m[Stage 15922:================================================>    (11 + 1) / 12][0m
[0m[[31merror[0m] [0m                                                                                [0m
[0m[[31merror[0m] [0m[0m
[0m[[31merror[0m] [0m[Stage 15924:===========================>                          (6 + 4) / 12][0m
[0m[[31merror[0m] [0m                                                                                [0m
[0m[[31merror[0m] [0m[0m
[0m[[31merror[0m] [0m[Stage 15926:===========================>                          (6 + 5) / 12][0m
[0m[[31merror[0m] [0m                                                                                [0m
[0m[[31merror[0m] [0m[0m
[0m[[31merror[0m] [0m[Stage 15928:============================================>        (10 + 2) / 12][0m
[0m[[31merror[0m] [0m                                                                                [0m
[0m[[31merror[0m] [0m[0m
[0m[[31merror[0m] [0m[Stage 15930:======================>                               (5 + 4) / 12][0m
[0m[[31merror[0m] [0m                                                                                [0m
[0m[[31merror[0m] [0m[0m
[0m[[31merror[0m] [0m[Stage 15932:===============================>                      (7 + 4) / 12][0m
[0m[[31merror[0m] [0m                                                                                [0m
[0m[[31merror[0m] [0m[0m
[0m[[31merror[0m] [0m[Stage 15934:================================================>    (11 + 1) / 12][0m
[0m[[31merror[0m] [0m                                                                                [0m
[0m[[31merror[0m] [0m[0m
[0m[[31merror[0m] [0m[Stage 15936:===========================>                          (6 + 4) / 12][0m
[0m[[31merror[0m] [0m                                                                                [0m
[0m[[31merror[0m] [0m[0m
[0m[[31merror[0m] [0m[Stage 15938:========================================>             (9 + 3) / 12][0m
[0m[[31merror[0m] [0m                                                                                [0m
[0m[[31merror[0m] [0m[0m
[0m[[31merror[0m] [0m[Stage 15940:============================================>        (10 + 2) / 12][0m
[0m[[31merror[0m] [0m                                                                                [0m
[0m[[31merror[0m] [0m[0m
[0m[[31merror[0m] [0m[Stage 15942:===========================>                          (6 + 4) / 12][0m
[0m[[31merror[0m] [0m[Stage 15942:================================================>    (11 + 1) / 12][0m
[0m[[31merror[0m] [0m                                                                                [0m
[0m[[31merror[0m] [0m[0m
[0m[[31merror[0m] [0m[Stage 15944:===============================>                      (7 + 4) / 12][0m
[0m[[31merror[0m] [0m                                                                                [0m
[0m[[31merror[0m] [0m[0m
[0m[[31merror[0m] [0m[Stage 15946:============================================>        (10 + 2) / 12][0m
[0m[[31merror[0m] [0m                                                                                [0m
[0m[[31merror[0m] [0m[0m
[0m[[31merror[0m] [0m[Stage 15948:==================>                                   (4 + 5) / 12][0m
[0m[[31merror[0m] [0m[Stage 15948:================================================>    (11 + 1) / 12][0m
[0m[[31merror[0m] [0m                                                                                [0m
[0m[[31merror[0m] [0m[0m
[0m[[31merror[0m] [0m[Stage 15950:======================>                               (5 + 5) / 12][0m
[0m[[31merror[0m] [0m                                                                                [0m
[0m[[31merror[0m] [0m[0m
[0m[[31merror[0m] [0m[Stage 15952:======================>                               (5 + 6) / 12][0m
[0m[[31merror[0m] [0m                                                                                [0m
[0m[[31merror[0m] [0m[0m
[0m[[31merror[0m] [0m[Stage 15954:============================================>        (10 + 2) / 12][0m
[0m[[31merror[0m] [0m                                                                                [0m
[0m[[31merror[0m] [0m[0m
[0m[[31merror[0m] [0m[Stage 15956:===========================>                          (6 + 4) / 12][0m
[0m[[31merror[0m] [0m[Stage 15956:================================================>    (11 + 1) / 12][0m
[0m[[31merror[0m] [0m                                                                                [0m
[0m[[31merror[0m] [0m[0m
[0m[[31merror[0m] [0m[Stage 15958:===============================>                      (7 + 4) / 12][0m
[0m[[31merror[0m] [0m                                                                                [0m
[0m[[31merror[0m] [0m[0m
[0m[[31merror[0m] [0m[Stage 15960:================================================>    (11 + 1) / 12][0m
[0m[[31merror[0m] [0m                                                                                [0m
[0m[[31merror[0m] [0m[0m
[0m[[31merror[0m] [0m[Stage 15962:======================>                               (5 + 4) / 12][0m
[0m[[31merror[0m] [0m[Stage 15962:================================================>    (11 + 1) / 12][0m
[0m[[31merror[0m] [0m                                                                                [0m
[0m[[31merror[0m] [0m[0m
[0m[[31merror[0m] [0m[Stage 15964:======================>                               (5 + 5) / 12][0m
[0m[[31merror[0m] [0m                                                                                [0m
[0m[[31merror[0m] [0m[0m
[0m[[31merror[0m] [0m[Stage 15966:===========================>                          (6 + 5) / 12][0m
[0m[[31merror[0m] [0m                                                                                [0m
[0m[[31merror[0m] [0m[0m
[0m[[31merror[0m] [0m[Stage 15968:============================================>        (10 + 2) / 12][0m
[0m[[31merror[0m] [0m                                                                                [0m
[0m[[31merror[0m] [0m[0m
[0m[[31merror[0m] [0m[Stage 15970:===============================>                      (7 + 4) / 12][0m
[0m[[31merror[0m] [0m                                                                                [0m
[0m[[31merror[0m] [0m[0m
[0m[[31merror[0m] [0m[Stage 15972:============================================>        (10 + 2) / 12][0m
[0m[[31merror[0m] [0m                                                                                [0m
[0m[[31merror[0m] [0m[0m
[0m[[31merror[0m] [0m[Stage 15974:================================================>    (11 + 1) / 12][0m
[0m[[31merror[0m] [0m                                                                                [0m
[0m[[31merror[0m] [0m[0m
[0m[[31merror[0m] [0m[Stage 15976:===========================>                          (6 + 5) / 12][0m
[0m[[31merror[0m] [0m                                                                                [0m
[0m[[31merror[0m] [0m[0m
[0m[[31merror[0m] [0m[Stage 15978:======================>                               (5 + 6) / 12][0m
[0m[[31merror[0m] [0m                                                                                [0m
[0m[[31merror[0m] [0m[0m
[0m[[31merror[0m] [0m[Stage 15980:========================================>             (9 + 3) / 12][0m
[0m[[31merror[0m] [0m                                                                                [0m
[0m[[31merror[0m] [0m[0m
[0m[[31merror[0m] [0m[Stage 15982:==================>                                   (4 + 4) / 12][0m
[0m[[31merror[0m] [0m[Stage 15982:============================================>        (10 + 2) / 12][0m
[0m[[31merror[0m] [0m                                                                                [0m
[0m[[31merror[0m] [0m[0m
[0m[[31merror[0m] [0m[Stage 15984:==================>                                   (4 + 4) / 12][0m
[0m[[31merror[0m] [0m[Stage 15984:============================================>        (10 + 2) / 12][0m
[0m[[31merror[0m] [0m                                                                                [0m
[0m[[31merror[0m] [0m[0m
[0m[[31merror[0m] [0m[Stage 15986:======================>                               (5 + 4) / 12][0m
[0m[[31merror[0m] [0m                                                                                [0m
[0m[[31merror[0m] [0m[0m
[0m[[31merror[0m] [0m[Stage 15988:======================>                               (5 + 6) / 12][0m
[0m[[31merror[0m] [0m                                                                                [0m
[0m[[31merror[0m] [0m[0m
[0m[[31merror[0m] [0m[Stage 15990:===============================>                      (7 + 4) / 12][0m
[0m[[31merror[0m] [0m                                                                                [0m
[0m[[31merror[0m] [0m[0m
[0m[[31merror[0m] [0m[Stage 15992:============================================>        (10 + 2) / 12][0m
[0m[[31merror[0m] [0m                                                                                [0m
[0m[[31merror[0m] [0m[0m
[0m[[31merror[0m] [0m[Stage 15994:===========================>                          (6 + 4) / 12][0m
[0m[[31merror[0m] [0m                                                                                [0m
[0m[[31merror[0m] [0m[0m
[0m[[31merror[0m] [0m[Stage 15996:===========================>                          (6 + 5) / 12][0m
[0m[[31merror[0m] [0m                                                                                [0m
[0m[[31merror[0m] [0m[0m
[0m[[31merror[0m] [0m[Stage 15998:===========================>                          (6 + 5) / 12][0m
[0m[[31merror[0m] [0m                                                                                [0m
[0m[[31merror[0m] [0m[0m
[0m[[31merror[0m] [0m[Stage 16000:================================================>    (11 + 1) / 12][0m
[0m[[31merror[0m] [0m                                                                                [0m
[0m[[31merror[0m] [0m[0m
[0m[[31merror[0m] [0m[Stage 16002:===========================>                          (6 + 4) / 12][0m
[0m[[31merror[0m] [0m                                                                                [0m
[0m[[31merror[0m] [0m[0m
[0m[[31merror[0m] [0m[Stage 16004:======================>                               (5 + 6) / 12][0m
[0m[[31merror[0m] [0m                                                                                [0m
[0m[[31merror[0m] [0m[0m
[0m[[31merror[0m] [0m[Stage 16008:===========================>                          (6 + 5) / 12][0m
[0m[[31merror[0m] [0m                                                                                [0m
[0m[[0minfo[0m] [0m		Elapsed time: 740.952329ms[0m
[0m[[0minfo[0m] [0m	Testing dataset degree: 5	mapper: PolynomialMapper-V1	name: denseData[0m
[0m[[0minfo[0m] [0m		Elapsed time: 461.351083ms[0m
[0m[[0minfo[0m] [0m	Testing dataset degree: 5	mapper: PolynomialMapper-V1	name: sparseData[0m
[0m[[31merror[0m] [0m[0m
[0m[[31merror[0m] [0m[Stage 16412:===========================>                          (6 + 5) / 12][0m
[0m[[31merror[0m] [0m                                                                                [0m
[0m[[31merror[0m] [0m[0m
[0m[[31merror[0m] [0m[Stage 16416:======================>                               (5 + 6) / 12][0m
[0m[[31merror[0m] [0m                                                                                [0m
[0m[[31merror[0m] [0m[0m
[0m[[31merror[0m] [0m[Stage 16418:============================================>        (10 + 2) / 12][0m
[0m[[31merror[0m] [0m                                                                                [0m
[0m[[31merror[0m] [0m[0m
[0m[[31merror[0m] [0m[Stage 16420:===========================>                          (6 + 4) / 12][0m
[0m[[31merror[0m] [0m                                                                                [0m
[0m[[31merror[0m] [0m[0m
[0m[[31merror[0m] [0m[Stage 16422:============================================>        (10 + 2) / 12][0m
[0m[[31merror[0m] [0m                                                                                [0m
[0m[[31merror[0m] [0m[0m
[0m[[31merror[0m] [0m[Stage 16424:===========================>                          (6 + 4) / 12][0m
[0m[[31merror[0m] [0m                                                                                [0m
[0m[[31merror[0m] [0m[0m
[0m[[31merror[0m] [0m[Stage 16426:======================>                               (5 + 4) / 12][0m
[0m[[31merror[0m] [0m[Stage 16426:============================================>        (10 + 2) / 12][0m
[0m[[31merror[0m] [0m                                                                                [0m
[0m[[31merror[0m] [0m[0m
[0m[[31merror[0m] [0m[Stage 16428:======================>                               (5 + 5) / 12][0m
[0m[[31merror[0m] [0m                                                                                [0m
[0m[[31merror[0m] [0m[0m
[0m[[31merror[0m] [0m[Stage 16430:==================>                                   (4 + 7) / 12][0m
[0m[[31merror[0m] [0m                                                                                [0m
[0m[[31merror[0m] [0m[0m
[0m[[31merror[0m] [0m[Stage 16432:====================================>                 (8 + 4) / 12][0m
[0m[[31merror[0m] [0m                                                                                [0m
[0m[[31merror[0m] [0m[0m
[0m[[31merror[0m] [0m[Stage 16434:============================================>        (10 + 2) / 12][0m
[0m[[31merror[0m] [0m                                                                                [0m
[0m[[31merror[0m] [0m[0m
[0m[[31merror[0m] [0m[Stage 16436:==================>                                   (4 + 4) / 12][0m
[0m[[31merror[0m] [0m[Stage 16436:============================================>        (10 + 2) / 12][0m
[0m[[31merror[0m] [0m                                                                                [0m
[0m[[31merror[0m] [0m[0m
[0m[[31merror[0m] [0m[Stage 16438:==================>                                   (4 + 5) / 12][0m
[0m[[31merror[0m] [0m[Stage 16438:================================================>    (11 + 1) / 12][0m
[0m[[31merror[0m] [0m                                                                                [0m
[0m[[31merror[0m] [0m[0m
[0m[[31merror[0m] [0m[Stage 16440:======================>                               (5 + 5) / 12][0m
[0m[[31merror[0m] [0m                                                                                [0m
[0m[[31merror[0m] [0m[0m
[0m[[31merror[0m] [0m[Stage 16442:============================================>        (10 + 2) / 12][0m
[0m[[31merror[0m] [0m                                                                                [0m
[0m[[31merror[0m] [0m[0m
[0m[[31merror[0m] [0m[Stage 16444:>                                                     (0 + 8) / 12][0m
[0m[[31merror[0m] [0m[Stage 16444:============================================>        (10 + 2) / 12][0m
[0m[[31merror[0m] [0m                                                                                [0m
[0m[[31merror[0m] [0m[0m
[0m[[31merror[0m] [0m[Stage 16446:===========================>                          (6 + 4) / 12][0m
[0m[[31merror[0m] [0m                                                                                [0m
[0m[[31merror[0m] [0m[0m
[0m[[31merror[0m] [0m[Stage 16448:======================>                               (5 + 5) / 12][0m
[0m[[31merror[0m] [0m                                                                                [0m
[0m[[31merror[0m] [0m[0m
[0m[[31merror[0m] [0m[Stage 16450:======================>                               (5 + 6) / 12][0m
[0m[[31merror[0m] [0m                                                                                [0m
[0m[[31merror[0m] [0m[0m
[0m[[31merror[0m] [0m[Stage 16452:================================================>    (11 + 1) / 12][0m
[0m[[31merror[0m] [0m                                                                                [0m
[0m[[31merror[0m] [0m[0m
[0m[[31merror[0m] [0m[Stage 16454:===========================>                          (6 + 4) / 12][0m
[0m[[31merror[0m] [0m                                                                                [0m
[0m[[31merror[0m] [0m[0m
[0m[[31merror[0m] [0m[Stage 16456:===============================>                      (7 + 4) / 12][0m
[0m[[31merror[0m] [0m                                                                                [0m
[0m[[31merror[0m] [0m[0m
[0m[[31merror[0m] [0m[Stage 16458:============================================>        (10 + 2) / 12][0m
[0m[[31merror[0m] [0m                                                                                [0m
[0m[[31merror[0m] [0m[0m
[0m[[31merror[0m] [0m[Stage 16460:===========================>                          (6 + 4) / 12][0m
[0m[[31merror[0m] [0m                                                                                [0m
[0m[[31merror[0m] [0m[0m
[0m[[31merror[0m] [0m[Stage 16462:============================================>        (10 + 2) / 12][0m
[0m[[31merror[0m] [0m                                                                                [0m
[0m[[31merror[0m] [0m[0m
[0m[[31merror[0m] [0m[Stage 16464:======================>                               (5 + 4) / 12][0m
[0m[[31merror[0m] [0m                                                                                [0m
[0m[[31merror[0m] [0m[0m
[0m[[31merror[0m] [0m[Stage 16466:===============================>                      (7 + 4) / 12][0m
[0m[[31merror[0m] [0m                                                                                [0m
[0m[[31merror[0m] [0m[0m
[0m[[31merror[0m] [0m[Stage 16468:================================================>    (11 + 1) / 12][0m
[0m[[31merror[0m] [0m                                                                                [0m
[0m[[31merror[0m] [0m[0m
[0m[[31merror[0m] [0m[Stage 16470:===============================>                      (7 + 4) / 12][0m
[0m[[31merror[0m] [0m                                                                                [0m
[0m[[31merror[0m] [0m[0m
[0m[[31merror[0m] [0m[Stage 16472:========================================>             (9 + 3) / 12][0m
[0m[[31merror[0m] [0m                                                                                [0m
[0m[[31merror[0m] [0m[0m
[0m[[31merror[0m] [0m[Stage 16474:================================================>    (11 + 1) / 12][0m
[0m[[31merror[0m] [0m                                                                                [0m
[0m[[31merror[0m] [0m[0m
[0m[[31merror[0m] [0m[Stage 16476:===========================>                          (6 + 5) / 12][0m
[0m[[31merror[0m] [0m                                                                                [0m
[0m[[31merror[0m] [0m[0m
[0m[[31merror[0m] [0m[Stage 16478:================================================>    (11 + 1) / 12][0m
[0m[[31merror[0m] [0m                                                                                [0m
[0m[[31merror[0m] [0m[0m
[0m[[31merror[0m] [0m[Stage 16480:======================>                               (5 + 5) / 12][0m
[0m[[31merror[0m] [0m                                                                                [0m
[0m[[31merror[0m] [0m[0m
[0m[[31merror[0m] [0m[Stage 16482:===============================>                      (7 + 4) / 12][0m
[0m[[31merror[0m] [0m                                                                                [0m
[0m[[31merror[0m] [0m[0m
[0m[[31merror[0m] [0m[Stage 16484:========================================>             (9 + 3) / 12][0m
[0m[[31merror[0m] [0m                                                                                [0m
[0m[[31merror[0m] [0m[0m
[0m[[31merror[0m] [0m[Stage 16486:============================================>        (10 + 2) / 12][0m
[0m[[31merror[0m] [0m                                                                                [0m
[0m[[31merror[0m] [0m[0m
[0m[[31merror[0m] [0m[Stage 16488:==================>                                   (4 + 4) / 12][0m
[0m[[31merror[0m] [0m[Stage 16488:============================================>        (10 + 2) / 12][0m
[0m[[31merror[0m] [0m                                                                                [0m
[0m[[31merror[0m] [0m[0m
[0m[[31merror[0m] [0m[Stage 16490:==================>                                   (4 + 7) / 12][0m
[0m[[31merror[0m] [0m                                                                                [0m
[0m[[31merror[0m] [0m[0m
[0m[[31merror[0m] [0m[Stage 16492:================================================>    (11 + 1) / 12][0m
[0m[[31merror[0m] [0m                                                                                [0m
[0m[[31merror[0m] [0m[0m
[0m[[31merror[0m] [0m[Stage 16494:==================>                                   (4 + 6) / 12][0m
[0m[[31merror[0m] [0m                                                                                [0m
[0m[[31merror[0m] [0m[0m
[0m[[31merror[0m] [0m[Stage 16496:===========================>                          (6 + 5) / 12][0m
[0m[[31merror[0m] [0m                                                                                [0m
[0m[[31merror[0m] [0m[0m
[0m[[31merror[0m] [0m[Stage 16498:===============================>                      (7 + 4) / 12][0m
[0m[[31merror[0m] [0m                                                                                [0m
[0m[[31merror[0m] [0m[0m
[0m[[31merror[0m] [0m[Stage 16500:================================================>    (11 + 1) / 12][0m
[0m[[31merror[0m] [0m                                                                                [0m
[0m[[31merror[0m] [0m[0m
[0m[[31merror[0m] [0m[Stage 16502:===============================>                      (7 + 4) / 12][0m
[0m[[31merror[0m] [0m                                                                                [0m
[0m[[31merror[0m] [0m[0m
[0m[[31merror[0m] [0m[Stage 16504:================================================>    (11 + 1) / 12][0m
[0m[[31merror[0m] [0m                                                                                [0m
[0m[[31merror[0m] [0m[0m
[0m[[31merror[0m] [0m[Stage 16506:===========================>                          (6 + 4) / 12][0m
[0m[[31merror[0m] [0m                                                                                [0m
[0m[[31merror[0m] [0m[0m
[0m[[31merror[0m] [0m[Stage 16508:================================================>    (11 + 1) / 12][0m
[0m[[31merror[0m] [0m                                                                                [0m
[0m[[31merror[0m] [0m[0m
[0m[[31merror[0m] [0m[Stage 16510:===========================>                          (6 + 4) / 12][0m
[0m[[31merror[0m] [0m                                                                                [0m
[0m[[31merror[0m] [0m[0m
[0m[[31merror[0m] [0m[Stage 16512:======================>                               (5 + 5) / 12][0m
[0m[[31merror[0m] [0m                                                                                [0m
[0m[[31merror[0m] [0m[0m
[0m[[31merror[0m] [0m[Stage 16514:====================================>                 (8 + 4) / 12][0m
[0m[[31merror[0m] [0m                                                                                [0m
[0m[[31merror[0m] [0m[0m
[0m[[31merror[0m] [0m[Stage 16518:===============================>                      (7 + 4) / 12][0m
[0m[[31merror[0m] [0m                                                                                [0m
[0m[[31merror[0m] [0m[0m
[0m[[31merror[0m] [0m[Stage 16520:============================================>        (10 + 2) / 12][0m
[0m[[31merror[0m] [0m                                                                                [0m
[0m[[31merror[0m] [0m[0m
[0m[[31merror[0m] [0m[Stage 16522:================================================>    (11 + 1) / 12][0m
[0m[[31merror[0m] [0m                                                                                [0m
[0m[[31merror[0m] [0m[0m
[0m[[31merror[0m] [0m[Stage 16524:===========================>                          (6 + 5) / 12][0m
[0m[[31merror[0m] [0m                                                                                [0m
[0m[[31merror[0m] [0m[0m
[0m[[31merror[0m] [0m[Stage 16526:========================================>             (9 + 3) / 12][0m
[0m[[31merror[0m] [0m                                                                                [0m
[0m[[31merror[0m] [0m[0m
[0m[[31merror[0m] [0m[Stage 16530:========================================>             (9 + 3) / 12][0m
[0m[[31merror[0m] [0m                                                                                [0m
[0m[[31merror[0m] [0m[0m
[0m[[31merror[0m] [0m[Stage 16532:============================================>        (10 + 2) / 12][0m
[0m[[31merror[0m] [0m                                                                                [0m
[0m[[31merror[0m] [0m[0m
[0m[[31merror[0m] [0m[Stage 16534:======================>                               (5 + 5) / 12][0m
[0m[[31merror[0m] [0m                                                                                [0m
[0m[[31merror[0m] [0m[0m
[0m[[31merror[0m] [0m[Stage 16536:============================================>        (10 + 2) / 12][0m
[0m[[31merror[0m] [0m                                                                                [0m
[0m[[31merror[0m] [0m[0m
[0m[[31merror[0m] [0m[Stage 16538:===========================>                          (6 + 4) / 12][0m
[0m[[31merror[0m] [0m                                                                                [0m
[0m[[31merror[0m] [0m[0m
[0m[[31merror[0m] [0m[Stage 16540:===============================>                      (7 + 4) / 12][0m
[0m[[31merror[0m] [0m                                                                                [0m
[0m[[31merror[0m] [0m[0m
[0m[[31merror[0m] [0m[Stage 16542:==================>                                   (4 + 4) / 12][0m
[0m[[31merror[0m] [0m[Stage 16542:================================================>    (11 + 1) / 12][0m
[0m[[31merror[0m] [0m                                                                                [0m
[0m[[31merror[0m] [0m[0m
[0m[[31merror[0m] [0m[Stage 16544:======================>                               (5 + 5) / 12][0m
[0m[[31merror[0m] [0m                                                                                [0m
[0m[[31merror[0m] [0m[0m
[0m[[31merror[0m] [0m[Stage 16546:============================================>        (10 + 2) / 12][0m
[0m[[31merror[0m] [0m                                                                                [0m
[0m[[31merror[0m] [0m[0m
[0m[[31merror[0m] [0m[Stage 16548:===========================>                          (6 + 4) / 12][0m
[0m[[31merror[0m] [0m                                                                                [0m
[0m[[31merror[0m] [0m[0m
[0m[[31merror[0m] [0m[Stage 16550:============================================>        (10 + 2) / 12][0m
[0m[[31merror[0m] [0m                                                                                [0m
[0m[[31merror[0m] [0m[0m
[0m[[31merror[0m] [0m[Stage 16552:=============>                                        (3 + 6) / 12][0m
[0m[[31merror[0m] [0m[Stage 16552:================================================>    (11 + 1) / 12][0m
[0m[[31merror[0m] [0m                                                                                [0m
[0m[[31merror[0m] [0m[0m
[0m[[31merror[0m] [0m[Stage 16554:===============================>                      (7 + 4) / 12][0m
[0m[[31merror[0m] [0m                                                                                [0m
[0m[[31merror[0m] [0m[0m
[0m[[31merror[0m] [0m[Stage 16556:================================================>    (11 + 1) / 12][0m
[0m[[31merror[0m] [0m                                                                                [0m
[0m[[31merror[0m] [0m[0m
[0m[[31merror[0m] [0m[Stage 16558:===============================>                      (7 + 4) / 12][0m
[0m[[31merror[0m] [0m                                                                                [0m
[0m[[31merror[0m] [0m[0m
[0m[[31merror[0m] [0m[Stage 16560:============================================>        (10 + 2) / 12][0m
[0m[[31merror[0m] [0m                                                                                [0m
[0m[[31merror[0m] [0m[0m
[0m[[31merror[0m] [0m[Stage 16562:===========================>                          (6 + 4) / 12][0m
[0m[[31merror[0m] [0m[Stage 16562:================================================>    (11 + 1) / 12][0m
[0m[[31merror[0m] [0m                                                                                [0m
[0m[[31merror[0m] [0m[0m
[0m[[31merror[0m] [0m[Stage 16564:===========================>                          (6 + 5) / 12][0m
[0m[[31merror[0m] [0m                                                                                [0m
[0m[[31merror[0m] [0m[0m
[0m[[31merror[0m] [0m[Stage 16566:============================================>        (10 + 2) / 12][0m
[0m[[31merror[0m] [0m                                                                                [0m
[0m[[31merror[0m] [0m[0m
[0m[[31merror[0m] [0m[Stage 16568:======================>                               (5 + 4) / 12][0m
[0m[[31merror[0m] [0m                                                                                [0m
[0m[[31merror[0m] [0m[0m
[0m[[31merror[0m] [0m[Stage 16570:===========================>                          (6 + 5) / 12][0m
[0m[[31merror[0m] [0m                                                                                [0m
[0m[[31merror[0m] [0m[0m
[0m[[31merror[0m] [0m[Stage 16572:============================================>        (10 + 2) / 12][0m
[0m[[31merror[0m] [0m                                                                                [0m
[0m[[31merror[0m] [0m[0m
[0m[[31merror[0m] [0m[Stage 16574:===========================>                          (6 + 4) / 12][0m
[0m[[31merror[0m] [0m                                                                                [0m
[0m[[31merror[0m] [0m[0m
[0m[[31merror[0m] [0m[Stage 16576:===========================>                          (6 + 5) / 12][0m
[0m[[31merror[0m] [0m                                                                                [0m
[0m[[31merror[0m] [0m[0m
[0m[[31merror[0m] [0m[Stage 16578:============================================>        (10 + 2) / 12][0m
[0m[[31merror[0m] [0m                                                                                [0m
[0m[[31merror[0m] [0m[0m
[0m[[31merror[0m] [0m[Stage 16580:===========================>                          (6 + 4) / 12][0m
[0m[[31merror[0m] [0m[Stage 16580:================================================>    (11 + 1) / 12][0m
[0m[[31merror[0m] [0m                                                                                [0m
[0m[[31merror[0m] [0m[0m
[0m[[31merror[0m] [0m[Stage 16582:===========================>                          (6 + 4) / 12][0m
[0m[[31merror[0m] [0m                                                                                [0m
[0m[[31merror[0m] [0m[0m
[0m[[31merror[0m] [0m[Stage 16584:============================================>        (10 + 2) / 12][0m
[0m[[31merror[0m] [0m                                                                                [0m
[0m[[31merror[0m] [0m[0m
[0m[[31merror[0m] [0m[Stage 16586:======================>                               (5 + 4) / 12][0m
[0m[[31merror[0m] [0m[Stage 16586:================================================>    (11 + 1) / 12][0m
[0m[[31merror[0m] [0m                                                                                [0m
[0m[[31merror[0m] [0m[0m
[0m[[31merror[0m] [0m[Stage 16588:===============================>                      (7 + 4) / 12][0m
[0m[[31merror[0m] [0m                                                                                [0m
[0m[[31merror[0m] [0m[0m
[0m[[31merror[0m] [0m[Stage 16590:============================================>        (10 + 2) / 12][0m
[0m[[31merror[0m] [0m                                                                                [0m
[0m[[31merror[0m] [0m[0m
[0m[[31merror[0m] [0m[Stage 16592:==================>                                   (4 + 5) / 12][0m
[0m[[31merror[0m] [0m                                                                                [0m
[0m[[31merror[0m] [0m[0m
[0m[[31merror[0m] [0m[Stage 16594:===========================>                          (6 + 5) / 12][0m
[0m[[31merror[0m] [0m                                                                                [0m
[0m[[31merror[0m] [0m[0m
[0m[[31merror[0m] [0m[Stage 16596:========================================>             (9 + 3) / 12][0m
[0m[[31merror[0m] [0m                                                                                [0m
[0m[[31merror[0m] [0m[0m
[0m[[31merror[0m] [0m[Stage 16598:========================================>             (9 + 3) / 12][0m
[0m[[31merror[0m] [0m                                                                                [0m
[0m[[31merror[0m] [0m[0m
[0m[[31merror[0m] [0m[Stage 16600:================================================>    (11 + 1) / 12][0m
[0m[[31merror[0m] [0m                                                                                [0m
[0m[[31merror[0m] [0m[0m
[0m[[31merror[0m] [0m[Stage 16602:===============================>                      (7 + 4) / 12][0m
[0m[[31merror[0m] [0m                                                                                [0m
[0m[[31merror[0m] [0m[0m
[0m[[31merror[0m] [0m[Stage 16604:================================================>    (11 + 1) / 12][0m
[0m[[31merror[0m] [0m                                                                                [0m
[0m[[31merror[0m] [0m[0m
[0m[[31merror[0m] [0m[Stage 16606:======================>                               (5 + 5) / 12][0m
[0m[[31merror[0m] [0m                                                                                [0m
[0m[[31merror[0m] [0m[0m
[0m[[31merror[0m] [0m[Stage 16608:========================================>             (9 + 3) / 12][0m
[0m[[31merror[0m] [0m                                                                                [0m
[0m[[31merror[0m] [0m[0m
[0m[[31merror[0m] [0m[Stage 16610:=============>                                        (3 + 6) / 12][0m
[0m[[31merror[0m] [0m[Stage 16610:============================================>        (10 + 2) / 12][0m
[0m[[31merror[0m] [0m                                                                                [0m
[0m[[31merror[0m] [0m[0m
[0m[[31merror[0m] [0m[Stage 16612:======================>                               (5 + 5) / 12][0m
[0m[[31merror[0m] [0m                                                                                [0m
[0m[[31merror[0m] [0m[0m
[0m[[31merror[0m] [0m[Stage 16614:======================>                               (5 + 6) / 12][0m
[0m[[31merror[0m] [0m                                                                                [0m
[0m[[31merror[0m] [0m[0m
[0m[[31merror[0m] [0m[Stage 16616:============================================>        (10 + 2) / 12][0m
[0m[[31merror[0m] [0m                                                                                [0m
[0m[[31merror[0m] [0m[0m
[0m[[31merror[0m] [0m[Stage 16618:======================>                               (5 + 5) / 12][0m
[0m[[31merror[0m] [0m                                                                                [0m
[0m[[31merror[0m] [0m[0m
[0m[[31merror[0m] [0m[Stage 16620:===============================>                      (7 + 4) / 12][0m
[0m[[31merror[0m] [0m                                                                                [0m
[0m[[31merror[0m] [0m[0m
[0m[[31merror[0m] [0m[Stage 16622:============================================>        (10 + 2) / 12][0m
[0m[[31merror[0m] [0m                                                                                [0m
[0m[[31merror[0m] [0m[0m
[0m[[31merror[0m] [0m[Stage 16624:==================>                                   (4 + 5) / 12][0m
[0m[[31merror[0m] [0m[Stage 16624:================================================>    (11 + 1) / 12][0m
[0m[[31merror[0m] [0m                                                                                [0m
[0m[[31merror[0m] [0m[0m
[0m[[31merror[0m] [0m[Stage 16626:========================================>             (9 + 3) / 12][0m
[0m[[31merror[0m] [0m                                                                                [0m
[0m[[31merror[0m] [0m[0m
[0m[[31merror[0m] [0m[Stage 16628:===============================>                      (7 + 4) / 12][0m
[0m[[31merror[0m] [0m                                                                                [0m
[0m[[31merror[0m] [0m[0m
[0m[[31merror[0m] [0m[Stage 16630:============================================>        (10 + 2) / 12][0m
[0m[[31merror[0m] [0m                                                                                [0m
[0m[[31merror[0m] [0m[0m
[0m[[31merror[0m] [0m[Stage 16632:================================================>    (11 + 1) / 12][0m
[0m[[31merror[0m] [0m                                                                                [0m
[0m[[31merror[0m] [0m[0m
[0m[[31merror[0m] [0m[Stage 16634:===============================>                      (7 + 4) / 12][0m
[0m[[31merror[0m] [0m                                                                                [0m
[0m[[31merror[0m] [0m[0m
[0m[[31merror[0m] [0m[Stage 16638:======================>                               (5 + 5) / 12][0m
[0m[[31merror[0m] [0m                                                                                [0m
[0m[[31merror[0m] [0m[0m
[0m[[31merror[0m] [0m[Stage 16640:===========================>                          (6 + 5) / 12][0m
[0m[[31merror[0m] [0m                                                                                [0m
[0m[[31merror[0m] [0m[0m
[0m[[31merror[0m] [0m[Stage 16642:===========================>                          (6 + 5) / 12][0m
[0m[[31merror[0m] [0m                                                                                [0m
[0m[[31merror[0m] [0m[0m
[0m[[31merror[0m] [0m[Stage 16644:============================================>        (10 + 2) / 12][0m
[0m[[31merror[0m] [0m                                                                                [0m
[0m[[31merror[0m] [0m[0m
[0m[[31merror[0m] [0m[Stage 16646:===========================>                          (6 + 4) / 12][0m
[0m[[31merror[0m] [0m                                                                                [0m
[0m[[31merror[0m] [0m[0m
[0m[[31merror[0m] [0m[Stage 16648:===========================>                          (6 + 5) / 12][0m
[0m[[31merror[0m] [0m                                                                                [0m
[0m[[31merror[0m] [0m[0m
[0m[[31merror[0m] [0m[Stage 16650:============================================>        (10 + 2) / 12][0m
[0m[[31merror[0m] [0m                                                                                [0m
[0m[[31merror[0m] [0m[0m
[0m[[31merror[0m] [0m[Stage 16652:===========================>                          (6 + 4) / 12][0m
[0m[[31merror[0m] [0m                                                                                [0m
[0m[[31merror[0m] [0m[0m
[0m[[31merror[0m] [0m[Stage 16654:============================================>        (10 + 2) / 12][0m
[0m[[31merror[0m] [0m                                                                                [0m
[0m[[31merror[0m] [0m[0m
[0m[[31merror[0m] [0m[Stage 16656:======================>                               (5 + 4) / 12][0m
[0m[[31merror[0m] [0m[Stage 16656:================================================>    (11 + 1) / 12][0m
[0m[[31merror[0m] [0m                                                                                [0m
[0m[[31merror[0m] [0m[0m
[0m[[31merror[0m] [0m[Stage 16658:======================>                               (5 + 5) / 12][0m
[0m[[31merror[0m] [0m                                                                                [0m
[0m[[31merror[0m] [0m[0m
[0m[[31merror[0m] [0m[Stage 16660:========================================>             (9 + 3) / 12][0m
[0m[[31merror[0m] [0m                                                                                [0m
[0m[[31merror[0m] [0m[0m
[0m[[31merror[0m] [0m[Stage 16662:==================>                                   (4 + 4) / 12][0m
[0m[[31merror[0m] [0m[Stage 16662:========================================>             (9 + 3) / 12][0m
[0m[[31merror[0m] [0m                                                                                [0m
[0m[[31merror[0m] [0m[0m
[0m[[31merror[0m] [0m[Stage 16666:===============================>                      (7 + 4) / 12][0m
[0m[[31merror[0m] [0m                                                                                [0m
[0m[[31merror[0m] [0m[0m
[0m[[31merror[0m] [0m[Stage 16668:============================================>        (10 + 2) / 12][0m
[0m[[31merror[0m] [0m                                                                                [0m
[0m[[31merror[0m] [0m[0m
[0m[[31merror[0m] [0m[Stage 16672:===========================>                          (6 + 5) / 12][0m
[0m[[31merror[0m] [0m                                                                                [0m
[0m[[31merror[0m] [0m[0m
[0m[[31merror[0m] [0m[Stage 16674:============================================>        (10 + 2) / 12][0m
[0m[[31merror[0m] [0m                                                                                [0m
[0m[[31merror[0m] [0m[0m
[0m[[31merror[0m] [0m[Stage 16676:======================>                               (5 + 4) / 12][0m
[0m[[31merror[0m] [0m                                                                                [0m
[0m[[31merror[0m] [0m[0m
[0m[[31merror[0m] [0m[Stage 16678:===========================>                          (6 + 4) / 12][0m
[0m[[31merror[0m] [0m                                                                                [0m
[0m[[31merror[0m] [0m[0m
[0m[[31merror[0m] [0m[Stage 16680:======================>                               (5 + 6) / 12][0m
[0m[[31merror[0m] [0m                                                                                [0m
[0m[[31merror[0m] [0m[0m
[0m[[31merror[0m] [0m[Stage 16682:================================================>    (11 + 1) / 12][0m
[0m[[31merror[0m] [0m                                                                                [0m
[0m[[31merror[0m] [0m[0m
[0m[[31merror[0m] [0m[Stage 16684:===========================>                          (6 + 4) / 12][0m
[0m[[31merror[0m] [0m                                                                                [0m
[0m[[31merror[0m] [0m[0m
[0m[[31merror[0m] [0m[Stage 16686:===============================>                      (7 + 4) / 12][0m
[0m[[31merror[0m] [0m                                                                                [0m
[0m[[31merror[0m] [0m[0m
[0m[[31merror[0m] [0m[Stage 16688:============================================>        (10 + 2) / 12][0m
[0m[[31merror[0m] [0m                                                                                [0m
[0m[[31merror[0m] [0m[0m
[0m[[31merror[0m] [0m[Stage 16690:==================>                                   (4 + 5) / 12][0m
[0m[[31merror[0m] [0m[Stage 16690:================================================>    (11 + 1) / 12][0m
[0m[[31merror[0m] [0m                                                                                [0m
[0m[[31merror[0m] [0m[0m
[0m[[31merror[0m] [0m[Stage 16692:===========================>                          (6 + 4) / 12][0m
[0m[[31merror[0m] [0m                                                                                [0m
[0m[[31merror[0m] [0m[0m
[0m[[31merror[0m] [0m[Stage 16694:======================>                               (5 + 5) / 12][0m
[0m[[31merror[0m] [0m                                                                                [0m
[0m[[31merror[0m] [0m[0m
[0m[[31merror[0m] [0m[Stage 16696:============================================>        (10 + 2) / 12][0m
[0m[[31merror[0m] [0m                                                                                [0m
[0m[[31merror[0m] [0m[0m
[0m[[31merror[0m] [0m[Stage 16698:======================>                               (5 + 4) / 12][0m
[0m[[31merror[0m] [0m                                                                                [0m
[0m[[31merror[0m] [0m[0m
[0m[[31merror[0m] [0m[Stage 16700:===============================>                      (7 + 4) / 12][0m
[0m[[31merror[0m] [0m                                                                                [0m
[0m[[31merror[0m] [0m[0m
[0m[[31merror[0m] [0m[Stage 16702:============================================>        (10 + 2) / 12][0m
[0m[[31merror[0m] [0m                                                                                [0m
[0m[[31merror[0m] [0m[0m
[0m[[31merror[0m] [0m[Stage 16704:==================>                                   (4 + 4) / 12][0m
[0m[[31merror[0m] [0m[Stage 16704:================================================>    (11 + 1) / 12][0m
[0m[[31merror[0m] [0m                                                                                [0m
[0m[[31merror[0m] [0m[0m
[0m[[31merror[0m] [0m[Stage 16706:===========================>                          (6 + 4) / 12][0m
[0m[[31merror[0m] [0m                                                                                [0m
[0m[[31merror[0m] [0m[0m
[0m[[31merror[0m] [0m[Stage 16708:===========================>                          (6 + 5) / 12][0m
[0m[[31merror[0m] [0m                                                                                [0m
[0m[[31merror[0m] [0m[0m
[0m[[31merror[0m] [0m[Stage 16710:================================================>    (11 + 1) / 12][0m
[0m[[31merror[0m] [0m                                                                                [0m
[0m[[31merror[0m] [0m[0m
[0m[[31merror[0m] [0m[Stage 16712:===========================>                          (6 + 4) / 12][0m
[0m[[31merror[0m] [0m                                                                                [0m
[0m[[31merror[0m] [0m[0m
[0m[[31merror[0m] [0m[Stage 16714:===========================>                          (6 + 5) / 12][0m
[0m[[31merror[0m] [0m                                                                                [0m
[0m[[31merror[0m] [0m[0m
[0m[[31merror[0m] [0m[Stage 16716:========================================>             (9 + 3) / 12][0m
[0m[[31merror[0m] [0m                                                                                [0m
[0m[[31merror[0m] [0m[0m
[0m[[31merror[0m] [0m[Stage 16718:======================>                               (5 + 4) / 12][0m
[0m[[31merror[0m] [0m[Stage 16718:================================================>    (11 + 1) / 12][0m
[0m[[31merror[0m] [0m                                                                                [0m
[0m[[31merror[0m] [0m[0m
[0m[[31merror[0m] [0m[Stage 16720:======================>                               (5 + 5) / 12][0m
[0m[[31merror[0m] [0m                                                                                [0m
[0m[[31merror[0m] [0m[0m
[0m[[31merror[0m] [0m[Stage 16722:===========================>                          (6 + 5) / 12][0m
[0m[[31merror[0m] [0m                                                                                [0m
[0m[[31merror[0m] [0m[0m
[0m[[31merror[0m] [0m[Stage 16724:============================================>        (10 + 2) / 12][0m
[0m[[31merror[0m] [0m                                                                                [0m
[0m[[31merror[0m] [0m[0m
[0m[[31merror[0m] [0m[Stage 16726:==================>                                   (4 + 5) / 12][0m
[0m[[31merror[0m] [0m[Stage 16726:================================================>    (11 + 1) / 12][0m
[0m[[31merror[0m] [0m                                                                                [0m
[0m[[31merror[0m] [0m[0m
[0m[[31merror[0m] [0m[Stage 16728:===============================>                      (7 + 4) / 12][0m
[0m[[31merror[0m] [0m[Stage 16728:========================================>             (9 + 3) / 12][0m
[0m[[31merror[0m] [0m                                                                                [0m
[0m[[31merror[0m] [0m[0m
[0m[[31merror[0m] [0m[Stage 16730:================================================>    (11 + 1) / 12][0m
[0m[[31merror[0m] [0m                                                                                [0m
[0m[[31merror[0m] [0m[0m
[0m[[31merror[0m] [0m[Stage 16732:======================>                               (5 + 5) / 12][0m
[0m[[31merror[0m] [0m                                                                                [0m
[0m[[31merror[0m] [0m[0m
[0m[[31merror[0m] [0m[Stage 16734:========================================>             (9 + 3) / 12][0m
[0m[[31merror[0m] [0m                                                                                [0m
[0m[[31merror[0m] [0m[0m
[0m[[31merror[0m] [0m[Stage 16736:================================================>    (11 + 1) / 12][0m
[0m[[31merror[0m] [0m                                                                                [0m
[0m[[31merror[0m] [0m[0m
[0m[[31merror[0m] [0m[Stage 16738:===========================>                          (6 + 4) / 12][0m
[0m[[31merror[0m] [0m                                                                                [0m
[0m[[31merror[0m] [0m[0m
[0m[[31merror[0m] [0m[Stage 16740:========================================>             (9 + 3) / 12][0m
[0m[[31merror[0m] [0m                                                                                [0m
[0m[[31merror[0m] [0m[0m
[0m[[31merror[0m] [0m[Stage 16742:============================================>        (10 + 2) / 12][0m
[0m[[31merror[0m] [0m                                                                                [0m
[0m[[31merror[0m] [0m[0m
[0m[[31merror[0m] [0m[Stage 16744:======================>                               (5 + 4) / 12][0m
[0m[[31merror[0m] [0m[Stage 16744:================================================>    (11 + 1) / 12][0m
[0m[[31merror[0m] [0m                                                                                [0m
[0m[[31merror[0m] [0m[0m
[0m[[31merror[0m] [0m[Stage 16746:===========================>                          (6 + 5) / 12][0m
[0m[[31merror[0m] [0m                                                                                [0m
[0m[[31merror[0m] [0m[0m
[0m[[31merror[0m] [0m[Stage 16748:========================================>             (9 + 3) / 12][0m
[0m[[31merror[0m] [0m                                                                                [0m
[0m[[31merror[0m] [0m[0m
[0m[[31merror[0m] [0m[Stage 16750:================================================>    (11 + 1) / 12][0m
[0m[[31merror[0m] [0m                                                                                [0m
[0m[[31merror[0m] [0m[0m
[0m[[31merror[0m] [0m[Stage 16752:==================>                                   (4 + 6) / 12][0m
[0m[[31merror[0m] [0m                                                                                [0m
[0m[[31merror[0m] [0m[0m
[0m[[31merror[0m] [0m[Stage 16754:======================>                               (5 + 5) / 12][0m
[0m[[31merror[0m] [0m                                                                                [0m
[0m[[31merror[0m] [0m[0m
[0m[[31merror[0m] [0m[Stage 16756:======================>                               (5 + 6) / 12][0m
[0m[[31merror[0m] [0m                                                                                [0m
[0m[[31merror[0m] [0m[0m
[0m[[31merror[0m] [0m[Stage 16758:============================================>        (10 + 2) / 12][0m
[0m[[31merror[0m] [0m                                                                                [0m
[0m[[31merror[0m] [0m[0m
[0m[[31merror[0m] [0m[Stage 16760:=============>                                        (3 + 6) / 12][0m
[0m[[31merror[0m] [0m[Stage 16760:============================================>        (10 + 2) / 12][0m
[0m[[31merror[0m] [0m                                                                                [0m
[0m[[31merror[0m] [0m[0m
[0m[[31merror[0m] [0m[Stage 16762:===========================>                          (6 + 4) / 12][0m
[0m[[31merror[0m] [0m[Stage 16762:================================================>    (11 + 1) / 12][0m
[0m[[31merror[0m] [0m                                                                                [0m
[0m[[31merror[0m] [0m[0m
[0m[[31merror[0m] [0m[Stage 16764:==================>                                   (4 + 6) / 12][0m
[0m[[31merror[0m] [0m                                                                                [0m
[0m[[31merror[0m] [0m[0m
[0m[[31merror[0m] [0m[Stage 16766:======================>                               (5 + 5) / 12][0m
[0m[[31merror[0m] [0m                                                                                [0m
[0m[[31merror[0m] [0m[0m
[0m[[31merror[0m] [0m[Stage 16768:========================================>             (9 + 3) / 12][0m
[0m[[31merror[0m] [0m                                                                                [0m
[0m[[31merror[0m] [0m[0m
[0m[[31merror[0m] [0m[Stage 16770:======================>                               (5 + 4) / 12][0m
[0m[[31merror[0m] [0m[Stage 16770:================================================>    (11 + 1) / 12][0m
[0m[[31merror[0m] [0m                                                                                [0m
[0m[[31merror[0m] [0m[0m
[0m[[31merror[0m] [0m[Stage 16772:======================>                               (5 + 5) / 12][0m
[0m[[31merror[0m] [0m[Stage 16772:================================================>    (11 + 1) / 12][0m
[0m[[31merror[0m] [0m                                                                                [0m
[0m[[31merror[0m] [0m[0m
[0m[[31merror[0m] [0m[Stage 16774:===============================>                      (7 + 4) / 12][0m
[0m[[31merror[0m] [0m                                                                                [0m
[0m[[31merror[0m] [0m[0m
[0m[[31merror[0m] [0m[Stage 16776:================================================>    (11 + 1) / 12][0m
[0m[[31merror[0m] [0m                                                                                [0m
[0m[[31merror[0m] [0m[0m
[0m[[31merror[0m] [0m[Stage 16778:===========================>                          (6 + 4) / 12][0m
[0m[[31merror[0m] [0m[Stage 16778:================================================>    (11 + 1) / 12][0m
[0m[[31merror[0m] [0m                                                                                [0m
[0m[[31merror[0m] [0m[0m
[0m[[31merror[0m] [0m[Stage 16780:======================>                               (5 + 5) / 12][0m
[0m[[31merror[0m] [0m                                                                                [0m
[0m[[31merror[0m] [0m[0m
[0m[[31merror[0m] [0m[Stage 16782:===========================>                          (6 + 5) / 12][0m
[0m[[31merror[0m] [0m                                                                                [0m
[0m[[31merror[0m] [0m[0m
[0m[[31merror[0m] [0m[Stage 16784:============================================>        (10 + 2) / 12][0m
[0m[[31merror[0m] [0m                                                                                [0m
[0m[[31merror[0m] [0m[0m
[0m[[31merror[0m] [0m[Stage 16786:===========================>                          (6 + 4) / 12][0m
[0m[[31merror[0m] [0m                                                                                [0m
[0m[[31merror[0m] [0m[0m
[0m[[31merror[0m] [0m[Stage 16788:============================================>        (10 + 2) / 12][0m
[0m[[31merror[0m] [0m                                                                                [0m
[0m[[31merror[0m] [0m[0m
[0m[[31merror[0m] [0m[Stage 16790:========================================>             (9 + 3) / 12][0m
[0m[[31merror[0m] [0m                                                                                [0m
[0m[[31merror[0m] [0m[0m
[0m[[31merror[0m] [0m[Stage 16792:======================>                               (5 + 4) / 12][0m
[0m[[31merror[0m] [0m[Stage 16792:================================================>    (11 + 1) / 12][0m
[0m[[31merror[0m] [0m                                                                                [0m
[0m[[31merror[0m] [0m[0m
[0m[[31merror[0m] [0m[Stage 16794:===========================>                          (6 + 4) / 12][0m
[0m[[31merror[0m] [0m                                                                                [0m
[0m[[31merror[0m] [0m[0m
[0m[[31merror[0m] [0m[Stage 16796:============================================>        (10 + 2) / 12][0m
[0m[[31merror[0m] [0m                                                                                [0m
[0m[[31merror[0m] [0m[0m
[0m[[31merror[0m] [0m[Stage 16798:============================================>        (10 + 2) / 12][0m
[0m[[31merror[0m] [0m                                                                                [0m
[0m[[31merror[0m] [0m[0m
[0m[[31merror[0m] [0m[Stage 16800:===========================>                          (6 + 4) / 12][0m
[0m[[31merror[0m] [0m                                                                                [0m
[0m[[31merror[0m] [0m[0m
[0m[[31merror[0m] [0m[Stage 16802:===============================>                      (7 + 4) / 12][0m
[0m[[31merror[0m] [0m                                                                                [0m
[0m[[31merror[0m] [0m[0m
[0m[[31merror[0m] [0m[Stage 16806:===============================>                      (7 + 4) / 12][0m
[0m[[31merror[0m] [0m                                                                                [0m
[0m[[31merror[0m] [0m[0m
[0m[[31merror[0m] [0m[Stage 16808:====>                                                 (1 + 6) / 12][0m
[0m[[31merror[0m] [0m[Stage 16808:===============================>                      (7 + 4) / 12][0m
[0m[[31merror[0m] [0m                                                                                [0m
[0m[[31merror[0m] [0m[0m
[0m[[31merror[0m] [0m[Stage 16810:============================================>        (10 + 2) / 12][0m
[0m[[0minfo[0m] [0m		Elapsed time: 747.656513ms[0m
[0m[[0minfo[0m] [0m	Testing dataset degree: 5	mapper: PolynomialMapper-V2	name: denseData[0m
[0m[[31merror[0m] [0m                                                                                [0m
[0m[[31merror[0m] [0m[0m
[0m[[31merror[0m] [0m[Stage 17130:============================================>        (10 + 2) / 12][0m
[0m[[31merror[0m] [0m                                                                                [0m
[0m[[0minfo[0m] [0m		Elapsed time: 461.394609ms[0m
[0m[[0minfo[0m] [0m	Testing dataset degree: 5	mapper: PolynomialMapper-V2	name: sparseData[0m
[0m[[31merror[0m] [0m[0m
[0m[[31merror[0m] [0m[Stage 17212:========================================>             (9 + 3) / 12][0m
[0m[[31merror[0m] [0m                                                                                [0m
[0m[[31merror[0m] [0m[0m
[0m[[31merror[0m] [0m[Stage 17214:======================>                               (5 + 4) / 12][0m
[0m[[31merror[0m] [0m                                                                                [0m
[0m[[31merror[0m] [0m[0m
[0m[[31merror[0m] [0m[Stage 17216:===========================>                          (6 + 4) / 12][0m
[0m[[31merror[0m] [0m                                                                                [0m
[0m[[31merror[0m] [0m[0m
[0m[[31merror[0m] [0m[Stage 17218:===========================>                          (6 + 5) / 12][0m
[0m[[31merror[0m] [0m                                                                                [0m
[0m[[31merror[0m] [0m[0m
[0m[[31merror[0m] [0m[Stage 17220:====================================>                 (8 + 4) / 12][0m
[0m[[31merror[0m] [0m                                                                                [0m
[0m[[31merror[0m] [0m[0m
[0m[[31merror[0m] [0m[Stage 17222:============================================>        (10 + 2) / 12][0m
[0m[[31merror[0m] [0m                                                                                [0m
[0m[[31merror[0m] [0m[0m
[0m[[31merror[0m] [0m[Stage 17224:===========================>                          (6 + 4) / 12][0m
[0m[[31merror[0m] [0m                                                                                [0m
[0m[[31merror[0m] [0m[0m
[0m[[31merror[0m] [0m[Stage 17226:============================================>        (10 + 2) / 12][0m
[0m[[31merror[0m] [0m                                                                                [0m
[0m[[31merror[0m] [0m[0m
[0m[[31merror[0m] [0m[Stage 17228:============================================>        (10 + 2) / 12][0m
[0m[[31merror[0m] [0m                                                                                [0m
[0m[[31merror[0m] [0m[0m
[0m[[31merror[0m] [0m[Stage 17230:======================>                               (5 + 5) / 12][0m
[0m[[31merror[0m] [0m                                                                                [0m
[0m[[31merror[0m] [0m[0m
[0m[[31merror[0m] [0m[Stage 17232:============================================>        (10 + 2) / 12][0m
[0m[[31merror[0m] [0m                                                                                [0m
[0m[[31merror[0m] [0m[0m
[0m[[31merror[0m] [0m[Stage 17234:======================>                               (5 + 4) / 12][0m
[0m[[31merror[0m] [0m[Stage 17234:================================================>    (11 + 1) / 12][0m
[0m[[31merror[0m] [0m                                                                                [0m
[0m[[31merror[0m] [0m[0m
[0m[[31merror[0m] [0m[Stage 17236:==================>                                   (4 + 6) / 12][0m
[0m[[31merror[0m] [0m                                                                                [0m
[0m[[31merror[0m] [0m[0m
[0m[[31merror[0m] [0m[Stage 17238:===============================>                      (7 + 4) / 12][0m
[0m[[31merror[0m] [0m                                                                                [0m
[0m[[31merror[0m] [0m[0m
[0m[[31merror[0m] [0m[Stage 17240:================================================>    (11 + 1) / 12][0m
[0m[[31merror[0m] [0m                                                                                [0m
[0m[[31merror[0m] [0m[0m
[0m[[31merror[0m] [0m[Stage 17242:======================>                               (5 + 4) / 12][0m
[0m[[31merror[0m] [0m                                                                                [0m
[0m[[31merror[0m] [0m[0m
[0m[[31merror[0m] [0m[Stage 17244:===========================>                          (6 + 4) / 12][0m
[0m[[31merror[0m] [0m                                                                                [0m
[0m[[31merror[0m] [0m[0m
[0m[[31merror[0m] [0m[Stage 17246:============================================>        (10 + 2) / 12][0m
[0m[[31merror[0m] [0m                                                                                [0m
[0m[[31merror[0m] [0m[0m
[0m[[31merror[0m] [0m[Stage 17248:==================>                                   (4 + 5) / 12][0m
[0m[[31merror[0m] [0m                                                                                [0m
[0m[[31merror[0m] [0m[0m
[0m[[31merror[0m] [0m[Stage 17250:===============================>                      (7 + 4) / 12][0m
[0m[[31merror[0m] [0m                                                                                [0m
[0m[[31merror[0m] [0m[0m
[0m[[31merror[0m] [0m[Stage 17252:===========================>                          (6 + 5) / 12][0m
[0m[[31merror[0m] [0m                                                                                [0m
[0m[[31merror[0m] [0m[0m
[0m[[31merror[0m] [0m[Stage 17254:============================================>        (10 + 2) / 12][0m
[0m[[31merror[0m] [0m                                                                                [0m
[0m[[31merror[0m] [0m[0m
[0m[[31merror[0m] [0m[Stage 17256:==================>                                   (4 + 5) / 12][0m
[0m[[31merror[0m] [0m                                                                                [0m
[0m[[31merror[0m] [0m[0m
[0m[[31merror[0m] [0m[Stage 17258:===============================>                      (7 + 4) / 12][0m
[0m[[31merror[0m] [0m                                                                                [0m
[0m[[31merror[0m] [0m[0m
[0m[[31merror[0m] [0m[Stage 17260:============================================>        (10 + 2) / 12][0m
[0m[[31merror[0m] [0m                                                                                [0m
[0m[[31merror[0m] [0m[0m
[0m[[31merror[0m] [0m[Stage 17262:===========================>                          (6 + 4) / 12][0m
[0m[[31merror[0m] [0m                                                                                [0m
[0m[[31merror[0m] [0m[0m
[0m[[31merror[0m] [0m[Stage 17264:======================>                               (5 + 6) / 12][0m
[0m[[31merror[0m] [0m                                                                                [0m
[0m[[31merror[0m] [0m[0m
[0m[[31merror[0m] [0m[Stage 17266:============================================>        (10 + 2) / 12][0m
[0m[[31merror[0m] [0m                                                                                [0m
[0m[[31merror[0m] [0m[0m
[0m[[31merror[0m] [0m[Stage 17268:======================>                               (5 + 4) / 12][0m
[0m[[31merror[0m] [0m[Stage 17268:================================================>    (11 + 1) / 12][0m
[0m[[31merror[0m] [0m                                                                                [0m
[0m[[31merror[0m] [0m[0m
[0m[[31merror[0m] [0m[Stage 17270:==================>                                   (4 + 6) / 12][0m
[0m[[31merror[0m] [0m[Stage 17270:================================================>    (11 + 1) / 12][0m
[0m[[31merror[0m] [0m                                                                                [0m
[0m[[31merror[0m] [0m[0m
[0m[[31merror[0m] [0m[Stage 17272:==================>                                   (4 + 6) / 12][0m
[0m[[31merror[0m] [0m                                                                                [0m
[0m[[31merror[0m] [0m[0m
[0m[[31merror[0m] [0m[Stage 17274:===============================>                      (7 + 4) / 12][0m
[0m[[31merror[0m] [0m                                                                                [0m
[0m[[31merror[0m] [0m[0m
[0m[[31merror[0m] [0m[Stage 17276:================================================>    (11 + 1) / 12][0m
[0m[[31merror[0m] [0m                                                                                [0m
[0m[[31merror[0m] [0m[0m
[0m[[31merror[0m] [0m[Stage 17278:===============================>                      (7 + 4) / 12][0m
[0m[[31merror[0m] [0m                                                                                [0m
[0m[[31merror[0m] [0m[0m
[0m[[31merror[0m] [0m[Stage 17280:================================================>    (11 + 1) / 12][0m
[0m[[31merror[0m] [0m                                                                                [0m
[0m[[31merror[0m] [0m[0m
[0m[[31merror[0m] [0m[Stage 17282:===========================>                          (6 + 4) / 12][0m
[0m[[31merror[0m] [0m                                                                                [0m
[0m[[31merror[0m] [0m[0m
[0m[[31merror[0m] [0m[Stage 17284:========================================>             (9 + 3) / 12][0m
[0m[[31merror[0m] [0m                                                                                [0m
[0m[[31merror[0m] [0m[0m
[0m[[31merror[0m] [0m[Stage 17288:======================>                               (5 + 6) / 12][0m
[0m[[31merror[0m] [0m                                                                                [0m
[0m[[31merror[0m] [0m[0m
[0m[[31merror[0m] [0m[Stage 17290:============================================>        (10 + 2) / 12][0m
[0m[[31merror[0m] [0m                                                                                [0m
[0m[[31merror[0m] [0m[0m
[0m[[31merror[0m] [0m[Stage 17292:======================>                               (5 + 5) / 12][0m
[0m[[31merror[0m] [0m                                                                                [0m
[0m[[31merror[0m] [0m[0m
[0m[[31merror[0m] [0m[Stage 17294:======================>                               (5 + 6) / 12][0m
[0m[[31merror[0m] [0m                                                                                [0m
[0m[[31merror[0m] [0m[0m
[0m[[31merror[0m] [0m[Stage 17296:================================================>    (11 + 1) / 12][0m
[0m[[31merror[0m] [0m                                                                                [0m
[0m[[31merror[0m] [0m[0m
[0m[[31merror[0m] [0m[Stage 17298:======================>                               (5 + 5) / 12][0m
[0m[[31merror[0m] [0m                                                                                [0m
[0m[[31merror[0m] [0m[0m
[0m[[31merror[0m] [0m[Stage 17300:========================================>             (9 + 3) / 12][0m
[0m[[31merror[0m] [0m                                                                                [0m
[0m[[31merror[0m] [0m[0m
[0m[[31merror[0m] [0m[Stage 17302:================================================>    (11 + 1) / 12][0m
[0m[[31merror[0m] [0m                                                                                [0m
[0m[[31merror[0m] [0m[0m
[0m[[31merror[0m] [0m[Stage 17304:=============>                                        (3 + 6) / 12][0m
[0m[[31merror[0m] [0m                                                                                [0m
[0m[[31merror[0m] [0m[0m
[0m[[31merror[0m] [0m[Stage 17306:===============================>                      (7 + 4) / 12][0m
[0m[[31merror[0m] [0m                                                                                [0m
[0m[[31merror[0m] [0m[0m
[0m[[31merror[0m] [0m[Stage 17308:========================================>             (9 + 3) / 12][0m
[0m[[31merror[0m] [0m                                                                                [0m
[0m[[31merror[0m] [0m[0m
[0m[[31merror[0m] [0m[Stage 17310:======================>                               (5 + 5) / 12][0m
[0m[[31merror[0m] [0m                                                                                [0m
[0m[[31merror[0m] [0m[0m
[0m[[31merror[0m] [0m[Stage 17312:===============================>                      (7 + 4) / 12][0m
[0m[[31merror[0m] [0m                                                                                [0m
[0m[[31merror[0m] [0m[0m
[0m[[31merror[0m] [0m[Stage 17314:=====================================================(12 + 0) / 12][0m
[0m[[31merror[0m] [0m                                                                                [0m
[0m[[31merror[0m] [0m[0m
[0m[[31merror[0m] [0m[Stage 17316:====================================>                 (8 + 4) / 12][0m
[0m[[31merror[0m] [0m                                                                                [0m
[0m[[31merror[0m] [0m[0m
[0m[[31merror[0m] [0m[Stage 17320:===========================>                          (6 + 4) / 12][0m
[0m[[31merror[0m] [0m                                                                                [0m
[0m[[31merror[0m] [0m[0m
[0m[[31merror[0m] [0m[Stage 17322:======================>                               (5 + 6) / 12][0m
[0m[[31merror[0m] [0m                                                                                [0m
[0m[[31merror[0m] [0m[0m
[0m[[31merror[0m] [0m[Stage 17324:================================================>    (11 + 1) / 12][0m
[0m[[31merror[0m] [0m                                                                                [0m
[0m[[31merror[0m] [0m[0m
[0m[[31merror[0m] [0m[Stage 17326:===========================>                          (6 + 5) / 12][0m
[0m[[31merror[0m] [0m                                                                                [0m
[0m[[31merror[0m] [0m[0m
[0m[[31merror[0m] [0m[Stage 17328:===============================>                      (7 + 4) / 12][0m
[0m[[31merror[0m] [0m                                                                                [0m
[0m[[31merror[0m] [0m[0m
[0m[[31merror[0m] [0m[Stage 17330:================================================>    (11 + 1) / 12][0m
[0m[[31merror[0m] [0m                                                                                [0m
[0m[[31merror[0m] [0m[0m
[0m[[31merror[0m] [0m[Stage 17332:======================>                               (5 + 5) / 12][0m
[0m[[31merror[0m] [0m                                                                                [0m
[0m[[31merror[0m] [0m[0m
[0m[[31merror[0m] [0m[Stage 17334:===============================>                      (7 + 4) / 12][0m
[0m[[31merror[0m] [0m                                                                                [0m
[0m[[31merror[0m] [0m[0m
[0m[[31merror[0m] [0m[Stage 17336:============================================>        (10 + 2) / 12][0m
[0m[[31merror[0m] [0m                                                                                [0m
[0m[[31merror[0m] [0m[0m
[0m[[31merror[0m] [0m[Stage 17338:======================>                               (5 + 4) / 12][0m
[0m[[31merror[0m] [0m[Stage 17338:================================================>    (11 + 1) / 12][0m
[0m[[31merror[0m] [0m                                                                                [0m
[0m[[31merror[0m] [0m[0m
[0m[[31merror[0m] [0m[Stage 17340:======================>                               (5 + 5) / 12][0m
[0m[[31merror[0m] [0m                                                                                [0m
[0m[[31merror[0m] [0m[0m
[0m[[31merror[0m] [0m[Stage 17342:========================================>             (9 + 3) / 12][0m
[0m[[31merror[0m] [0m                                                                                [0m
[0m[[31merror[0m] [0m[0m
[0m[[31merror[0m] [0m[Stage 17344:================================================>    (11 + 1) / 12][0m
[0m[[31merror[0m] [0m                                                                                [0m
[0m[[31merror[0m] [0m[0m
[0m[[31merror[0m] [0m[Stage 17346:===============================>                      (7 + 4) / 12][0m
[0m[[31merror[0m] [0m                                                                                [0m
[0m[[31merror[0m] [0m[0m
[0m[[31merror[0m] [0m[Stage 17348:============================================>        (10 + 2) / 12][0m
[0m[[31merror[0m] [0m                                                                                [0m
[0m[[31merror[0m] [0m[0m
[0m[[31merror[0m] [0m[Stage 17350:===========================>                          (6 + 4) / 12][0m
[0m[[31merror[0m] [0m                                                                                [0m
[0m[[31merror[0m] [0m[0m
[0m[[31merror[0m] [0m[Stage 17352:========================================>             (9 + 3) / 12][0m
[0m[[31merror[0m] [0m                                                                                [0m
[0m[[31merror[0m] [0m[0m
[0m[[31merror[0m] [0m[Stage 17354:============================================>        (10 + 2) / 12][0m
[0m[[31merror[0m] [0m                                                                                [0m
[0m[[31merror[0m] [0m[0m
[0m[[31merror[0m] [0m[Stage 17356:======================>                               (5 + 4) / 12][0m
[0m[[31merror[0m] [0m[Stage 17356:================================================>    (11 + 1) / 12][0m
[0m[[31merror[0m] [0m                                                                                [0m
[0m[[31merror[0m] [0m[0m
[0m[[31merror[0m] [0m[Stage 17358:======================>                               (5 + 5) / 12][0m
[0m[[31merror[0m] [0m                                                                                [0m
[0m[[31merror[0m] [0m[0m
[0m[[31merror[0m] [0m[Stage 17360:============================================>        (10 + 2) / 12][0m
[0m[[31merror[0m] [0m                                                                                [0m
[0m[[31merror[0m] [0m[0m
[0m[[31merror[0m] [0m[Stage 17362:==================>                                   (4 + 5) / 12][0m
[0m[[31merror[0m] [0m[Stage 17362:================================================>    (11 + 1) / 12][0m
[0m[[31merror[0m] [0m                                                                                [0m
[0m[[31merror[0m] [0m[0m
[0m[[31merror[0m] [0m[Stage 17364:===========================>                          (6 + 4) / 12][0m
[0m[[31merror[0m] [0m                                                                                [0m
[0m[[31merror[0m] [0m[0m
[0m[[31merror[0m] [0m[Stage 17366:========================================>             (9 + 3) / 12][0m
[0m[[31merror[0m] [0m                                                                                [0m
[0m[[31merror[0m] [0m[0m
[0m[[31merror[0m] [0m[Stage 17368:======================>                               (5 + 5) / 12][0m
[0m[[31merror[0m] [0m                                                                                [0m
[0m[[31merror[0m] [0m[0m
[0m[[31merror[0m] [0m[Stage 17370:===========================>                          (6 + 5) / 12][0m
[0m[[31merror[0m] [0m                                                                                [0m
[0m[[31merror[0m] [0m[0m
[0m[[31merror[0m] [0m[Stage 17372:================================================>    (11 + 1) / 12][0m
[0m[[31merror[0m] [0m                                                                                [0m
[0m[[31merror[0m] [0m[0m
[0m[[31merror[0m] [0m[Stage 17374:===========================>                          (6 + 5) / 12][0m
[0m[[31merror[0m] [0m                                                                                [0m
[0m[[31merror[0m] [0m[0m
[0m[[31merror[0m] [0m[Stage 17376:================================================>    (11 + 1) / 12][0m
[0m[[31merror[0m] [0m                                                                                [0m
[0m[[31merror[0m] [0m[0m
[0m[[31merror[0m] [0m[Stage 17378:====================================>                 (8 + 3) / 12][0m
[0m[[31merror[0m] [0m                                                                                [0m
[0m[[31merror[0m] [0m[0m
[0m[[31merror[0m] [0m[Stage 17380:============================================>        (10 + 2) / 12][0m
[0m[[31merror[0m] [0m                                                                                [0m
[0m[[31merror[0m] [0m[0m
[0m[[31merror[0m] [0m[Stage 17382:===========================>                          (6 + 4) / 12][0m
[0m[[31merror[0m] [0m                                                                                [0m
[0m[[31merror[0m] [0m[0m
[0m[[31merror[0m] [0m[Stage 17384:========================================>             (9 + 3) / 12][0m
[0m[[31merror[0m] [0m                                                                                [0m
[0m[[31merror[0m] [0m[0m
[0m[[31merror[0m] [0m[Stage 17386:===========================>                          (6 + 4) / 12][0m
[0m[[31merror[0m] [0m                                                                                [0m
[0m[[31merror[0m] [0m[0m
[0m[[31merror[0m] [0m[Stage 17388:===============================>                      (7 + 4) / 12][0m
[0m[[31merror[0m] [0m                                                                                [0m
[0m[[31merror[0m] [0m[0m
[0m[[31merror[0m] [0m[Stage 17390:================================================>    (11 + 1) / 12][0m
[0m[[31merror[0m] [0m                                                                                [0m
[0m[[31merror[0m] [0m[0m
[0m[[31merror[0m] [0m[Stage 17392:===============================>                      (7 + 4) / 12][0m
[0m[[31merror[0m] [0m                                                                                [0m
[0m[[31merror[0m] [0m[0m
[0m[[31merror[0m] [0m[Stage 17394:============================================>        (10 + 2) / 12][0m
[0m[[31merror[0m] [0m                                                                                [0m
[0m[[31merror[0m] [0m[0m
[0m[[31merror[0m] [0m[Stage 17396:======================>                               (5 + 4) / 12][0m
[0m[[31merror[0m] [0m[Stage 17396:================================================>    (11 + 1) / 12][0m
[0m[[31merror[0m] [0m                                                                                [0m
[0m[[31merror[0m] [0m[0m
[0m[[31merror[0m] [0m[Stage 17398:===========================>                          (6 + 5) / 12][0m
[0m[[31merror[0m] [0m                                                                                [0m
[0m[[31merror[0m] [0m[0m
[0m[[31merror[0m] [0m[Stage 17400:==================>                                   (4 + 7) / 12][0m
[0m[[31merror[0m] [0m                                                                                [0m
[0m[[31merror[0m] [0m[0m
[0m[[31merror[0m] [0m[Stage 17402:============================================>        (10 + 2) / 12][0m
[0m[[31merror[0m] [0m                                                                                [0m
[0m[[31merror[0m] [0m[0m
[0m[[31merror[0m] [0m[Stage 17404:======================>                               (5 + 5) / 12][0m
[0m[[31merror[0m] [0m                                                                                [0m
[0m[[31merror[0m] [0m[0m
[0m[[31merror[0m] [0m[Stage 17406:============================================>        (10 + 2) / 12][0m
[0m[[31merror[0m] [0m                                                                                [0m
[0m[[31merror[0m] [0m[0m
[0m[[31merror[0m] [0m[Stage 17408:==================>                                   (4 + 5) / 12][0m
[0m[[31merror[0m] [0m                                                                                [0m
[0m[[31merror[0m] [0m[0m
[0m[[31merror[0m] [0m[Stage 17410:===========================>                          (6 + 4) / 12][0m
[0m[[31merror[0m] [0m                                                                                [0m
[0m[[31merror[0m] [0m[0m
[0m[[31merror[0m] [0m[Stage 17412:============================================>        (10 + 2) / 12][0m
[0m[[31merror[0m] [0m                                                                                [0m
[0m[[31merror[0m] [0m[0m
[0m[[31merror[0m] [0m[Stage 17414:======================>                               (5 + 4) / 12][0m
[0m[[31merror[0m] [0m[Stage 17414:================================================>    (11 + 1) / 12][0m
[0m[[31merror[0m] [0m                                                                                [0m
[0m[[31merror[0m] [0m[0m
[0m[[31merror[0m] [0m[Stage 17416:===========================>                          (6 + 4) / 12][0m
[0m[[31merror[0m] [0m                                                                                [0m
[0m[[31merror[0m] [0m[0m
[0m[[31merror[0m] [0m[Stage 17418:========================================>             (9 + 3) / 12][0m
[0m[[31merror[0m] [0m                                                                                [0m
[0m[[31merror[0m] [0m[0m
[0m[[31merror[0m] [0m[Stage 17420:================================================>    (11 + 1) / 12][0m
[0m[[31merror[0m] [0m                                                                                [0m
[0m[[31merror[0m] [0m[0m
[0m[[31merror[0m] [0m[Stage 17422:======================>                               (5 + 5) / 12][0m
[0m[[31merror[0m] [0m                                                                                [0m
[0m[[31merror[0m] [0m[0m
[0m[[31merror[0m] [0m[Stage 17424:===============================>                      (7 + 4) / 12][0m
[0m[[31merror[0m] [0m                                                                                [0m
[0m[[31merror[0m] [0m[0m
[0m[[31merror[0m] [0m[Stage 17426:========================================>             (9 + 3) / 12][0m
[0m[[31merror[0m] [0m                                                                                [0m
[0m[[31merror[0m] [0m[0m
[0m[[31merror[0m] [0m[Stage 17428:======================>                               (5 + 4) / 12][0m
[0m[[31merror[0m] [0m[Stage 17428:================================================>    (11 + 1) / 12][0m
[0m[[31merror[0m] [0m                                                                                [0m
[0m[[31merror[0m] [0m[0m
[0m[[31merror[0m] [0m[Stage 17430:==================>                                   (4 + 6) / 12][0m
[0m[[31merror[0m] [0m                                                                                [0m
[0m[[31merror[0m] [0m[0m
[0m[[31merror[0m] [0m[Stage 17432:========================================>             (9 + 3) / 12][0m
[0m[[31merror[0m] [0m                                                                                [0m
[0m[[31merror[0m] [0m[0m
[0m[[31merror[0m] [0m[Stage 17434:===========================>                          (6 + 4) / 12][0m
[0m[[31merror[0m] [0m                                                                                [0m
[0m[[31merror[0m] [0m[0m
[0m[[31merror[0m] [0m[Stage 17436:============================================>        (10 + 2) / 12][0m
[0m[[31merror[0m] [0m                                                                                [0m
[0m[[31merror[0m] [0m[0m
[0m[[31merror[0m] [0m[Stage 17438:==================>                                   (4 + 5) / 12][0m
[0m[[31merror[0m] [0m[Stage 17438:================================================>    (11 + 1) / 12][0m
[0m[[31merror[0m] [0m                                                                                [0m
[0m[[31merror[0m] [0m[0m
[0m[[31merror[0m] [0m[Stage 17440:===========================>                          (6 + 5) / 12][0m
[0m[[31merror[0m] [0m                                                                                [0m
[0m[[31merror[0m] [0m[0m
[0m[[31merror[0m] [0m[Stage 17442:========================================>             (9 + 3) / 12][0m
[0m[[31merror[0m] [0m                                                                                [0m
[0m[[31merror[0m] [0m[0m
[0m[[31merror[0m] [0m[Stage 17444:==================>                                   (4 + 5) / 12][0m
[0m[[31merror[0m] [0m[Stage 17444:============================================>        (10 + 2) / 12][0m
[0m[[31merror[0m] [0m                                                                                [0m
[0m[[31merror[0m] [0m[0m
[0m[[31merror[0m] [0m[Stage 17446:===========================>                          (6 + 4) / 12][0m
[0m[[31merror[0m] [0m                                                                                [0m
[0m[[31merror[0m] [0m[0m
[0m[[31merror[0m] [0m[Stage 17448:===============================>                      (7 + 4) / 12][0m
[0m[[31merror[0m] [0m                                                                                [0m
[0m[[31merror[0m] [0m[0m
[0m[[31merror[0m] [0m[Stage 17450:===============================>                      (7 + 4) / 12][0m
[0m[[31merror[0m] [0m                                                                                [0m
[0m[[31merror[0m] [0m[0m
[0m[[31merror[0m] [0m[Stage 17452:============================================>        (10 + 2) / 12][0m
[0m[[31merror[0m] [0m                                                                                [0m
[0m[[31merror[0m] [0m[0m
[0m[[31merror[0m] [0m[Stage 17454:===========================>                          (6 + 4) / 12][0m
[0m[[31merror[0m] [0m                                                                                [0m
[0m[[31merror[0m] [0m[0m
[0m[[31merror[0m] [0m[Stage 17456:============================================>        (10 + 2) / 12][0m
[0m[[31merror[0m] [0m                                                                                [0m
[0m[[31merror[0m] [0m[0m
[0m[[31merror[0m] [0m[Stage 17458:==================>                                   (4 + 6) / 12][0m
[0m[[31merror[0m] [0m                                                                                [0m
[0m[[31merror[0m] [0m[0m
[0m[[31merror[0m] [0m[Stage 17460:===========================>                          (6 + 4) / 12][0m
[0m[[31merror[0m] [0m                                                                                [0m
[0m[[31merror[0m] [0m[0m
[0m[[31merror[0m] [0m[Stage 17462:======================>                               (5 + 6) / 12][0m
[0m[[31merror[0m] [0m                                                                                [0m
[0m[[31merror[0m] [0m[0m
[0m[[31merror[0m] [0m[Stage 17464:======================>                               (5 + 4) / 12][0m
[0m[[31merror[0m] [0m[Stage 17464:================================================>    (11 + 1) / 12][0m
[0m[[31merror[0m] [0m                                                                                [0m
[0m[[31merror[0m] [0m[0m
[0m[[31merror[0m] [0m[Stage 17466:==================>                                   (4 + 7) / 12][0m
[0m[[31merror[0m] [0m                                                                                [0m
[0m[[31merror[0m] [0m[0m
[0m[[31merror[0m] [0m[Stage 17468:================================================>    (11 + 1) / 12][0m
[0m[[31merror[0m] [0m                                                                                [0m
[0m[[31merror[0m] [0m[0m
[0m[[31merror[0m] [0m[Stage 17470:======================>                               (5 + 5) / 12][0m
[0m[[31merror[0m] [0m                                                                                [0m
[0m[[31merror[0m] [0m[0m
[0m[[31merror[0m] [0m[Stage 17472:============================================>        (10 + 2) / 12][0m
[0m[[31merror[0m] [0m                                                                                [0m
[0m[[31merror[0m] [0m[0m
[0m[[31merror[0m] [0m[Stage 17476:===============================>                      (7 + 4) / 12][0m
[0m[[31merror[0m] [0m                                                                                [0m
[0m[[31merror[0m] [0m[0m
[0m[[31merror[0m] [0m[Stage 17478:================================================>    (11 + 1) / 12][0m
[0m[[31merror[0m] [0m                                                                                [0m
[0m[[31merror[0m] [0m[0m
[0m[[31merror[0m] [0m[Stage 17480:===========================>                          (6 + 4) / 12][0m
[0m[[31merror[0m] [0m                                                                                [0m
[0m[[31merror[0m] [0m[0m
[0m[[31merror[0m] [0m[Stage 17482:========================================>             (9 + 3) / 12][0m
[0m[[31merror[0m] [0m                                                                                [0m
[0m[[31merror[0m] [0m[0m
[0m[[31merror[0m] [0m[Stage 17484:======================>                               (5 + 4) / 12][0m
[0m[[31merror[0m] [0m                                                                                [0m
[0m[[31merror[0m] [0m[0m
[0m[[31merror[0m] [0m[Stage 17486:===============================>                      (7 + 4) / 12][0m
[0m[[31merror[0m] [0m                                                                                [0m
[0m[[31merror[0m] [0m[0m
[0m[[31merror[0m] [0m[Stage 17488:============================================>        (10 + 2) / 12][0m
[0m[[31merror[0m] [0m                                                                                [0m
[0m[[31merror[0m] [0m[0m
[0m[[31merror[0m] [0m[Stage 17490:======================>                               (5 + 4) / 12][0m
[0m[[31merror[0m] [0m[Stage 17490:================================================>    (11 + 1) / 12][0m
[0m[[31merror[0m] [0m                                                                                [0m
[0m[[31merror[0m] [0m[0m
[0m[[31merror[0m] [0m[Stage 17492:===============================>                      (7 + 4) / 12][0m
[0m[[31merror[0m] [0m                                                                                [0m
[0m[[31merror[0m] [0m[0m
[0m[[31merror[0m] [0m[Stage 17494:============================================>        (10 + 2) / 12][0m
[0m[[31merror[0m] [0m                                                                                [0m
[0m[[31merror[0m] [0m[0m
[0m[[31merror[0m] [0m[Stage 17496:===========================>                          (6 + 4) / 12][0m
[0m[[31merror[0m] [0m                                                                                [0m
[0m[[31merror[0m] [0m[0m
[0m[[31merror[0m] [0m[Stage 17498:===============================>                      (7 + 4) / 12][0m
[0m[[31merror[0m] [0m                                                                                [0m
[0m[[31merror[0m] [0m[0m
[0m[[31merror[0m] [0m[Stage 17500:===============================>                      (7 + 4) / 12][0m
[0m[[31merror[0m] [0m                                                                                [0m
[0m[[31merror[0m] [0m[0m
[0m[[31merror[0m] [0m[Stage 17502:========================================>             (9 + 3) / 12][0m
[0m[[31merror[0m] [0m                                                                                [0m
[0m[[31merror[0m] [0m[0m
[0m[[31merror[0m] [0m[Stage 17504:======================>                               (5 + 4) / 12][0m
[0m[[31merror[0m] [0m[Stage 17504:================================================>    (11 + 1) / 12][0m
[0m[[31merror[0m] [0m                                                                                [0m
[0m[[31merror[0m] [0m[0m
[0m[[31merror[0m] [0m[Stage 17506:===========================>                          (6 + 4) / 12][0m
[0m[[31merror[0m] [0m                                                                                [0m
[0m[[31merror[0m] [0m[0m
[0m[[31merror[0m] [0m[Stage 17508:========================================>             (9 + 3) / 12][0m
[0m[[31merror[0m] [0m                                                                                [0m
[0m[[31merror[0m] [0m[0m
[0m[[31merror[0m] [0m[Stage 17512:===========================>                          (6 + 5) / 12][0m
[0m[[31merror[0m] [0m                                                                                [0m
[0m[[31merror[0m] [0m[0m
[0m[[31merror[0m] [0m[Stage 17514:======================>                               (5 + 6) / 12][0m
[0m[[31merror[0m] [0m                                                                                [0m
[0m[[31merror[0m] [0m[0m
[0m[[31merror[0m] [0m[Stage 17516:============================================>        (10 + 2) / 12][0m
[0m[[31merror[0m] [0m                                                                                [0m
[0m[[31merror[0m] [0m[0m
[0m[[31merror[0m] [0m[Stage 17518:===========================>                          (6 + 4) / 12][0m
[0m[[31merror[0m] [0m                                                                                [0m
[0m[[31merror[0m] [0m[0m
[0m[[31merror[0m] [0m[Stage 17520:========================================>             (9 + 3) / 12][0m
[0m[[31merror[0m] [0m                                                                                [0m
[0m[[31merror[0m] [0m[0m
[0m[[31merror[0m] [0m[Stage 17524:===========================>                          (6 + 5) / 12][0m
[0m[[31merror[0m] [0m                                                                                [0m
[0m[[31merror[0m] [0m[0m
[0m[[31merror[0m] [0m[Stage 17526:================================================>    (11 + 1) / 12][0m
[0m[[31merror[0m] [0m                                                                                [0m
[0m[[31merror[0m] [0m[0m
[0m[[31merror[0m] [0m[Stage 17528:===========================>                          (6 + 5) / 12][0m
[0m[[31merror[0m] [0m[Stage 17528:================================================>    (11 + 1) / 12][0m
[0m[[31merror[0m] [0m                                                                                [0m
[0m[[31merror[0m] [0m[0m
[0m[[31merror[0m] [0m[Stage 17530:===========================>                          (6 + 5) / 12][0m
[0m[[31merror[0m] [0m                                                                                [0m
[0m[[31merror[0m] [0m[0m
[0m[[31merror[0m] [0m[Stage 17532:======================>                               (5 + 6) / 12][0m
[0m[[31merror[0m] [0m                                                                                [0m
[0m[[31merror[0m] [0m[0m
[0m[[31merror[0m] [0m[Stage 17534:============================================>        (10 + 2) / 12][0m
[0m[[31merror[0m] [0m                                                                                [0m
[0m[[31merror[0m] [0m[0m
[0m[[31merror[0m] [0m[Stage 17536:======================>                               (5 + 4) / 12][0m
[0m[[31merror[0m] [0m                                                                                [0m
[0m[[31merror[0m] [0m[0m
[0m[[31merror[0m] [0m[Stage 17538:======================>                               (5 + 5) / 12][0m
[0m[[31merror[0m] [0m                                                                                [0m
[0m[[31merror[0m] [0m[0m
[0m[[31merror[0m] [0m[Stage 17540:================================================>    (11 + 1) / 12][0m
[0m[[31merror[0m] [0m                                                                                [0m
[0m[[31merror[0m] [0m[0m
[0m[[31merror[0m] [0m[Stage 17542:======================>                               (5 + 5) / 12][0m
[0m[[31merror[0m] [0m                                                                                [0m
[0m[[31merror[0m] [0m[0m
[0m[[31merror[0m] [0m[Stage 17544:========================================>             (9 + 3) / 12][0m
[0m[[31merror[0m] [0m                                                                                [0m
[0m[[31merror[0m] [0m[0m
[0m[[31merror[0m] [0m[Stage 17546:==================>                                   (4 + 5) / 12][0m
[0m[[31merror[0m] [0m[Stage 17546:============================================>        (10 + 2) / 12][0m
[0m[[31merror[0m] [0m                                                                                [0m
[0m[[31merror[0m] [0m[0m
[0m[[31merror[0m] [0m[Stage 17548:==================>                                   (4 + 6) / 12][0m
[0m[[31merror[0m] [0m                                                                                [0m
[0m[[31merror[0m] [0m[0m
[0m[[31merror[0m] [0m[Stage 17550:===============================>                      (7 + 4) / 12][0m
[0m[[31merror[0m] [0m                                                                                [0m
[0m[[31merror[0m] [0m[0m
[0m[[31merror[0m] [0m[Stage 17552:===========================>                          (6 + 5) / 12][0m
[0m[[31merror[0m] [0m                                                                                [0m
[0m[[31merror[0m] [0m[0m
[0m[[31merror[0m] [0m[Stage 17556:===========================>                          (6 + 4) / 12][0m
[0m[[31merror[0m] [0m                                                                                [0m
[0m[[31merror[0m] [0m[0m
[0m[[31merror[0m] [0m[Stage 17558:============================================>        (10 + 2) / 12][0m
[0m[[31merror[0m] [0m                                                                                [0m
[0m[[31merror[0m] [0m[0m
[0m[[31merror[0m] [0m[Stage 17560:================================================>    (11 + 1) / 12][0m
[0m[[31merror[0m] [0m                                                                                [0m
[0m[[31merror[0m] [0m[0m
[0m[[31merror[0m] [0m[Stage 17562:======================>                               (5 + 5) / 12][0m
[0m[[31merror[0m] [0m                                                                                [0m
[0m[[31merror[0m] [0m[0m
[0m[[31merror[0m] [0m[Stage 17564:===========================>                          (6 + 5) / 12][0m
[0m[[31merror[0m] [0m                                                                                [0m
[0m[[31merror[0m] [0m[0m
[0m[[31merror[0m] [0m[Stage 17566:================================================>    (11 + 1) / 12][0m
[0m[[31merror[0m] [0m                                                                                [0m
[0m[[31merror[0m] [0m[0m
[0m[[31merror[0m] [0m[Stage 17568:===========================>                          (6 + 4) / 12][0m
[0m[[31merror[0m] [0m                                                                                [0m
[0m[[31merror[0m] [0m[0m
[0m[[31merror[0m] [0m[Stage 17570:============================================>        (10 + 2) / 12][0m
[0m[[31merror[0m] [0m                                                                                [0m
[0m[[31merror[0m] [0m[0m
[0m[[31merror[0m] [0m[Stage 17572:======================>                               (5 + 5) / 12][0m
[0m[[31merror[0m] [0m                                                                                [0m
[0m[[31merror[0m] [0m[0m
[0m[[31merror[0m] [0m[Stage 17574:===============================>                      (7 + 4) / 12][0m
[0m[[31merror[0m] [0m                                                                                [0m
[0m[[31merror[0m] [0m[0m
[0m[[31merror[0m] [0m[Stage 17578:======================>                               (5 + 6) / 12][0m
[0m[[31merror[0m] [0m                                                                                [0m
[0m[[31merror[0m] [0m[0m
[0m[[31merror[0m] [0m[Stage 17580:================================================>    (11 + 1) / 12][0m
[0m[[31merror[0m] [0m                                                                                [0m
[0m[[31merror[0m] [0m[0m
[0m[[31merror[0m] [0m[Stage 17582:===========================>                          (6 + 4) / 12][0m
[0m[[31merror[0m] [0m                                                                                [0m
[0m[[31merror[0m] [0m[0m
[0m[[31merror[0m] [0m[Stage 17584:============================================>        (10 + 2) / 12][0m
[0m[[31merror[0m] [0m                                                                                [0m
[0m[[31merror[0m] [0m[0m
[0m[[31merror[0m] [0m[Stage 17586:===========================>                          (6 + 4) / 12][0m
[0m[[31merror[0m] [0m                                                                                [0m
[0m[[31merror[0m] [0m[0m
[0m[[31merror[0m] [0m[Stage 17588:============================================>        (10 + 2) / 12][0m
[0m[[31merror[0m] [0m                                                                                [0m
[0m[[31merror[0m] [0m[0m
[0m[[31merror[0m] [0m[Stage 17590:===========================>                          (6 + 4) / 12][0m
[0m[[31merror[0m] [0m                                                                                [0m
[0m[[31merror[0m] [0m[0m
[0m[[31merror[0m] [0m[Stage 17592:===============================>                      (7 + 4) / 12][0m
[0m[[31merror[0m] [0m                                                                                [0m
[0m[[31merror[0m] [0m[0m
[0m[[31merror[0m] [0m[Stage 17594:===============================>                      (7 + 4) / 12][0m
[0m[[31merror[0m] [0m                                                                                [0m
[0m[[31merror[0m] [0m[0m
[0m[[31merror[0m] [0m[Stage 17596:============================================>        (10 + 2) / 12][0m
[0m[[31merror[0m] [0m                                                                                [0m
[0m[[31merror[0m] [0m[0m
[0m[[31merror[0m] [0m[Stage 17598:==================>                                   (4 + 5) / 12][0m
[0m[[31merror[0m] [0m[Stage 17598:================================================>    (11 + 1) / 12][0m
[0m[[31merror[0m] [0m                                                                                [0m
[0m[[31merror[0m] [0m[0m
[0m[[31merror[0m] [0m[Stage 17600:===============================>                      (7 + 4) / 12][0m
[0m[[31merror[0m] [0m                                                                                [0m
[0m[[31merror[0m] [0m[0m
[0m[[31merror[0m] [0m[Stage 17602:================================================>    (11 + 1) / 12][0m
[0m[[31merror[0m] [0m                                                                                [0m
[0m[[31merror[0m] [0m[0m
[0m[[31merror[0m] [0m[Stage 17604:======================>                               (5 + 4) / 12][0m
[0m[[31merror[0m] [0m                                                                                [0m
[0m[[31merror[0m] [0m[0m
[0m[[31merror[0m] [0m[Stage 17606:===========================>                          (6 + 5) / 12][0m
[0m[[31merror[0m] [0m                                                                                [0m
[0m[[31merror[0m] [0m[0m
[0m[[31merror[0m] [0m[Stage 17608:========================================>             (9 + 3) / 12][0m
[0m[[31merror[0m] [0m                                                                                [0m
[0m[[31merror[0m] [0m[0m
[0m[[31merror[0m] [0m[Stage 17610:======================>                               (5 + 5) / 12][0m
[0m[[0minfo[0m] [0m		Elapsed time: 736.373809ms[0m
[0m[[31merror[0m] [0m                                                                                [0m
[0m[[0minfo[0m] [0m	Testing dataset degree: 10	mapper: PolynomialMapper-V1	name: denseData[0m
[0m[[0minfo[0m] [0m		Elapsed time: 459.730604ms[0m
[0m[[0minfo[0m] [0m	Testing dataset degree: 10	mapper: PolynomialMapper-V1	name: sparseData[0m
[0m[[31merror[0m] [0m[0m
[0m[[31merror[0m] [0m[Stage 18012:================================================>    (11 + 1) / 12][0m
[0m[[31merror[0m] [0m                                                                                [0m
[0m[[31merror[0m] [0m[0m
[0m[[31merror[0m] [0m[Stage 18014:===============================>                      (7 + 4) / 12][0m
[0m[[31merror[0m] [0m                                                                                [0m
[0m[[31merror[0m] [0m[0m
[0m[[31merror[0m] [0m[Stage 18016:============================================>        (10 + 2) / 12][0m
[0m[[31merror[0m] [0m                                                                                [0m
[0m[[31merror[0m] [0m[0m
[0m[[31merror[0m] [0m[Stage 18018:======================>                               (5 + 5) / 12][0m
[0m[[31merror[0m] [0m                                                                                [0m
[0m[[31merror[0m] [0m[0m
[0m[[31merror[0m] [0m[Stage 18020:============================================>        (10 + 2) / 12][0m
[0m[[31merror[0m] [0m                                                                                [0m
[0m[[31merror[0m] [0m[0m
[0m[[31merror[0m] [0m[Stage 18022:================================================>    (11 + 1) / 12][0m
[0m[[31merror[0m] [0m                                                                                [0m
[0m[[31merror[0m] [0m[0m
[0m[[31merror[0m] [0m[Stage 18024:======================>                               (5 + 6) / 12][0m
[0m[[31merror[0m] [0m                                                                                [0m
[0m[[31merror[0m] [0m[0m
[0m[[31merror[0m] [0m[Stage 18026:============================================>        (10 + 2) / 12][0m
[0m[[31merror[0m] [0m                                                                                [0m
[0m[[31merror[0m] [0m[0m
[0m[[31merror[0m] [0m[Stage 18028:======================>                               (5 + 4) / 12][0m
[0m[[31merror[0m] [0m                                                                                [0m
[0m[[31merror[0m] [0m[0m
[0m[[31merror[0m] [0m[Stage 18030:======================>                               (5 + 6) / 12][0m
[0m[[31merror[0m] [0m                                                                                [0m
[0m[[31merror[0m] [0m[0m
[0m[[31merror[0m] [0m[Stage 18032:================================================>    (11 + 1) / 12][0m
[0m[[31merror[0m] [0m                                                                                [0m
[0m[[31merror[0m] [0m[0m
[0m[[31merror[0m] [0m[Stage 18034:===========================>                          (6 + 4) / 12][0m
[0m[[31merror[0m] [0m                                                                                [0m
[0m[[31merror[0m] [0m[0m
[0m[[31merror[0m] [0m[Stage 18036:===========================>                          (6 + 5) / 12][0m
[0m[[31merror[0m] [0m                                                                                [0m
[0m[[31merror[0m] [0m[0m
[0m[[31merror[0m] [0m[Stage 18038:================================================>    (11 + 1) / 12][0m
[0m[[31merror[0m] [0m                                                                                [0m
[0m[[31merror[0m] [0m[0m
[0m[[31merror[0m] [0m[Stage 18040:======================>                               (5 + 4) / 12][0m
[0m[[31merror[0m] [0m                                                                                [0m
[0m[[31merror[0m] [0m[0m
[0m[[31merror[0m] [0m[Stage 18042:===========================>                          (6 + 5) / 12][0m
[0m[[31merror[0m] [0m                                                                                [0m
[0m[[31merror[0m] [0m[0m
[0m[[31merror[0m] [0m[Stage 18044:================================================>    (11 + 1) / 12][0m
[0m[[31merror[0m] [0m                                                                                [0m
[0m[[31merror[0m] [0m[0m
[0m[[31merror[0m] [0m[Stage 18046:===========================>                          (6 + 5) / 12][0m
[0m[[31merror[0m] [0m                                                                                [0m
[0m[[31merror[0m] [0m[0m
[0m[[31merror[0m] [0m[Stage 18048:============================================>        (10 + 2) / 12][0m
[0m[[31merror[0m] [0m                                                                                [0m
[0m[[31merror[0m] [0m[0m
[0m[[31merror[0m] [0m[Stage 18050:===========================>                          (6 + 4) / 12][0m
[0m[[31merror[0m] [0m                                                                                [0m
[0m[[31merror[0m] [0m[0m
[0m[[31merror[0m] [0m[Stage 18052:============================================>        (10 + 2) / 12][0m
[0m[[31merror[0m] [0m                                                                                [0m
[0m[[31merror[0m] [0m[0m
[0m[[31merror[0m] [0m[Stage 18054:======================>                               (5 + 4) / 12][0m
[0m[[31merror[0m] [0m                                                                                [0m
[0m[[31merror[0m] [0m[0m
[0m[[31merror[0m] [0m[Stage 18056:===============================>                      (7 + 4) / 12][0m
[0m[[31merror[0m] [0m                                                                                [0m
[0m[[31merror[0m] [0m[0m
[0m[[31merror[0m] [0m[Stage 18058:============================================>        (10 + 2) / 12][0m
[0m[[31merror[0m] [0m                                                                                [0m
[0m[[31merror[0m] [0m[0m
[0m[[31merror[0m] [0m[Stage 18060:======================>                               (5 + 4) / 12][0m
[0m[[31merror[0m] [0m                                                                                [0m
[0m[[31merror[0m] [0m[0m
[0m[[31merror[0m] [0m[Stage 18062:===========================>                          (6 + 5) / 12][0m
[0m[[31merror[0m] [0m                                                                                [0m
[0m[[31merror[0m] [0m[0m
[0m[[31merror[0m] [0m[Stage 18064:================================================>    (11 + 1) / 12][0m
[0m[[31merror[0m] [0m                                                                                [0m
[0m[[31merror[0m] [0m[0m
[0m[[31merror[0m] [0m[Stage 18066:======================>                               (5 + 5) / 12][0m
[0m[[31merror[0m] [0m                                                                                [0m
[0m[[31merror[0m] [0m[0m
[0m[[31merror[0m] [0m[Stage 18068:============================================>        (10 + 2) / 12][0m
[0m[[31merror[0m] [0m                                                                                [0m
[0m[[31merror[0m] [0m[0m
[0m[[31merror[0m] [0m[Stage 18070:======================>                               (5 + 4) / 12][0m
[0m[[31merror[0m] [0m                                                                                [0m
[0m[[31merror[0m] [0m[0m
[0m[[31merror[0m] [0m[Stage 18072:======================>                               (5 + 6) / 12][0m
[0m[[31merror[0m] [0m                                                                                [0m
[0m[[31merror[0m] [0m[0m
[0m[[31merror[0m] [0m[Stage 18074:============================================>        (10 + 2) / 12][0m
[0m[[31merror[0m] [0m                                                                                [0m
[0m[[31merror[0m] [0m[0m
[0m[[31merror[0m] [0m[Stage 18076:======================>                               (5 + 4) / 12][0m
[0m[[31merror[0m] [0m[Stage 18076:================================================>    (11 + 1) / 12][0m
[0m[[31merror[0m] [0m                                                                                [0m
[0m[[31merror[0m] [0m[0m
[0m[[31merror[0m] [0m[Stage 18078:==================>                                   (4 + 5) / 12][0m
[0m[[31merror[0m] [0m                                                                                [0m
[0m[[31merror[0m] [0m[0m
[0m[[31merror[0m] [0m[Stage 18080:===============================>                      (7 + 4) / 12][0m
[0m[[31merror[0m] [0m                                                                                [0m
[0m[[31merror[0m] [0m[0m
[0m[[31merror[0m] [0m[Stage 18082:================================================>    (11 + 1) / 12][0m
[0m[[31merror[0m] [0m                                                                                [0m
[0m[[31merror[0m] [0m[0m
[0m[[31merror[0m] [0m[Stage 18084:======================>                               (5 + 6) / 12][0m
[0m[[31merror[0m] [0m                                                                                [0m
[0m[[31merror[0m] [0m[0m
[0m[[31merror[0m] [0m[Stage 18086:===========================>                          (6 + 5) / 12][0m
[0m[[31merror[0m] [0m                                                                                [0m
[0m[[31merror[0m] [0m[0m
[0m[[31merror[0m] [0m[Stage 18088:==================>                                   (4 + 7) / 12][0m
[0m[[31merror[0m] [0m                                                                                [0m
[0m[[31merror[0m] [0m[0m
[0m[[31merror[0m] [0m[Stage 18090:================================================>    (11 + 1) / 12][0m
[0m[[31merror[0m] [0m                                                                                [0m
[0m[[31merror[0m] [0m[0m
[0m[[31merror[0m] [0m[Stage 18092:===============================>                      (7 + 4) / 12][0m
[0m[[31merror[0m] [0m                                                                                [0m
[0m[[31merror[0m] [0m[0m
[0m[[31merror[0m] [0m[Stage 18094:================================================>    (11 + 1) / 12][0m
[0m[[31merror[0m] [0m                                                                                [0m
[0m[[31merror[0m] [0m[0m
[0m[[31merror[0m] [0m[Stage 18096:===============================>                      (7 + 4) / 12][0m
[0m[[31merror[0m] [0m                                                                                [0m
[0m[[31merror[0m] [0m[0m
[0m[[31merror[0m] [0m[Stage 18098:============================================>        (10 + 2) / 12][0m
[0m[[31merror[0m] [0m                                                                                [0m
[0m[[31merror[0m] [0m[0m
[0m[[31merror[0m] [0m[Stage 18100:===========================>                          (6 + 4) / 12][0m
[0m[[31merror[0m] [0m                                                                                [0m
[0m[[31merror[0m] [0m[0m
[0m[[31merror[0m] [0m[Stage 18102:===============================>                      (7 + 4) / 12][0m
[0m[[31merror[0m] [0m                                                                                [0m
[0m[[31merror[0m] [0m[0m
[0m[[31merror[0m] [0m[Stage 18104:======================>                               (5 + 6) / 12][0m
[0m[[31merror[0m] [0m                                                                                [0m
[0m[[31merror[0m] [0m[0m
[0m[[31merror[0m] [0m[Stage 18106:================================================>    (11 + 1) / 12][0m
[0m[[31merror[0m] [0m                                                                                [0m
[0m[[31merror[0m] [0m[0m
[0m[[31merror[0m] [0m[Stage 18108:===========================>                          (6 + 4) / 12][0m
[0m[[31merror[0m] [0m                                                                                [0m
[0m[[31merror[0m] [0m[0m
[0m[[31merror[0m] [0m[Stage 18110:============================================>        (10 + 2) / 12][0m
[0m[[31merror[0m] [0m                                                                                [0m
[0m[[31merror[0m] [0m[0m
[0m[[31merror[0m] [0m[Stage 18112:>                                                     (0 + 9) / 12][0m
[0m[[31merror[0m] [0m[Stage 18112:============================================>        (10 + 2) / 12][0m
[0m[[31merror[0m] [0m                                                                                [0m
[0m[[31merror[0m] [0m[0m
[0m[[31merror[0m] [0m[Stage 18114:===========================>                          (6 + 4) / 12][0m
[0m[[31merror[0m] [0m                                                                                [0m
[0m[[31merror[0m] [0m[0m
[0m[[31merror[0m] [0m[Stage 18116:===============================>                      (7 + 4) / 12][0m
[0m[[31merror[0m] [0m                                                                                [0m
[0m[[31merror[0m] [0m[0m
[0m[[31merror[0m] [0m[Stage 18118:============================================>        (10 + 2) / 12][0m
[0m[[31merror[0m] [0m                                                                                [0m
[0m[[31merror[0m] [0m[0m
[0m[[31merror[0m] [0m[Stage 18120:======================>                               (5 + 5) / 12][0m
[0m[[31merror[0m] [0m                                                                                [0m
[0m[[31merror[0m] [0m[0m
[0m[[31merror[0m] [0m[Stage 18122:============================================>        (10 + 2) / 12][0m
[0m[[31merror[0m] [0m                                                                                [0m
[0m[[31merror[0m] [0m[0m
[0m[[31merror[0m] [0m[Stage 18124:================================================>    (11 + 1) / 12][0m
[0m[[31merror[0m] [0m                                                                                [0m
[0m[[31merror[0m] [0m[0m
[0m[[31merror[0m] [0m[Stage 18126:===============================>                      (7 + 4) / 12][0m
[0m[[31merror[0m] [0m                                                                                [0m
[0m[[31merror[0m] [0m[0m
[0m[[31merror[0m] [0m[Stage 18128:============================================>        (10 + 2) / 12][0m
[0m[[31merror[0m] [0m                                                                                [0m
[0m[[31merror[0m] [0m[0m
[0m[[31merror[0m] [0m[Stage 18130:===========================>                          (6 + 4) / 12][0m
[0m[[31merror[0m] [0m                                                                                [0m
[0m[[31merror[0m] [0m[0m
[0m[[31merror[0m] [0m[Stage 18132:===============================>                      (7 + 4) / 12][0m
[0m[[31merror[0m] [0m                                                                                [0m
[0m[[31merror[0m] [0m[0m
[0m[[31merror[0m] [0m[Stage 18134:================================================>    (11 + 1) / 12][0m
[0m[[31merror[0m] [0m                                                                                [0m
[0m[[31merror[0m] [0m[0m
[0m[[31merror[0m] [0m[Stage 18136:===========================>                          (6 + 5) / 12][0m
[0m[[31merror[0m] [0m                                                                                [0m
[0m[[31merror[0m] [0m[0m
[0m[[31merror[0m] [0m[Stage 18138:============================================>        (10 + 2) / 12][0m
[0m[[31merror[0m] [0m                                                                                [0m
[0m[[31merror[0m] [0m[0m
[0m[[31merror[0m] [0m[Stage 18140:======================>                               (5 + 5) / 12][0m
[0m[[31merror[0m] [0m                                                                                [0m
[0m[[31merror[0m] [0m[0m
[0m[[31merror[0m] [0m[Stage 18142:===========================>                          (6 + 5) / 12][0m
[0m[[31merror[0m] [0m[Stage 18142:============================================>        (10 + 2) / 12][0m
[0m[[31merror[0m] [0m                                                                                [0m
[0m[[31merror[0m] [0m[0m
[0m[[31merror[0m] [0m[Stage 18144:======================>                               (5 + 5) / 12][0m
[0m[[31merror[0m] [0m                                                                                [0m
[0m[[31merror[0m] [0m[0m
[0m[[31merror[0m] [0m[Stage 18146:======================>                               (5 + 5) / 12][0m
[0m[[31merror[0m] [0m                                                                                [0m
[0m[[31merror[0m] [0m[0m
[0m[[31merror[0m] [0m[Stage 18148:===========================>                          (6 + 5) / 12][0m
[0m[[31merror[0m] [0m                                                                                [0m
[0m[[31merror[0m] [0m[0m
[0m[[31merror[0m] [0m[Stage 18150:============================================>        (10 + 2) / 12][0m
[0m[[31merror[0m] [0m                                                                                [0m
[0m[[31merror[0m] [0m[0m
[0m[[31merror[0m] [0m[Stage 18152:======================>                               (5 + 4) / 12][0m
[0m[[31merror[0m] [0m[Stage 18152:================================================>    (11 + 1) / 12][0m
[0m[[31merror[0m] [0m                                                                                [0m
[0m[[31merror[0m] [0m[0m
[0m[[31merror[0m] [0m[Stage 18154:===========================>                          (6 + 4) / 12][0m
[0m[[31merror[0m] [0m                                                                                [0m
[0m[[31merror[0m] [0m[0m
[0m[[31merror[0m] [0m[Stage 18156:===========================>                          (6 + 5) / 12][0m
[0m[[31merror[0m] [0m                                                                                [0m
[0m[[31merror[0m] [0m[0m
[0m[[31merror[0m] [0m[Stage 18158:================================================>    (11 + 1) / 12][0m
[0m[[31merror[0m] [0m                                                                                [0m
[0m[[31merror[0m] [0m[0m
[0m[[31merror[0m] [0m[Stage 18160:===========================>                          (6 + 4) / 12][0m
[0m[[31merror[0m] [0m                                                                                [0m
[0m[[31merror[0m] [0m[0m
[0m[[31merror[0m] [0m[Stage 18162:========================================>             (9 + 3) / 12][0m
[0m[[31merror[0m] [0m                                                                                [0m
[0m[[31merror[0m] [0m[0m
[0m[[31merror[0m] [0m[Stage 18164:======================>                               (5 + 4) / 12][0m
[0m[[31merror[0m] [0m[Stage 18164:================================================>    (11 + 1) / 12][0m
[0m[[31merror[0m] [0m                                                                                [0m
[0m[[31merror[0m] [0m[0m
[0m[[31merror[0m] [0m[Stage 18166:===============================>                      (7 + 4) / 12][0m
[0m[[31merror[0m] [0m                                                                                [0m
[0m[[31merror[0m] [0m[0m
[0m[[31merror[0m] [0m[Stage 18168:================================================>    (11 + 1) / 12][0m
[0m[[31merror[0m] [0m                                                                                [0m
[0m[[31merror[0m] [0m[0m
[0m[[31merror[0m] [0m[Stage 18170:===========================>                          (6 + 5) / 12][0m
[0m[[31merror[0m] [0m                                                                                [0m
[0m[[31merror[0m] [0m[0m
[0m[[31merror[0m] [0m[Stage 18172:===========================>                          (6 + 5) / 12][0m
[0m[[31merror[0m] [0m                                                                                [0m
[0m[[31merror[0m] [0m[0m
[0m[[31merror[0m] [0m[Stage 18174:============================================>        (10 + 2) / 12][0m
[0m[[31merror[0m] [0m                                                                                [0m
[0m[[31merror[0m] [0m[0m
[0m[[31merror[0m] [0m[Stage 18176:====>                                                 (1 + 8) / 12][0m
[0m[[31merror[0m] [0m[Stage 18176:================================================>    (11 + 1) / 12][0m
[0m[[31merror[0m] [0m                                                                                [0m
[0m[[31merror[0m] [0m[0m
[0m[[31merror[0m] [0m[Stage 18178:===========================>                          (6 + 4) / 12][0m
[0m[[31merror[0m] [0m                                                                                [0m
[0m[[31merror[0m] [0m[0m
[0m[[31merror[0m] [0m[Stage 18180:===========================>                          (6 + 5) / 12][0m
[0m[[31merror[0m] [0m                                                                                [0m
[0m[[31merror[0m] [0m[0m
[0m[[31merror[0m] [0m[Stage 18182:============================================>        (10 + 2) / 12][0m
[0m[[31merror[0m] [0m                                                                                [0m
[0m[[31merror[0m] [0m[0m
[0m[[31merror[0m] [0m[Stage 18184:======================>                               (5 + 4) / 12][0m
[0m[[31merror[0m] [0m[Stage 18184:================================================>    (11 + 1) / 12][0m
[0m[[31merror[0m] [0m                                                                                [0m
[0m[[31merror[0m] [0m[0m
[0m[[31merror[0m] [0m[Stage 18186:===========================>                          (6 + 5) / 12][0m
[0m[[31merror[0m] [0m                                                                                [0m
[0m[[31merror[0m] [0m[0m
[0m[[31merror[0m] [0m[Stage 18188:============================================>        (10 + 2) / 12][0m
[0m[[31merror[0m] [0m                                                                                [0m
[0m[[31merror[0m] [0m[0m
[0m[[31merror[0m] [0m[Stage 18190:===========================>                          (6 + 4) / 12][0m
[0m[[31merror[0m] [0m[Stage 18190:================================================>    (11 + 1) / 12][0m
[0m[[31merror[0m] [0m                                                                                [0m
[0m[[31merror[0m] [0m[0m
[0m[[31merror[0m] [0m[Stage 18192:======================>                               (5 + 6) / 12][0m
[0m[[31merror[0m] [0m                                                                                [0m
[0m[[31merror[0m] [0m[0m
[0m[[31merror[0m] [0m[Stage 18194:============================================>        (10 + 2) / 12][0m
[0m[[31merror[0m] [0m                                                                                [0m
[0m[[31merror[0m] [0m[0m
[0m[[31merror[0m] [0m[Stage 18196:===========================>                          (6 + 4) / 12][0m
[0m[[31merror[0m] [0m                                                                                [0m
[0m[[31merror[0m] [0m[0m
[0m[[31merror[0m] [0m[Stage 18198:===========================>                          (6 + 5) / 12][0m
[0m[[31merror[0m] [0m                                                                                [0m
[0m[[31merror[0m] [0m[0m
[0m[[31merror[0m] [0m[Stage 18200:================================================>    (11 + 1) / 12][0m
[0m[[31merror[0m] [0m                                                                                [0m
[0m[[31merror[0m] [0m[0m
[0m[[31merror[0m] [0m[Stage 18202:======================>                               (5 + 4) / 12][0m
[0m[[31merror[0m] [0m                                                                                [0m
[0m[[31merror[0m] [0m[0m
[0m[[31merror[0m] [0m[Stage 18204:========================================>             (9 + 3) / 12][0m
[0m[[31merror[0m] [0m                                                                                [0m
[0m[[31merror[0m] [0m[0m
[0m[[31merror[0m] [0m[Stage 18206:================================================>    (11 + 1) / 12][0m
[0m[[31merror[0m] [0m                                                                                [0m
[0m[[31merror[0m] [0m[0m
[0m[[31merror[0m] [0m[Stage 18208:===========================>                          (6 + 5) / 12][0m
[0m[[31merror[0m] [0m                                                                                [0m
[0m[[31merror[0m] [0m[0m
[0m[[31merror[0m] [0m[Stage 18210:============================================>        (10 + 2) / 12][0m
[0m[[31merror[0m] [0m                                                                                [0m
[0m[[31merror[0m] [0m[0m
[0m[[31merror[0m] [0m[Stage 18212:======================>                               (5 + 5) / 12][0m
[0m[[31merror[0m] [0m[Stage 18212:================================================>    (11 + 1) / 12][0m
[0m[[31merror[0m] [0m                                                                                [0m
[0m[[31merror[0m] [0m[0m
[0m[[31merror[0m] [0m[Stage 18214:===========================>                          (6 + 5) / 12][0m
[0m[[31merror[0m] [0m                                                                                [0m
[0m[[31merror[0m] [0m[0m
[0m[[31merror[0m] [0m[Stage 18216:============================================>        (10 + 2) / 12][0m
[0m[[31merror[0m] [0m                                                                                [0m
[0m[[31merror[0m] [0m[0m
[0m[[31merror[0m] [0m[Stage 18218:===========================>                          (6 + 4) / 12][0m
[0m[[31merror[0m] [0m                                                                                [0m
[0m[[31merror[0m] [0m[0m
[0m[[31merror[0m] [0m[Stage 18220:====================================>                 (8 + 4) / 12][0m
[0m[[31merror[0m] [0m                                                                                [0m
[0m[[31merror[0m] [0m[0m
[0m[[31merror[0m] [0m[Stage 18222:======================>                               (5 + 4) / 12][0m
[0m[[31merror[0m] [0m                                                                                [0m
[0m[[31merror[0m] [0m[0m
[0m[[31merror[0m] [0m[Stage 18224:===========================>                          (6 + 5) / 12][0m
[0m[[31merror[0m] [0m                                                                                [0m
[0m[[31merror[0m] [0m[0m
[0m[[31merror[0m] [0m[Stage 18228:======================>                               (5 + 6) / 12][0m
[0m[[31merror[0m] [0m                                                                                [0m
[0m[[31merror[0m] [0m[0m
[0m[[31merror[0m] [0m[Stage 18230:============================================>        (10 + 2) / 12][0m
[0m[[31merror[0m] [0m                                                                                [0m
[0m[[31merror[0m] [0m[0m
[0m[[31merror[0m] [0m[Stage 18232:======================>                               (5 + 5) / 12][0m
[0m[[31merror[0m] [0m                                                                                [0m
[0m[[31merror[0m] [0m[0m
[0m[[31merror[0m] [0m[Stage 18234:========================================>             (9 + 3) / 12][0m
[0m[[31merror[0m] [0m                                                                                [0m
[0m[[31merror[0m] [0m[0m
[0m[[31merror[0m] [0m[Stage 18236:============================================>        (10 + 2) / 12][0m
[0m[[31merror[0m] [0m                                                                                [0m
[0m[[31merror[0m] [0m[0m
[0m[[31merror[0m] [0m[Stage 18238:===========================>                          (6 + 4) / 12][0m
[0m[[31merror[0m] [0m                                                                                [0m
[0m[[31merror[0m] [0m[0m
[0m[[31merror[0m] [0m[Stage 18240:============================================>        (10 + 2) / 12][0m
[0m[[31merror[0m] [0m                                                                                [0m
[0m[[31merror[0m] [0m[0m
[0m[[31merror[0m] [0m[Stage 18242:==================>                                   (4 + 4) / 12][0m
[0m[[31merror[0m] [0m[Stage 18242:========================================>             (9 + 3) / 12][0m
[0m[[31merror[0m] [0m                                                                                [0m
[0m[[31merror[0m] [0m[0m
[0m[[31merror[0m] [0m[Stage 18244:======================>                               (5 + 4) / 12][0m
[0m[[31merror[0m] [0m[Stage 18244:================================================>    (11 + 1) / 12][0m
[0m[[31merror[0m] [0m                                                                                [0m
[0m[[31merror[0m] [0m[0m
[0m[[31merror[0m] [0m[Stage 18246:==================>                                   (4 + 6) / 12][0m
[0m[[31merror[0m] [0m                                                                                [0m
[0m[[31merror[0m] [0m[0m
[0m[[31merror[0m] [0m[Stage 18248:===========================>                          (6 + 5) / 12][0m
[0m[[31merror[0m] [0m                                                                                [0m
[0m[[31merror[0m] [0m[0m
[0m[[31merror[0m] [0m[Stage 18250:============================================>        (10 + 2) / 12][0m
[0m[[31merror[0m] [0m                                                                                [0m
[0m[[31merror[0m] [0m[0m
[0m[[31merror[0m] [0m[Stage 18252:===========================>                          (6 + 4) / 12][0m
[0m[[31merror[0m] [0m                                                                                [0m
[0m[[31merror[0m] [0m[0m
[0m[[31merror[0m] [0m[Stage 18254:============================================>        (10 + 2) / 12][0m
[0m[[31merror[0m] [0m                                                                                [0m
[0m[[31merror[0m] [0m[0m
[0m[[31merror[0m] [0m[Stage 18256:======================>                               (5 + 4) / 12][0m
[0m[[31merror[0m] [0m                                                                                [0m
[0m[[31merror[0m] [0m[0m
[0m[[31merror[0m] [0m[Stage 18258:===========================>                          (6 + 5) / 12][0m
[0m[[31merror[0m] [0m                                                                                [0m
[0m[[31merror[0m] [0m[0m
[0m[[31merror[0m] [0m[Stage 18260:========================================>             (9 + 3) / 12][0m
[0m[[31merror[0m] [0m                                                                                [0m
[0m[[31merror[0m] [0m[0m
[0m[[31merror[0m] [0m[Stage 18262:============================================>        (10 + 2) / 12][0m
[0m[[31merror[0m] [0m                                                                                [0m
[0m[[31merror[0m] [0m[0m
[0m[[31merror[0m] [0m[Stage 18264:======================>                               (5 + 4) / 12][0m
[0m[[31merror[0m] [0m[Stage 18264:================================================>    (11 + 1) / 12][0m
[0m[[31merror[0m] [0m                                                                                [0m
[0m[[31merror[0m] [0m[0m
[0m[[31merror[0m] [0m[Stage 18266:===============================>                      (7 + 4) / 12][0m
[0m[[31merror[0m] [0m                                                                                [0m
[0m[[31merror[0m] [0m[0m
[0m[[31merror[0m] [0m[Stage 18268:========================================>             (9 + 3) / 12][0m
[0m[[31merror[0m] [0m                                                                                [0m
[0m[[31merror[0m] [0m[0m
[0m[[31merror[0m] [0m[Stage 18270:======================>                               (5 + 4) / 12][0m
[0m[[31merror[0m] [0m[Stage 18270:================================================>    (11 + 1) / 12][0m
[0m[[31merror[0m] [0m                                                                                [0m
[0m[[31merror[0m] [0m[0m
[0m[[31merror[0m] [0m[Stage 18272:======================>                               (5 + 5) / 12][0m
[0m[[31merror[0m] [0m                                                                                [0m
[0m[[31merror[0m] [0m[0m
[0m[[31merror[0m] [0m[Stage 18274:======================>                               (5 + 6) / 12][0m
[0m[[31merror[0m] [0m                                                                                [0m
[0m[[31merror[0m] [0m[0m
[0m[[31merror[0m] [0m[Stage 18276:================================================>    (11 + 1) / 12][0m
[0m[[31merror[0m] [0m                                                                                [0m
[0m[[31merror[0m] [0m[0m
[0m[[31merror[0m] [0m[Stage 18278:======================>                               (5 + 5) / 12][0m
[0m[[31merror[0m] [0m                                                                                [0m
[0m[[31merror[0m] [0m[0m
[0m[[31merror[0m] [0m[Stage 18280:===========================>                          (6 + 5) / 12][0m
[0m[[31merror[0m] [0m                                                                                [0m
[0m[[31merror[0m] [0m[0m
[0m[[31merror[0m] [0m[Stage 18282:========================================>             (9 + 3) / 12][0m
[0m[[31merror[0m] [0m                                                                                [0m
[0m[[31merror[0m] [0m[0m
[0m[[31merror[0m] [0m[Stage 18284:======================>                               (5 + 4) / 12][0m
[0m[[31merror[0m] [0m[Stage 18284:================================================>    (11 + 1) / 12][0m
[0m[[31merror[0m] [0m                                                                                [0m
[0m[[31merror[0m] [0m[0m
[0m[[31merror[0m] [0m[Stage 18286:======================>                               (5 + 5) / 12][0m
[0m[[31merror[0m] [0m                                                                                [0m
[0m[[31merror[0m] [0m[0m
[0m[[31merror[0m] [0m[Stage 18288:===========================>                          (6 + 5) / 12][0m
[0m[[31merror[0m] [0m                                                                                [0m
[0m[[31merror[0m] [0m[0m
[0m[[31merror[0m] [0m[Stage 18290:==================>                                   (4 + 7) / 12][0m
[0m[[31merror[0m] [0m                                                                                [0m
[0m[[31merror[0m] [0m[0m
[0m[[31merror[0m] [0m[Stage 18294:===============================>                      (7 + 4) / 12][0m
[0m[[31merror[0m] [0m                                                                                [0m
[0m[[31merror[0m] [0m[0m
[0m[[31merror[0m] [0m[Stage 18296:============================================>        (10 + 2) / 12][0m
[0m[[31merror[0m] [0m                                                                                [0m
[0m[[31merror[0m] [0m[0m
[0m[[31merror[0m] [0m[Stage 18298:===========================>                          (6 + 4) / 12][0m
[0m[[31merror[0m] [0m                                                                                [0m
[0m[[31merror[0m] [0m[0m
[0m[[31merror[0m] [0m[Stage 18300:===========================>                          (6 + 5) / 12][0m
[0m[[31merror[0m] [0m                                                                                [0m
[0m[[31merror[0m] [0m[0m
[0m[[31merror[0m] [0m[Stage 18302:========================================>             (9 + 3) / 12][0m
[0m[[31merror[0m] [0m                                                                                [0m
[0m[[31merror[0m] [0m[0m
[0m[[31merror[0m] [0m[Stage 18304:======================>                               (5 + 4) / 12][0m
[0m[[31merror[0m] [0m[Stage 18304:============================================>        (10 + 2) / 12][0m
[0m[[31merror[0m] [0m                                                                                [0m
[0m[[31merror[0m] [0m[0m
[0m[[31merror[0m] [0m[Stage 18306:======================>                               (5 + 6) / 12][0m
[0m[[31merror[0m] [0m                                                                                [0m
[0m[[31merror[0m] [0m[0m
[0m[[31merror[0m] [0m[Stage 18308:========================================>             (9 + 3) / 12][0m
[0m[[31merror[0m] [0m                                                                                [0m
[0m[[31merror[0m] [0m[0m
[0m[[31merror[0m] [0m[Stage 18310:================================================>    (11 + 1) / 12][0m
[0m[[31merror[0m] [0m                                                                                [0m
[0m[[31merror[0m] [0m[0m
[0m[[31merror[0m] [0m[Stage 18312:===========================>                          (6 + 4) / 12][0m
[0m[[31merror[0m] [0m                                                                                [0m
[0m[[31merror[0m] [0m[0m
[0m[[31merror[0m] [0m[Stage 18314:========================================>             (9 + 3) / 12][0m
[0m[[31merror[0m] [0m                                                                                [0m
[0m[[31merror[0m] [0m[0m
[0m[[31merror[0m] [0m[Stage 18316:============================================>        (10 + 2) / 12][0m
[0m[[31merror[0m] [0m                                                                                [0m
[0m[[31merror[0m] [0m[0m
[0m[[31merror[0m] [0m[Stage 18318:===========================>                          (6 + 4) / 12][0m
[0m[[31merror[0m] [0m                                                                                [0m
[0m[[31merror[0m] [0m[0m
[0m[[31merror[0m] [0m[Stage 18320:===============================>                      (7 + 4) / 12][0m
[0m[[31merror[0m] [0m                                                                                [0m
[0m[[31merror[0m] [0m[0m
[0m[[31merror[0m] [0m[Stage 18322:============================================>        (10 + 2) / 12][0m
[0m[[31merror[0m] [0m                                                                                [0m
[0m[[31merror[0m] [0m[0m
[0m[[31merror[0m] [0m[Stage 18324:===========================>                          (6 + 4) / 12][0m
[0m[[31merror[0m] [0m                                                                                [0m
[0m[[31merror[0m] [0m[0m
[0m[[31merror[0m] [0m[Stage 18326:===========================>                          (6 + 5) / 12][0m
[0m[[31merror[0m] [0m                                                                                [0m
[0m[[31merror[0m] [0m[0m
[0m[[31merror[0m] [0m[Stage 18328:================================================>    (11 + 1) / 12][0m
[0m[[31merror[0m] [0m                                                                                [0m
[0m[[31merror[0m] [0m[0m
[0m[[31merror[0m] [0m[Stage 18330:===========================>                          (6 + 4) / 12][0m
[0m[[31merror[0m] [0m                                                                                [0m
[0m[[31merror[0m] [0m[0m
[0m[[31merror[0m] [0m[Stage 18332:========================================>             (9 + 3) / 12][0m
[0m[[31merror[0m] [0m                                                                                [0m
[0m[[31merror[0m] [0m[0m
[0m[[31merror[0m] [0m[Stage 18334:======================>                               (5 + 4) / 12][0m
[0m[[31merror[0m] [0m[Stage 18334:================================================>    (11 + 1) / 12][0m
[0m[[31merror[0m] [0m                                                                                [0m
[0m[[31merror[0m] [0m[0m
[0m[[31merror[0m] [0m[Stage 18336:===========================>                          (6 + 4) / 12][0m
[0m[[31merror[0m] [0m                                                                                [0m
[0m[[31merror[0m] [0m[0m
[0m[[31merror[0m] [0m[Stage 18338:========================================>             (9 + 3) / 12][0m
[0m[[31merror[0m] [0m                                                                                [0m
[0m[[31merror[0m] [0m[0m
[0m[[31merror[0m] [0m[Stage 18340:==================>                                   (4 + 5) / 12][0m
[0m[[31merror[0m] [0m[Stage 18340:================================================>    (11 + 1) / 12][0m
[0m[[31merror[0m] [0m                                                                                [0m
[0m[[31merror[0m] [0m[0m
[0m[[31merror[0m] [0m[Stage 18342:===========================>                          (6 + 4) / 12][0m
[0m[[31merror[0m] [0m                                                                                [0m
[0m[[31merror[0m] [0m[0m
[0m[[31merror[0m] [0m[Stage 18344:================================================>    (11 + 1) / 12][0m
[0m[[31merror[0m] [0m                                                                                [0m
[0m[[31merror[0m] [0m[0m
[0m[[31merror[0m] [0m[Stage 18346:===========================>                          (6 + 4) / 12][0m
[0m[[31merror[0m] [0m                                                                                [0m
[0m[[31merror[0m] [0m[0m
[0m[[31merror[0m] [0m[Stage 18348:========================================>             (9 + 3) / 12][0m
[0m[[31merror[0m] [0m                                                                                [0m
[0m[[31merror[0m] [0m[0m
[0m[[31merror[0m] [0m[Stage 18350:======================>                               (5 + 4) / 12][0m
[0m[[31merror[0m] [0m[Stage 18350:================================================>    (11 + 1) / 12][0m
[0m[[31merror[0m] [0m                                                                                [0m
[0m[[31merror[0m] [0m[0m
[0m[[31merror[0m] [0m[Stage 18352:===========================>                          (6 + 4) / 12][0m
[0m[[31merror[0m] [0m                                                                                [0m
[0m[[31merror[0m] [0m[0m
[0m[[31merror[0m] [0m[Stage 18354:======================>                               (5 + 6) / 12][0m
[0m[[31merror[0m] [0m                                                                                [0m
[0m[[31merror[0m] [0m[0m
[0m[[31merror[0m] [0m[Stage 18356:============================================>        (10 + 2) / 12][0m
[0m[[31merror[0m] [0m                                                                                [0m
[0m[[31merror[0m] [0m[0m
[0m[[31merror[0m] [0m[Stage 18358:===========================>                          (6 + 4) / 12][0m
[0m[[31merror[0m] [0m[Stage 18358:================================================>    (11 + 1) / 12][0m
[0m[[31merror[0m] [0m                                                                                [0m
[0m[[31merror[0m] [0m[0m
[0m[[31merror[0m] [0m[Stage 18360:===============================>                      (7 + 4) / 12][0m
[0m[[31merror[0m] [0m                                                                                [0m
[0m[[31merror[0m] [0m[0m
[0m[[31merror[0m] [0m[Stage 18362:================================================>    (11 + 1) / 12][0m
[0m[[31merror[0m] [0m                                                                                [0m
[0m[[31merror[0m] [0m[0m
[0m[[31merror[0m] [0m[Stage 18364:===============================>                      (7 + 4) / 12][0m
[0m[[31merror[0m] [0m                                                                                [0m
[0m[[31merror[0m] [0m[0m
[0m[[31merror[0m] [0m[Stage 18366:============================================>        (10 + 2) / 12][0m
[0m[[31merror[0m] [0m                                                                                [0m
[0m[[31merror[0m] [0m[0m
[0m[[31merror[0m] [0m[Stage 18368:===========================>                          (6 + 4) / 12][0m
[0m[[31merror[0m] [0m                                                                                [0m
[0m[[31merror[0m] [0m[0m
[0m[[31merror[0m] [0m[Stage 18370:==================>                                   (4 + 7) / 12][0m
[0m[[31merror[0m] [0m                                                                                [0m
[0m[[31merror[0m] [0m[0m
[0m[[31merror[0m] [0m[Stage 18372:============================================>        (10 + 2) / 12][0m
[0m[[31merror[0m] [0m                                                                                [0m
[0m[[31merror[0m] [0m[0m
[0m[[31merror[0m] [0m[Stage 18374:============================================>        (10 + 2) / 12][0m
[0m[[31merror[0m] [0m                                                                                [0m
[0m[[31merror[0m] [0m[0m
[0m[[31merror[0m] [0m[Stage 18376:===========================>                          (6 + 4) / 12][0m
[0m[[31merror[0m] [0m                                                                                [0m
[0m[[31merror[0m] [0m[0m
[0m[[31merror[0m] [0m[Stage 18378:===========================>                          (6 + 5) / 12][0m
[0m[[31merror[0m] [0m                                                                                [0m
[0m[[31merror[0m] [0m[0m
[0m[[31merror[0m] [0m[Stage 18380:============================================>        (10 + 2) / 12][0m
[0m[[31merror[0m] [0m                                                                                [0m
[0m[[31merror[0m] [0m[0m
[0m[[31merror[0m] [0m[Stage 18382:==================>                                   (4 + 5) / 12][0m
[0m[[31merror[0m] [0m                                                                                [0m
[0m[[31merror[0m] [0m[0m
[0m[[31merror[0m] [0m[Stage 18384:===========================>                          (6 + 5) / 12][0m
[0m[[31merror[0m] [0m                                                                                [0m
[0m[[31merror[0m] [0m[0m
[0m[[31merror[0m] [0m[Stage 18386:============================================>        (10 + 2) / 12][0m
[0m[[31merror[0m] [0m                                                                                [0m
[0m[[31merror[0m] [0m[0m
[0m[[31merror[0m] [0m[Stage 18388:==================>                                   (4 + 5) / 12][0m
[0m[[31merror[0m] [0m[Stage 18388:================================================>    (11 + 1) / 12][0m
[0m[[31merror[0m] [0m                                                                                [0m
[0m[[31merror[0m] [0m[0m
[0m[[31merror[0m] [0m[Stage 18390:==================>                                   (4 + 4) / 12][0m
[0m[[31merror[0m] [0m[Stage 18390:============================================>        (10 + 2) / 12][0m
[0m[[31merror[0m] [0m                                                                                [0m
[0m[[31merror[0m] [0m[0m
[0m[[31merror[0m] [0m[Stage 18392:===========================>                          (6 + 4) / 12][0m
[0m[[31merror[0m] [0m                                                                                [0m
[0m[[31merror[0m] [0m[0m
[0m[[31merror[0m] [0m[Stage 18394:======================>                               (5 + 5) / 12][0m
[0m[[31merror[0m] [0m                                                                                [0m
[0m[[31merror[0m] [0m[0m
[0m[[31merror[0m] [0m[Stage 18396:======================>                               (5 + 6) / 12][0m
[0m[[31merror[0m] [0m                                                                                [0m
[0m[[31merror[0m] [0m[0m
[0m[[31merror[0m] [0m[Stage 18398:================================================>    (11 + 1) / 12][0m
[0m[[31merror[0m] [0m                                                                                [0m
[0m[[31merror[0m] [0m[0m
[0m[[31merror[0m] [0m[Stage 18400:===============================>                      (7 + 4) / 12][0m
[0m[[31merror[0m] [0m                                                                                [0m
[0m[[31merror[0m] [0m[0m
[0m[[31merror[0m] [0m[Stage 18402:============================================>        (10 + 2) / 12][0m
[0m[[31merror[0m] [0m                                                                                [0m
[0m[[31merror[0m] [0m[0m
[0m[[31merror[0m] [0m[Stage 18404:======================>                               (5 + 4) / 12][0m
[0m[[31merror[0m] [0m[Stage 18404:================================================>    (11 + 1) / 12][0m
[0m[[31merror[0m] [0m                                                                                [0m
[0m[[31merror[0m] [0m[0m
[0m[[31merror[0m] [0m[Stage 18406:===========================>                          (6 + 5) / 12][0m
[0m[[31merror[0m] [0m                                                                                [0m
[0m[[31merror[0m] [0m[0m
[0m[[31merror[0m] [0m[Stage 18408:============================================>        (10 + 2) / 12][0m
[0m[[31merror[0m] [0m                                                                                [0m
[0m[[31merror[0m] [0m[0m
[0m[[31merror[0m] [0m[Stage 18410:===========================>                          (6 + 4) / 12][0m
[0m[[0minfo[0m] [0m		Elapsed time: 738.605976ms[0m
[0m[[31merror[0m] [0m                                                                                [0m
[0m[[0minfo[0m] [0m	Testing dataset degree: 10	mapper: PolynomialMapper-V2	name: denseData[0m
[0m[[0minfo[0m] [0m		Elapsed time: 461.859974ms[0m
[0m[[0minfo[0m] [0m	Testing dataset degree: 10	mapper: PolynomialMapper-V2	name: sparseData[0m
[0m[[31merror[0m] [0m[0m
[0m[[31merror[0m] [0m[Stage 18812:===========================>                          (6 + 5) / 12][0m
[0m[[31merror[0m] [0m                                                                                [0m
[0m[[31merror[0m] [0m[0m
[0m[[31merror[0m] [0m[Stage 18814:============================================>        (10 + 2) / 12][0m
[0m[[31merror[0m] [0m                                                                                [0m
[0m[[31merror[0m] [0m[0m
[0m[[31merror[0m] [0m[Stage 18816:======================>                               (5 + 4) / 12][0m
[0m[[31merror[0m] [0m                                                                                [0m
[0m[[31merror[0m] [0m[0m
[0m[[31merror[0m] [0m[Stage 18818:===============================>                      (7 + 4) / 12][0m
[0m[[31merror[0m] [0m                                                                                [0m
[0m[[31merror[0m] [0m[0m
[0m[[31merror[0m] [0m[Stage 18820:================================================>    (11 + 1) / 12][0m
[0m[[31merror[0m] [0m                                                                                [0m
[0m[[31merror[0m] [0m[0m
[0m[[31merror[0m] [0m[Stage 18822:===========================>                          (6 + 4) / 12][0m
[0m[[31merror[0m] [0m                                                                                [0m
[0m[[31merror[0m] [0m[0m
[0m[[31merror[0m] [0m[Stage 18824:================================================>    (11 + 1) / 12][0m
[0m[[31merror[0m] [0m                                                                                [0m
[0m[[31merror[0m] [0m[0m
[0m[[31merror[0m] [0m[Stage 18826:===========================>                          (6 + 4) / 12][0m
[0m[[31merror[0m] [0m                                                                                [0m
[0m[[31merror[0m] [0m[0m
[0m[[31merror[0m] [0m[Stage 18828:======================>                               (5 + 6) / 12][0m
[0m[[31merror[0m] [0m                                                                                [0m
[0m[[31merror[0m] [0m[0m
[0m[[31merror[0m] [0m[Stage 18830:============================================>        (10 + 2) / 12][0m
[0m[[31merror[0m] [0m                                                                                [0m
[0m[[31merror[0m] [0m[0m
[0m[[31merror[0m] [0m[Stage 18832:==================>                                   (4 + 4) / 12][0m
[0m[[31merror[0m] [0m[Stage 18832:========================================>             (9 + 3) / 12][0m
[0m[[31merror[0m] [0m                                                                                [0m
[0m[[31merror[0m] [0m[0m
[0m[[31merror[0m] [0m[Stage 18834:================================================>    (11 + 1) / 12][0m
[0m[[31merror[0m] [0m                                                                                [0m
[0m[[31merror[0m] [0m[0m
[0m[[31merror[0m] [0m[Stage 18836:======================>                               (5 + 5) / 12][0m
[0m[[31merror[0m] [0m                                                                                [0m
[0m[[31merror[0m] [0m[0m
[0m[[31merror[0m] [0m[Stage 18838:===============================>                      (7 + 4) / 12][0m
[0m[[31merror[0m] [0m                                                                                [0m
[0m[[31merror[0m] [0m[0m
[0m[[31merror[0m] [0m[Stage 18840:================================================>    (11 + 1) / 12][0m
[0m[[31merror[0m] [0m                                                                                [0m
[0m[[31merror[0m] [0m[0m
[0m[[31merror[0m] [0m[Stage 18842:==================>                                   (4 + 6) / 12][0m
[0m[[31merror[0m] [0m                                                                                [0m
[0m[[31merror[0m] [0m[0m
[0m[[31merror[0m] [0m[Stage 18844:======================>                               (5 + 6) / 12][0m
[0m[[31merror[0m] [0m                                                                                [0m
[0m[[31merror[0m] [0m[0m
[0m[[31merror[0m] [0m[Stage 18846:===========================>                          (6 + 5) / 12][0m
[0m[[31merror[0m] [0m                                                                                [0m
[0m[[31merror[0m] [0m[0m
[0m[[31merror[0m] [0m[Stage 18848:================================================>    (11 + 1) / 12][0m
[0m[[31merror[0m] [0m                                                                                [0m
[0m[[31merror[0m] [0m[0m
[0m[[31merror[0m] [0m[Stage 18850:===============================>                      (7 + 4) / 12][0m
[0m[[31merror[0m] [0m                                                                                [0m
[0m[[31merror[0m] [0m[0m
[0m[[31merror[0m] [0m[Stage 18852:========================================>             (9 + 3) / 12][0m
[0m[[31merror[0m] [0m                                                                                [0m
[0m[[31merror[0m] [0m[0m
[0m[[31merror[0m] [0m[Stage 18856:===========================>                          (6 + 5) / 12][0m
[0m[[31merror[0m] [0m                                                                                [0m
[0m[[31merror[0m] [0m[0m
[0m[[31merror[0m] [0m[Stage 18858:============================================>        (10 + 2) / 12][0m
[0m[[31merror[0m] [0m                                                                                [0m
[0m[[31merror[0m] [0m[0m
[0m[[31merror[0m] [0m[Stage 18860:===========================>                          (6 + 4) / 12][0m
[0m[[31merror[0m] [0m                                                                                [0m
[0m[[31merror[0m] [0m[0m
[0m[[31merror[0m] [0m[Stage 18862:============================================>        (10 + 2) / 12][0m
[0m[[31merror[0m] [0m                                                                                [0m
[0m[[31merror[0m] [0m[0m
[0m[[31merror[0m] [0m[Stage 18864:===========================>                          (6 + 4) / 12][0m
[0m[[31merror[0m] [0m[Stage 18864:================================================>    (11 + 1) / 12][0m
[0m[[31merror[0m] [0m                                                                                [0m
[0m[[31merror[0m] [0m[0m
[0m[[31merror[0m] [0m[Stage 18866:===============================>                      (7 + 4) / 12][0m
[0m[[31merror[0m] [0m                                                                                [0m
[0m[[31merror[0m] [0m[0m
[0m[[31merror[0m] [0m[Stage 18868:================================================>    (11 + 1) / 12][0m
[0m[[31merror[0m] [0m                                                                                [0m
[0m[[31merror[0m] [0m[0m
[0m[[31merror[0m] [0m[Stage 18870:===========================>                          (6 + 4) / 12][0m
[0m[[31merror[0m] [0m                                                                                [0m
[0m[[31merror[0m] [0m[0m
[0m[[31merror[0m] [0m[Stage 18872:===========================>                          (6 + 5) / 12][0m
[0m[[31merror[0m] [0m                                                                                [0m
[0m[[31merror[0m] [0m[0m
[0m[[31merror[0m] [0m[Stage 18874:======================>                               (5 + 6) / 12][0m
[0m[[31merror[0m] [0m                                                                                [0m
[0m[[31merror[0m] [0m[0m
[0m[[31merror[0m] [0m[Stage 18876:========================================>             (9 + 3) / 12][0m
[0m[[31merror[0m] [0m                                                                                [0m
[0m[[31merror[0m] [0m[0m
[0m[[31merror[0m] [0m[Stage 18878:===============================>                      (7 + 4) / 12][0m
[0m[[31merror[0m] [0m                                                                                [0m
[0m[[31merror[0m] [0m[0m
[0m[[31merror[0m] [0m[Stage 18880:===========================>                          (6 + 5) / 12][0m
[0m[[31merror[0m] [0m                                                                                [0m
[0m[[31merror[0m] [0m[0m
[0m[[31merror[0m] [0m[Stage 18882:================================================>    (11 + 1) / 12][0m
[0m[[31merror[0m] [0m                                                                                [0m
[0m[[31merror[0m] [0m[0m
[0m[[31merror[0m] [0m[Stage 18884:======================>                               (5 + 5) / 12][0m
[0m[[31merror[0m] [0m[Stage 18884:================================================>    (11 + 1) / 12][0m
[0m[[31merror[0m] [0m                                                                                [0m
[0m[[31merror[0m] [0m[0m
[0m[[31merror[0m] [0m[Stage 18886:===============================>                      (7 + 4) / 12][0m
[0m[[31merror[0m] [0m                                                                                [0m
[0m[[31merror[0m] [0m[0m
[0m[[31merror[0m] [0m[Stage 18888:============================================>        (10 + 2) / 12][0m
[0m[[31merror[0m] [0m                                                                                [0m
[0m[[31merror[0m] [0m[0m
[0m[[31merror[0m] [0m[Stage 18890:======================>                               (5 + 5) / 12][0m
[0m[[31merror[0m] [0m                                                                                [0m
[0m[[31merror[0m] [0m[0m
[0m[[31merror[0m] [0m[Stage 18892:===============================>                      (7 + 4) / 12][0m
[0m[[31merror[0m] [0m                                                                                [0m
[0m[[31merror[0m] [0m[0m
[0m[[31merror[0m] [0m[Stage 18894:============================================>        (10 + 2) / 12][0m
[0m[[31merror[0m] [0m                                                                                [0m
[0m[[31merror[0m] [0m[0m
[0m[[31merror[0m] [0m[Stage 18896:===========================>                          (6 + 3) / 12][0m
[0m[[31merror[0m] [0m[Stage 18896:================================================>    (11 + 1) / 12][0m
[0m[[31merror[0m] [0m                                                                                [0m
[0m[[31merror[0m] [0m[0m
[0m[[31merror[0m] [0m[Stage 18898:===========================>                          (6 + 4) / 12][0m
[0m[[31merror[0m] [0m                                                                                [0m
[0m[[31merror[0m] [0m[0m
[0m[[31merror[0m] [0m[Stage 18900:========================================>             (9 + 3) / 12][0m
[0m[[31merror[0m] [0m                                                                                [0m
[0m[[31merror[0m] [0m[0m
[0m[[31merror[0m] [0m[Stage 18902:=========>                                            (2 + 7) / 12][0m
[0m[[31merror[0m] [0m[Stage 18902:================================================>    (11 + 1) / 12][0m
[0m[[31merror[0m] [0m                                                                                [0m
[0m[[31merror[0m] [0m[0m
[0m[[31merror[0m] [0m[Stage 18904:======================>                               (5 + 5) / 12][0m
[0m[[31merror[0m] [0m                                                                                [0m
[0m[[31merror[0m] [0m[0m
[0m[[31merror[0m] [0m[Stage 18906:============================================>        (10 + 2) / 12][0m
[0m[[31merror[0m] [0m                                                                                [0m
[0m[[31merror[0m] [0m[0m
[0m[[31merror[0m] [0m[Stage 18908:======================>                               (5 + 4) / 12][0m
[0m[[31merror[0m] [0m[Stage 18908:================================================>    (11 + 1) / 12][0m
[0m[[31merror[0m] [0m                                                                                [0m
[0m[[31merror[0m] [0m[0m
[0m[[31merror[0m] [0m[Stage 18910:===========================>                          (6 + 5) / 12][0m
[0m[[31merror[0m] [0m                                                                                [0m
[0m[[31merror[0m] [0m[0m
[0m[[31merror[0m] [0m[Stage 18912:============================================>        (10 + 2) / 12][0m
[0m[[31merror[0m] [0m                                                                                [0m
[0m[[31merror[0m] [0m[0m
[0m[[31merror[0m] [0m[Stage 18914:==================>                                   (4 + 5) / 12][0m
[0m[[31merror[0m] [0m[Stage 18914:================================================>    (11 + 1) / 12][0m
[0m[[31merror[0m] [0m                                                                                [0m
[0m[[31merror[0m] [0m[0m
[0m[[31merror[0m] [0m[Stage 18916:===============================>                      (7 + 4) / 12][0m
[0m[[31merror[0m] [0m                                                                                [0m
[0m[[31merror[0m] [0m[0m
[0m[[31merror[0m] [0m[Stage 18918:============================================>        (10 + 2) / 12][0m
[0m[[31merror[0m] [0m                                                                                [0m
[0m[[31merror[0m] [0m[0m
[0m[[31merror[0m] [0m[Stage 18920:================================================>    (11 + 1) / 12][0m
[0m[[31merror[0m] [0m                                                                                [0m
[0m[[31merror[0m] [0m[0m
[0m[[31merror[0m] [0m[Stage 18922:======================>                               (5 + 5) / 12][0m
[0m[[31merror[0m] [0m                                                                                [0m
[0m[[31merror[0m] [0m[0m
[0m[[31merror[0m] [0m[Stage 18924:==================>                                   (4 + 6) / 12][0m
[0m[[31merror[0m] [0m                                                                                [0m
[0m[[31merror[0m] [0m[0m
[0m[[31merror[0m] [0m[Stage 18926:===========================>                          (6 + 5) / 12][0m
[0m[[31merror[0m] [0m                                                                                [0m
[0m[[31merror[0m] [0m[0m
[0m[[31merror[0m] [0m[Stage 18928:================================================>    (11 + 1) / 12][0m
[0m[[31merror[0m] [0m                                                                                [0m
[0m[[31merror[0m] [0m[0m
[0m[[31merror[0m] [0m[Stage 18930:===============================>                      (7 + 4) / 12][0m
[0m[[31merror[0m] [0m                                                                                [0m
[0m[[31merror[0m] [0m[0m
[0m[[31merror[0m] [0m[Stage 18932:============================================>        (10 + 2) / 12][0m
[0m[[31merror[0m] [0m                                                                                [0m
[0m[[31merror[0m] [0m[0m
[0m[[31merror[0m] [0m[Stage 18934:===========================>                          (6 + 4) / 12][0m
[0m[[31merror[0m] [0m                                                                                [0m
[0m[[31merror[0m] [0m[0m
[0m[[31merror[0m] [0m[Stage 18936:============================================>        (10 + 2) / 12][0m
[0m[[31merror[0m] [0m                                                                                [0m
[0m[[31merror[0m] [0m[0m
[0m[[31merror[0m] [0m[Stage 18938:======================>                               (5 + 4) / 12][0m
[0m[[31merror[0m] [0m[Stage 18938:================================================>    (11 + 1) / 12][0m
[0m[[31merror[0m] [0m                                                                                [0m
[0m[[31merror[0m] [0m[0m
[0m[[31merror[0m] [0m[Stage 18940:==================>                                   (4 + 6) / 12][0m
[0m[[31merror[0m] [0m                                                                                [0m
[0m[[31merror[0m] [0m[0m
[0m[[31merror[0m] [0m[Stage 18942:========================================>             (9 + 3) / 12][0m
[0m[[31merror[0m] [0m                                                                                [0m
[0m[[31merror[0m] [0m[0m
[0m[[31merror[0m] [0m[Stage 18944:============================================>        (10 + 2) / 12][0m
[0m[[31merror[0m] [0m                                                                                [0m
[0m[[31merror[0m] [0m[0m
[0m[[31merror[0m] [0m[Stage 18946:===========================>                          (6 + 4) / 12][0m
[0m[[31merror[0m] [0m                                                                                [0m
[0m[[31merror[0m] [0m[0m
[0m[[31merror[0m] [0m[Stage 18948:======================>                               (5 + 5) / 12][0m
[0m[[31merror[0m] [0m                                                                                [0m
[0m[[31merror[0m] [0m[0m
[0m[[31merror[0m] [0m[Stage 18950:===========================>                          (6 + 5) / 12][0m
[0m[[31merror[0m] [0m                                                                                [0m
[0m[[31merror[0m] [0m[0m
[0m[[31merror[0m] [0m[Stage 18952:============================================>        (10 + 2) / 12][0m
[0m[[31merror[0m] [0m                                                                                [0m
[0m[[31merror[0m] [0m[0m
[0m[[31merror[0m] [0m[Stage 18954:======================>                               (5 + 4) / 12][0m
[0m[[31merror[0m] [0m[Stage 18954:================================================>    (11 + 1) / 12][0m
[0m[[31merror[0m] [0m                                                                                [0m
[0m[[31merror[0m] [0m[0m
[0m[[31merror[0m] [0m[Stage 18956:===========================>                          (6 + 4) / 12][0m
[0m[[31merror[0m] [0m                                                                                [0m
[0m[[31merror[0m] [0m[0m
[0m[[31merror[0m] [0m[Stage 18958:======================>                               (5 + 6) / 12][0m
[0m[[31merror[0m] [0m                                                                                [0m
[0m[[31merror[0m] [0m[0m
[0m[[31merror[0m] [0m[Stage 18960:============================================>        (10 + 2) / 12][0m
[0m[[31merror[0m] [0m                                                                                [0m
[0m[[31merror[0m] [0m[0m
[0m[[31merror[0m] [0m[Stage 18962:==================>                                   (4 + 5) / 12][0m
[0m[[31merror[0m] [0m[Stage 18962:================================================>    (11 + 1) / 12][0m
[0m[[31merror[0m] [0m                                                                                [0m
[0m[[31merror[0m] [0m[0m
[0m[[31merror[0m] [0m[Stage 18964:==================>                                   (4 + 6) / 12][0m
[0m[[31merror[0m] [0m[Stage 18964:================================================>    (11 + 1) / 12][0m
[0m[[31merror[0m] [0m                                                                                [0m
[0m[[31merror[0m] [0m[0m
[0m[[31merror[0m] [0m[Stage 18966:===========================>                          (6 + 4) / 12][0m
[0m[[31merror[0m] [0m                                                                                [0m
[0m[[31merror[0m] [0m[0m
[0m[[31merror[0m] [0m[Stage 18968:============================================>        (10 + 2) / 12][0m
[0m[[31merror[0m] [0m                                                                                [0m
[0m[[31merror[0m] [0m[0m
[0m[[31merror[0m] [0m[Stage 18970:==================>                                   (4 + 5) / 12][0m
[0m[[31merror[0m] [0m                                                                                [0m
[0m[[31merror[0m] [0m[0m
[0m[[31merror[0m] [0m[Stage 18972:===============================>                      (7 + 4) / 12][0m
[0m[[31merror[0m] [0m                                                                                [0m
[0m[[31merror[0m] [0m[0m
[0m[[31merror[0m] [0m[Stage 18974:============================================>        (10 + 2) / 12][0m
[0m[[31merror[0m] [0m                                                                                [0m
[0m[[31merror[0m] [0m[0m
[0m[[31merror[0m] [0m[Stage 18976:===========================>                          (6 + 4) / 12][0m
[0m[[31merror[0m] [0m[Stage 18976:===============================>                      (7 + 4) / 12][0m
[0m[[31merror[0m] [0m                                                                                [0m
[0m[[31merror[0m] [0m[0m
[0m[[31merror[0m] [0m[Stage 18978:============================================>        (10 + 2) / 12][0m
[0m[[31merror[0m] [0m                                                                                [0m
[0m[[31merror[0m] [0m[0m
[0m[[31merror[0m] [0m[Stage 18980:===============================>                      (7 + 3) / 12][0m
[0m[[31merror[0m] [0m                                                                                [0m
[0m[[31merror[0m] [0m[0m
[0m[[31merror[0m] [0m[Stage 18982:============================================>        (10 + 2) / 12][0m
[0m[[31merror[0m] [0m                                                                                [0m
[0m[[31merror[0m] [0m[0m
[0m[[31merror[0m] [0m[Stage 18984:======================>                               (5 + 4) / 12][0m
[0m[[31merror[0m] [0m[Stage 18984:================================================>    (11 + 1) / 12][0m
[0m[[31merror[0m] [0m                                                                                [0m
[0m[[31merror[0m] [0m[0m
[0m[[31merror[0m] [0m[Stage 18986:======================>                               (5 + 5) / 12][0m
[0m[[31merror[0m] [0m                                                                                [0m
[0m[[31merror[0m] [0m[0m
[0m[[31merror[0m] [0m[Stage 18988:===========================>                          (6 + 5) / 12][0m
[0m[[31merror[0m] [0m                                                                                [0m
[0m[[31merror[0m] [0m[0m
[0m[[31merror[0m] [0m[Stage 18990:================================================>    (11 + 1) / 12][0m
[0m[[31merror[0m] [0m                                                                                [0m
[0m[[31merror[0m] [0m[0m
[0m[[31merror[0m] [0m[Stage 18992:==================>                                   (4 + 6) / 12][0m
[0m[[31merror[0m] [0m                                                                                [0m
[0m[[31merror[0m] [0m[0m
[0m[[31merror[0m] [0m[Stage 18994:============================================>        (10 + 2) / 12][0m
[0m[[31merror[0m] [0m                                                                                [0m
[0m[[31merror[0m] [0m[0m
[0m[[31merror[0m] [0m[Stage 18996:======================>                               (5 + 5) / 12][0m
[0m[[31merror[0m] [0m                                                                                [0m
[0m[[31merror[0m] [0m[0m
[0m[[31merror[0m] [0m[Stage 18998:============================================>        (10 + 2) / 12][0m
[0m[[31merror[0m] [0m                                                                                [0m
[0m[[31merror[0m] [0m[0m
[0m[[31merror[0m] [0m[Stage 19000:===============================>                      (7 + 4) / 12][0m
[0m[[31merror[0m] [0m                                                                                [0m
[0m[[31merror[0m] [0m[0m
[0m[[31merror[0m] [0m[Stage 19002:======================>                               (5 + 6) / 12][0m
[0m[[31merror[0m] [0m                                                                                [0m
[0m[[31merror[0m] [0m[0m
[0m[[31merror[0m] [0m[Stage 19004:================================================>    (11 + 1) / 12][0m
[0m[[31merror[0m] [0m                                                                                [0m
[0m[[31merror[0m] [0m[0m
[0m[[31merror[0m] [0m[Stage 19006:===============================>                      (7 + 4) / 12][0m
[0m[[31merror[0m] [0m                                                                                [0m
[0m[[31merror[0m] [0m[0m
[0m[[31merror[0m] [0m[Stage 19008:============================================>        (10 + 2) / 12][0m
[0m[[31merror[0m] [0m                                                                                [0m
[0m[[31merror[0m] [0m[0m
[0m[[31merror[0m] [0m[Stage 19010:======================>                               (5 + 4) / 12][0m
[0m[[31merror[0m] [0m[Stage 19010:================================================>    (11 + 1) / 12][0m
[0m[[31merror[0m] [0m                                                                                [0m
[0m[[31merror[0m] [0m[0m
[0m[[31merror[0m] [0m[Stage 19012:==================>                                   (4 + 6) / 12][0m
[0m[[31merror[0m] [0m                                                                                [0m
[0m[[31merror[0m] [0m[0m
[0m[[31merror[0m] [0m[Stage 19014:======================>                               (5 + 6) / 12][0m
[0m[[31merror[0m] [0m                                                                                [0m
[0m[[31merror[0m] [0m[0m
[0m[[31merror[0m] [0m[Stage 19016:===========================>                          (6 + 5) / 12][0m
[0m[[31merror[0m] [0m                                                                                [0m
[0m[[31merror[0m] [0m[0m
[0m[[31merror[0m] [0m[Stage 19018:================================================>    (11 + 1) / 12][0m
[0m[[31merror[0m] [0m                                                                                [0m
[0m[[31merror[0m] [0m[0m
[0m[[31merror[0m] [0m[Stage 19020:===========================>                          (6 + 4) / 12][0m
[0m[[31merror[0m] [0m                                                                                [0m
[0m[[31merror[0m] [0m[0m
[0m[[31merror[0m] [0m[Stage 19022:========================================>             (9 + 3) / 12][0m
[0m[[31merror[0m] [0m                                                                                [0m
[0m[[31merror[0m] [0m[0m
[0m[[31merror[0m] [0m[Stage 19024:======================>                               (5 + 4) / 12][0m
[0m[[31merror[0m] [0m[Stage 19024:=====================================================(12 + 0) / 12][0m
[0m[[31merror[0m] [0m                                                                                [0m
[0m[[31merror[0m] [0m[0m
[0m[[31merror[0m] [0m[Stage 19026:===============================>                      (7 + 4) / 12][0m
[0m[[31merror[0m] [0m                                                                                [0m
[0m[[31merror[0m] [0m[0m
[0m[[31merror[0m] [0m[Stage 19028:============================================>        (10 + 2) / 12][0m
[0m[[31merror[0m] [0m                                                                                [0m
[0m[[31merror[0m] [0m[0m
[0m[[31merror[0m] [0m[Stage 19030:======================>                               (5 + 4) / 12][0m
[0m[[31merror[0m] [0m[Stage 19030:================================================>    (11 + 1) / 12][0m
[0m[[31merror[0m] [0m                                                                                [0m
[0m[[31merror[0m] [0m[0m
[0m[[31merror[0m] [0m[Stage 19032:==================>                                   (4 + 6) / 12][0m
[0m[[31merror[0m] [0m                                                                                [0m
[0m[[31merror[0m] [0m[0m
[0m[[31merror[0m] [0m[Stage 19034:======================>                               (5 + 6) / 12][0m
[0m[[31merror[0m] [0m                                                                                [0m
[0m[[31merror[0m] [0m[0m
[0m[[31merror[0m] [0m[Stage 19036:============================================>        (10 + 2) / 12][0m
[0m[[31merror[0m] [0m                                                                                [0m
[0m[[31merror[0m] [0m[0m
[0m[[31merror[0m] [0m[Stage 19038:===========================>                          (6 + 4) / 12][0m
[0m[[31merror[0m] [0m                                                                                [0m
[0m[[31merror[0m] [0m[0m
[0m[[31merror[0m] [0m[Stage 19040:======================>                               (5 + 6) / 12][0m
[0m[[31merror[0m] [0m                                                                                [0m
[0m[[31merror[0m] [0m[0m
[0m[[31merror[0m] [0m[Stage 19042:================================================>    (11 + 1) / 12][0m
[0m[[31merror[0m] [0m                                                                                [0m
[0m[[31merror[0m] [0m[0m
[0m[[31merror[0m] [0m[Stage 19044:======================>                               (5 + 6) / 12][0m
[0m[[31merror[0m] [0m                                                                                [0m
[0m[[31merror[0m] [0m[0m
[0m[[31merror[0m] [0m[Stage 19046:============================================>        (10 + 2) / 12][0m
[0m[[31merror[0m] [0m                                                                                [0m
[0m[[31merror[0m] [0m[0m
[0m[[31merror[0m] [0m[Stage 19048:===========================>                          (6 + 4) / 12][0m
[0m[[31merror[0m] [0m[Stage 19048:================================================>    (11 + 1) / 12][0m
[0m[[31merror[0m] [0m                                                                                [0m
[0m[[31merror[0m] [0m[0m
[0m[[31merror[0m] [0m[Stage 19050:===========================>                          (6 + 5) / 12][0m
[0m[[31merror[0m] [0m                                                                                [0m
[0m[[31merror[0m] [0m[0m
[0m[[31merror[0m] [0m[Stage 19052:===========================>                          (6 + 5) / 12][0m
[0m[[31merror[0m] [0m                                                                                [0m
[0m[[31merror[0m] [0m[0m
[0m[[31merror[0m] [0m[Stage 19054:========================================>             (9 + 3) / 12][0m
[0m[[31merror[0m] [0m                                                                                [0m
[0m[[31merror[0m] [0m[0m
[0m[[31merror[0m] [0m[Stage 19056:================================================>    (11 + 1) / 12][0m
[0m[[31merror[0m] [0m                                                                                [0m
[0m[[31merror[0m] [0m[0m
[0m[[31merror[0m] [0m[Stage 19058:======================>                               (5 + 4) / 12][0m
[0m[[31merror[0m] [0m[Stage 19058:================================================>    (11 + 1) / 12][0m
[0m[[31merror[0m] [0m                                                                                [0m
[0m[[31merror[0m] [0m[0m
[0m[[31merror[0m] [0m[Stage 19060:======================>                               (5 + 5) / 12][0m
[0m[[31merror[0m] [0m                                                                                [0m
[0m[[31merror[0m] [0m[0m
[0m[[31merror[0m] [0m[Stage 19062:===============================>                      (7 + 4) / 12][0m
[0m[[31merror[0m] [0m                                                                                [0m
[0m[[31merror[0m] [0m[0m
[0m[[31merror[0m] [0m[Stage 19064:========================================>             (9 + 3) / 12][0m
[0m[[31merror[0m] [0m                                                                                [0m
[0m[[31merror[0m] [0m[0m
[0m[[31merror[0m] [0m[Stage 19068:===============================>                      (7 + 4) / 12][0m
[0m[[31merror[0m] [0m                                                                                [0m
[0m[[31merror[0m] [0m[0m
[0m[[31merror[0m] [0m[Stage 19070:========================================>             (9 + 3) / 12][0m
[0m[[31merror[0m] [0m                                                                                [0m
[0m[[31merror[0m] [0m[0m
[0m[[31merror[0m] [0m[Stage 19072:===========================>                          (6 + 4) / 12][0m
[0m[[31merror[0m] [0m                                                                                [0m
[0m[[31merror[0m] [0m[0m
[0m[[31merror[0m] [0m[Stage 19074:===============================>                      (7 + 4) / 12][0m
[0m[[31merror[0m] [0m                                                                                [0m
[0m[[31merror[0m] [0m[0m
[0m[[31merror[0m] [0m[Stage 19076:===============================>                      (7 + 4) / 12][0m
[0m[[31merror[0m] [0m                                                                                [0m
[0m[[31merror[0m] [0m[0m
[0m[[31merror[0m] [0m[Stage 19078:============================================>        (10 + 2) / 12][0m
[0m[[31merror[0m] [0m                                                                                [0m
[0m[[31merror[0m] [0m[0m
[0m[[31merror[0m] [0m[Stage 19080:===========================>                          (6 + 4) / 12][0m
[0m[[31merror[0m] [0m                                                                                [0m
[0m[[31merror[0m] [0m[0m
[0m[[31merror[0m] [0m[Stage 19082:============================================>        (10 + 2) / 12][0m
[0m[[31merror[0m] [0m                                                                                [0m
[0m[[31merror[0m] [0m[0m
[0m[[31merror[0m] [0m[Stage 19084:===========================>                          (6 + 4) / 12][0m
[0m[[31merror[0m] [0m                                                                                [0m
[0m[[31merror[0m] [0m[0m
[0m[[31merror[0m] [0m[Stage 19086:========================================>             (9 + 3) / 12][0m
[0m[[31merror[0m] [0m                                                                                [0m
[0m[[31merror[0m] [0m[0m
[0m[[31merror[0m] [0m[Stage 19088:================================================>    (11 + 1) / 12][0m
[0m[[31merror[0m] [0m                                                                                [0m
[0m[[31merror[0m] [0m[0m
[0m[[31merror[0m] [0m[Stage 19090:===========================>                          (6 + 4) / 12][0m
[0m[[31merror[0m] [0m                                                                                [0m
[0m[[31merror[0m] [0m[0m
[0m[[31merror[0m] [0m[Stage 19092:============================================>        (10 + 2) / 12][0m
[0m[[31merror[0m] [0m                                                                                [0m
[0m[[31merror[0m] [0m[0m
[0m[[31merror[0m] [0m[Stage 19094:======================>                               (5 + 5) / 12][0m
[0m[[31merror[0m] [0m                                                                                [0m
[0m[[31merror[0m] [0m[0m
[0m[[31merror[0m] [0m[Stage 19096:======================>                               (5 + 6) / 12][0m
[0m[[31merror[0m] [0m                                                                                [0m
[0m[[31merror[0m] [0m[0m
[0m[[31merror[0m] [0m[Stage 19098:============================================>        (10 + 2) / 12][0m
[0m[[31merror[0m] [0m                                                                                [0m
[0m[[31merror[0m] [0m[0m
[0m[[31merror[0m] [0m[Stage 19100:===========================>                          (6 + 4) / 12][0m
[0m[[31merror[0m] [0m                                                                                [0m
[0m[[31merror[0m] [0m[0m
[0m[[31merror[0m] [0m[Stage 19102:========================================>             (9 + 3) / 12][0m
[0m[[31merror[0m] [0m                                                                                [0m
[0m[[31merror[0m] [0m[0m
[0m[[31merror[0m] [0m[Stage 19104:================================================>    (11 + 1) / 12][0m
[0m[[31merror[0m] [0m                                                                                [0m
[0m[[31merror[0m] [0m[0m
[0m[[31merror[0m] [0m[Stage 19106:==================>                                   (4 + 6) / 12][0m
[0m[[31merror[0m] [0m                                                                                [0m
[0m[[31merror[0m] [0m[0m
[0m[[31merror[0m] [0m[Stage 19108:===============================>                      (7 + 4) / 12][0m
[0m[[31merror[0m] [0m                                                                                [0m
[0m[[31merror[0m] [0m[0m
[0m[[31merror[0m] [0m[Stage 19110:==================>                                   (4 + 7) / 12][0m
[0m[[31merror[0m] [0m                                                                                [0m
[0m[[31merror[0m] [0m[0m
[0m[[31merror[0m] [0m[Stage 19112:================================================>    (11 + 1) / 12][0m
[0m[[31merror[0m] [0m                                                                                [0m
[0m[[31merror[0m] [0m[0m
[0m[[31merror[0m] [0m[Stage 19114:===========================>                          (6 + 5) / 12][0m
[0m[[31merror[0m] [0m                                                                                [0m
[0m[[31merror[0m] [0m[0m
[0m[[31merror[0m] [0m[Stage 19116:============================================>        (10 + 2) / 12][0m
[0m[[31merror[0m] [0m                                                                                [0m
[0m[[31merror[0m] [0m[0m
[0m[[31merror[0m] [0m[Stage 19118:===========================>                          (6 + 4) / 12][0m
[0m[[31merror[0m] [0m                                                                                [0m
[0m[[31merror[0m] [0m[0m
[0m[[31merror[0m] [0m[Stage 19120:===========================>                          (6 + 5) / 12][0m
[0m[[31merror[0m] [0m                                                                                [0m
[0m[[31merror[0m] [0m[0m
[0m[[31merror[0m] [0m[Stage 19122:============================================>        (10 + 2) / 12][0m
[0m[[31merror[0m] [0m                                                                                [0m
[0m[[31merror[0m] [0m[0m
[0m[[31merror[0m] [0m[Stage 19124:============================================>        (10 + 2) / 12][0m
[0m[[31merror[0m] [0m                                                                                [0m
[0m[[31merror[0m] [0m[0m
[0m[[31merror[0m] [0m[Stage 19126:==================>                                   (4 + 6) / 12][0m
[0m[[31merror[0m] [0m                                                                                [0m
[0m[[31merror[0m] [0m[0m
[0m[[31merror[0m] [0m[Stage 19128:===========================>                          (6 + 4) / 12][0m
[0m[[31merror[0m] [0m                                                                                [0m
[0m[[31merror[0m] [0m[0m
[0m[[31merror[0m] [0m[Stage 19130:========================================>             (9 + 3) / 12][0m
[0m[[31merror[0m] [0m                                                                                [0m
[0m[[31merror[0m] [0m[0m
[0m[[31merror[0m] [0m[Stage 19132:==================>                                   (4 + 5) / 12][0m
[0m[[31merror[0m] [0m[Stage 19132:================================================>    (11 + 1) / 12][0m
[0m[[31merror[0m] [0m                                                                                [0m
[0m[[31merror[0m] [0m[0m
[0m[[31merror[0m] [0m[Stage 19134:===========================>                          (6 + 4) / 12][0m
[0m[[31merror[0m] [0m                                                                                [0m
[0m[[31merror[0m] [0m[0m
[0m[[31merror[0m] [0m[Stage 19136:===============================>                      (7 + 4) / 12][0m
[0m[[31merror[0m] [0m                                                                                [0m
[0m[[31merror[0m] [0m[0m
[0m[[31merror[0m] [0m[Stage 19138:================================================>    (11 + 1) / 12][0m
[0m[[31merror[0m] [0m                                                                                [0m
[0m[[31merror[0m] [0m[0m
[0m[[31merror[0m] [0m[Stage 19140:===========================>                          (6 + 4) / 12][0m
[0m[[31merror[0m] [0m                                                                                [0m
[0m[[31merror[0m] [0m[0m
[0m[[31merror[0m] [0m[Stage 19142:===============================>                      (7 + 4) / 12][0m
[0m[[31merror[0m] [0m                                                                                [0m
[0m[[31merror[0m] [0m[0m
[0m[[31merror[0m] [0m[Stage 19144:========================================>             (9 + 3) / 12][0m
[0m[[31merror[0m] [0m                                                                                [0m
[0m[[31merror[0m] [0m[0m
[0m[[31merror[0m] [0m[Stage 19146:======================>                               (5 + 4) / 12][0m
[0m[[31merror[0m] [0m[Stage 19146:================================================>    (11 + 1) / 12][0m
[0m[[31merror[0m] [0m                                                                                [0m
[0m[[31merror[0m] [0m[0m
[0m[[31merror[0m] [0m[Stage 19148:==================>                                   (4 + 5) / 12][0m
[0m[[31merror[0m] [0m[Stage 19148:================================================>    (11 + 1) / 12][0m
[0m[[31merror[0m] [0m                                                                                [0m
[0m[[31merror[0m] [0m[0m
[0m[[31merror[0m] [0m[Stage 19150:===========================>                          (6 + 4) / 12][0m
[0m[[31merror[0m] [0m                                                                                [0m
[0m[[31merror[0m] [0m[0m
[0m[[31merror[0m] [0m[Stage 19152:============================================>        (10 + 2) / 12][0m
[0m[[31merror[0m] [0m                                                                                [0m
[0m[[31merror[0m] [0m[0m
[0m[[31merror[0m] [0m[Stage 19154:======================>                               (5 + 4) / 12][0m
[0m[[31merror[0m] [0m                                                                                [0m
[0m[[31merror[0m] [0m[0m
[0m[[31merror[0m] [0m[Stage 19156:===========================>                          (6 + 5) / 12][0m
[0m[[31merror[0m] [0m                                                                                [0m
[0m[[31merror[0m] [0m[0m
[0m[[31merror[0m] [0m[Stage 19158:============================================>        (10 + 2) / 12][0m
[0m[[31merror[0m] [0m                                                                                [0m
[0m[[31merror[0m] [0m[0m
[0m[[31merror[0m] [0m[Stage 19160:======================>                               (5 + 4) / 12][0m
[0m[[31merror[0m] [0m[Stage 19160:================================================>    (11 + 1) / 12][0m
[0m[[31merror[0m] [0m                                                                                [0m
[0m[[31merror[0m] [0m[0m
[0m[[31merror[0m] [0m[Stage 19162:===========================>                          (6 + 5) / 12][0m
[0m[[31merror[0m] [0m                                                                                [0m
[0m[[31merror[0m] [0m[0m
[0m[[31merror[0m] [0m[Stage 19164:===============================>                      (7 + 4) / 12][0m
[0m[[31merror[0m] [0m                                                                                [0m
[0m[[31merror[0m] [0m[0m
[0m[[31merror[0m] [0m[Stage 19166:==================>                                   (4 + 7) / 12][0m
[0m[[31merror[0m] [0m                                                                                [0m
[0m[[31merror[0m] [0m[0m
[0m[[31merror[0m] [0m[Stage 19168:================================================>    (11 + 1) / 12][0m
[0m[[31merror[0m] [0m                                                                                [0m
[0m[[31merror[0m] [0m[0m
[0m[[31merror[0m] [0m[Stage 19170:======================>                               (5 + 5) / 12][0m
[0m[[31merror[0m] [0m                                                                                [0m
[0m[[31merror[0m] [0m[0m
[0m[[31merror[0m] [0m[Stage 19172:===========================>                          (6 + 5) / 12][0m
[0m[[31merror[0m] [0m                                                                                [0m
[0m[[31merror[0m] [0m[0m
[0m[[31merror[0m] [0m[Stage 19174:===========================>                          (6 + 5) / 12][0m
[0m[[31merror[0m] [0m                                                                                [0m
[0m[[31merror[0m] [0m[0m
[0m[[31merror[0m] [0m[Stage 19176:============================================>        (10 + 2) / 12][0m
[0m[[31merror[0m] [0m                                                                                [0m
[0m[[31merror[0m] [0m[0m
[0m[[31merror[0m] [0m[Stage 19178:======================>                               (5 + 5) / 12][0m
[0m[[31merror[0m] [0m                                                                                [0m
[0m[[31merror[0m] [0m[0m
[0m[[31merror[0m] [0m[Stage 19180:===============================>                      (7 + 4) / 12][0m
[0m[[31merror[0m] [0m                                                                                [0m
[0m[[31merror[0m] [0m[0m
[0m[[31merror[0m] [0m[Stage 19182:================================================>    (11 + 1) / 12][0m
[0m[[31merror[0m] [0m                                                                                [0m
[0m[[31merror[0m] [0m[0m
[0m[[31merror[0m] [0m[Stage 19184:===============================>                      (7 + 4) / 12][0m
[0m[[31merror[0m] [0m                                                                                [0m
[0m[[31merror[0m] [0m[0m
[0m[[31merror[0m] [0m[Stage 19186:========================================>             (9 + 3) / 12][0m
[0m[[31merror[0m] [0m                                                                                [0m
[0m[[31merror[0m] [0m[0m
[0m[[31merror[0m] [0m[Stage 19188:============================================>        (10 + 2) / 12][0m
[0m[[31merror[0m] [0m                                                                                [0m
[0m[[31merror[0m] [0m[0m
[0m[[31merror[0m] [0m[Stage 19190:======================>                               (5 + 4) / 12][0m
[0m[[31merror[0m] [0m[Stage 19190:===========================>                          (6 + 4) / 12][0m
[0m[[31merror[0m] [0m                                                                                [0m
[0m[[31merror[0m] [0m[0m
[0m[[31merror[0m] [0m[Stage 19192:===============================>                      (7 + 4) / 12][0m
[0m[[31merror[0m] [0m                                                                                [0m
[0m[[31merror[0m] [0m[0m
[0m[[31merror[0m] [0m[Stage 19194:========================================>             (9 + 3) / 12][0m
[0m[[31merror[0m] [0m                                                                                [0m
[0m[[31merror[0m] [0m[0m
[0m[[31merror[0m] [0m[Stage 19196:===========================>                          (6 + 4) / 12][0m
[0m[[31merror[0m] [0m                                                                                [0m
[0m[[31merror[0m] [0m[0m
[0m[[31merror[0m] [0m[Stage 19198:======================>                               (5 + 6) / 12][0m
[0m[[31merror[0m] [0m                                                                                [0m
[0m[[31merror[0m] [0m[0m
[0m[[31merror[0m] [0m[Stage 19200:========================================>             (9 + 3) / 12][0m
[0m[[31merror[0m] [0m                                                                                [0m
[0m[[31merror[0m] [0m[0m
[0m[[31merror[0m] [0m[Stage 19202:===========================>                          (6 + 4) / 12][0m
[0m[[31merror[0m] [0m                                                                                [0m
[0m[[31merror[0m] [0m[0m
[0m[[31merror[0m] [0m[Stage 19204:===========================>                          (6 + 4) / 12][0m
[0m[[31merror[0m] [0m                                                                                [0m
[0m[[31merror[0m] [0m[0m
[0m[[31merror[0m] [0m[Stage 19206:============================================>        (10 + 2) / 12][0m
[0m[[31merror[0m] [0m                                                                                [0m
[0m[[31merror[0m] [0m[0m
[0m[[31merror[0m] [0m[Stage 19208:======================>                               (5 + 4) / 12][0m
[0m[[31merror[0m] [0m                                                                                [0m
[0m[[31merror[0m] [0m[0m
[0m[[31merror[0m] [0m[Stage 19210:===========================>                          (6 + 4) / 12][0m
[0m[[0minfo[0m] [0m		Elapsed time: 744.532121ms[0m
[0m[[31merror[0m] [0m                                                                                [0m
[0m[[32msuccess[0m] [0mTotal time: 2346 s, completed Apr 24, 2015 9:46:04 PM[0m
